Archive member included to satisfy reference by file (symbol)

c:/st/stm32cubeide_1.4.0/stm32cubeide/plugins/com.st.stm32cube.ide.mcu.externaltools.gnu-tools-for-stm32.7-2018-q2-update.win32_1.4.0.202007081208/tools/bin/../lib/gcc/arm-none-eabi/7.3.1/../../../../arm-none-eabi/lib/thumb/v7-m\libc_nano.a(lib_a-errno.o)
                              Core/Src/syscalls.o (__errno)
c:/st/stm32cubeide_1.4.0/stm32cubeide/plugins/com.st.stm32cube.ide.mcu.externaltools.gnu-tools-for-stm32.7-2018-q2-update.win32_1.4.0.202007081208/tools/bin/../lib/gcc/arm-none-eabi/7.3.1/../../../../arm-none-eabi/lib/thumb/v7-m\libc_nano.a(lib_a-exit.o)
                              c:/st/stm32cubeide_1.4.0/stm32cubeide/plugins/com.st.stm32cube.ide.mcu.externaltools.gnu-tools-for-stm32.7-2018-q2-update.win32_1.4.0.202007081208/tools/bin/../lib/gcc/arm-none-eabi/7.3.1/../../../../arm-none-eabi/lib/thumb/v7-m/crt0.o (exit)
c:/st/stm32cubeide_1.4.0/stm32cubeide/plugins/com.st.stm32cube.ide.mcu.externaltools.gnu-tools-for-stm32.7-2018-q2-update.win32_1.4.0.202007081208/tools/bin/../lib/gcc/arm-none-eabi/7.3.1/../../../../arm-none-eabi/lib/thumb/v7-m\libc_nano.a(lib_a-impure.o)
                              c:/st/stm32cubeide_1.4.0/stm32cubeide/plugins/com.st.stm32cube.ide.mcu.externaltools.gnu-tools-for-stm32.7-2018-q2-update.win32_1.4.0.202007081208/tools/bin/../lib/gcc/arm-none-eabi/7.3.1/../../../../arm-none-eabi/lib/thumb/v7-m\libc_nano.a(lib_a-exit.o) (_global_impure_ptr)
c:/st/stm32cubeide_1.4.0/stm32cubeide/plugins/com.st.stm32cube.ide.mcu.externaltools.gnu-tools-for-stm32.7-2018-q2-update.win32_1.4.0.202007081208/tools/bin/../lib/gcc/arm-none-eabi/7.3.1/../../../../arm-none-eabi/lib/thumb/v7-m\libc_nano.a(lib_a-init.o)
                              c:/st/stm32cubeide_1.4.0/stm32cubeide/plugins/com.st.stm32cube.ide.mcu.externaltools.gnu-tools-for-stm32.7-2018-q2-update.win32_1.4.0.202007081208/tools/bin/../lib/gcc/arm-none-eabi/7.3.1/../../../../arm-none-eabi/lib/thumb/v7-m/crt0.o (__libc_init_array)
c:/st/stm32cubeide_1.4.0/stm32cubeide/plugins/com.st.stm32cube.ide.mcu.externaltools.gnu-tools-for-stm32.7-2018-q2-update.win32_1.4.0.202007081208/tools/bin/../lib/gcc/arm-none-eabi/7.3.1/../../../../arm-none-eabi/lib/thumb/v7-m\libc_nano.a(lib_a-malloc.o)
                              Core/Src/Adafruit_GFX.o (malloc)
c:/st/stm32cubeide_1.4.0/stm32cubeide/plugins/com.st.stm32cube.ide.mcu.externaltools.gnu-tools-for-stm32.7-2018-q2-update.win32_1.4.0.202007081208/tools/bin/../lib/gcc/arm-none-eabi/7.3.1/../../../../arm-none-eabi/lib/thumb/v7-m\libc_nano.a(lib_a-memset.o)
                              c:/st/stm32cubeide_1.4.0/stm32cubeide/plugins/com.st.stm32cube.ide.mcu.externaltools.gnu-tools-for-stm32.7-2018-q2-update.win32_1.4.0.202007081208/tools/bin/../lib/gcc/arm-none-eabi/7.3.1/../../../../arm-none-eabi/lib/thumb/v7-m/crt0.o (memset)
c:/st/stm32cubeide_1.4.0/stm32cubeide/plugins/com.st.stm32cube.ide.mcu.externaltools.gnu-tools-for-stm32.7-2018-q2-update.win32_1.4.0.202007081208/tools/bin/../lib/gcc/arm-none-eabi/7.3.1/../../../../arm-none-eabi/lib/thumb/v7-m\libc_nano.a(lib_a-nano-freer.o)
                              c:/st/stm32cubeide_1.4.0/stm32cubeide/plugins/com.st.stm32cube.ide.mcu.externaltools.gnu-tools-for-stm32.7-2018-q2-update.win32_1.4.0.202007081208/tools/bin/../lib/gcc/arm-none-eabi/7.3.1/../../../../arm-none-eabi/lib/thumb/v7-m\libc_nano.a(lib_a-malloc.o) (_free_r)
c:/st/stm32cubeide_1.4.0/stm32cubeide/plugins/com.st.stm32cube.ide.mcu.externaltools.gnu-tools-for-stm32.7-2018-q2-update.win32_1.4.0.202007081208/tools/bin/../lib/gcc/arm-none-eabi/7.3.1/../../../../arm-none-eabi/lib/thumb/v7-m\libc_nano.a(lib_a-nano-mallocr.o)
                              c:/st/stm32cubeide_1.4.0/stm32cubeide/plugins/com.st.stm32cube.ide.mcu.externaltools.gnu-tools-for-stm32.7-2018-q2-update.win32_1.4.0.202007081208/tools/bin/../lib/gcc/arm-none-eabi/7.3.1/../../../../arm-none-eabi/lib/thumb/v7-m\libc_nano.a(lib_a-malloc.o) (_malloc_r)
c:/st/stm32cubeide_1.4.0/stm32cubeide/plugins/com.st.stm32cube.ide.mcu.externaltools.gnu-tools-for-stm32.7-2018-q2-update.win32_1.4.0.202007081208/tools/bin/../lib/gcc/arm-none-eabi/7.3.1/../../../../arm-none-eabi/lib/thumb/v7-m\libc_nano.a(lib_a-sbrkr.o)
                              c:/st/stm32cubeide_1.4.0/stm32cubeide/plugins/com.st.stm32cube.ide.mcu.externaltools.gnu-tools-for-stm32.7-2018-q2-update.win32_1.4.0.202007081208/tools/bin/../lib/gcc/arm-none-eabi/7.3.1/../../../../arm-none-eabi/lib/thumb/v7-m\libc_nano.a(lib_a-nano-mallocr.o) (_sbrk_r)
c:/st/stm32cubeide_1.4.0/stm32cubeide/plugins/com.st.stm32cube.ide.mcu.externaltools.gnu-tools-for-stm32.7-2018-q2-update.win32_1.4.0.202007081208/tools/bin/../lib/gcc/arm-none-eabi/7.3.1/../../../../arm-none-eabi/lib/thumb/v7-m\libc_nano.a(lib_a-strlen.o)
                              Core/Src/Adafruit_GFX.o (strlen)
[...]
Memory Configuration

Name             Origin             Length             Attributes
RAM              0x0000000020000000 0x0000000000005000 xrw
FLASH            0x0000000008000000 0x0000000000010000 xr
*default*        0x0000000000000000 0xffffffffffffffff

Linker script and memory map

LOAD c:/st/stm32cubeide_1.4.0/stm32cubeide/plugins/com.st.stm32cube.ide.mcu.externaltools.gnu-tools-for-stm32.7-2018-q2-update.win32_1.4.0.202007081208/tools/bin/../lib/gcc/arm-none-eabi/7.3.1/thumb/v7-m/crti.o
LOAD c:/st/stm32cubeide_1.4.0/stm32cubeide/plugins/com.st.stm32cube.ide.mcu.externaltools.gnu-tools-for-stm32.7-2018-q2-update.win32_1.4.0.202007081208/tools/bin/../lib/gcc/arm-none-eabi/7.3.1/thumb/v7-m/crtbegin.o
LOAD c:/st/stm32cubeide_1.4.0/stm32cubeide/plugins/com.st.stm32cube.ide.mcu.externaltools.gnu-tools-for-stm32.7-2018-q2-update.win32_1.4.0.202007081208/tools/bin/../lib/gcc/arm-none-eabi/7.3.1/../../../../arm-none-eabi/lib/thumb/v7-m/crt0.o
LOAD Core/Src/Adafruit_GFX.o
LOAD Core/Src/GUI.o
LOAD Core/Src/glcdfont.o
LOAD Core/Src/lcd.o
LOAD Core/Src/main.o
LOAD Core/Src/stm32f1xx_hal_msp.o
LOAD Core/Src/stm32f1xx_it.o
LOAD Core/Src/syscalls.o
LOAD Core/Src/sysmem.o
LOAD Core/Src/system_stm32f1xx.o
LOAD Core/Src/test.o
LOAD Core/Startup/startup_stm32f103c8tx.o
LOAD Drivers/STM32F1xx_HAL_Driver/Src/stm32f1xx_hal.o
LOAD Drivers/STM32F1xx_HAL_Driver/Src/stm32f1xx_hal_cortex.o
LOAD Drivers/STM32F1xx_HAL_Driver/Src/stm32f1xx_hal_dma.o
LOAD Drivers/STM32F1xx_HAL_Driver/Src/stm32f1xx_hal_exti.o
LOAD Drivers/STM32F1xx_HAL_Driver/Src/stm32f1xx_hal_flash.o
LOAD Drivers/STM32F1xx_HAL_Driver/Src/stm32f1xx_hal_flash_ex.o
LOAD Drivers/STM32F1xx_HAL_Driver/Src/stm32f1xx_hal_gpio.o
LOAD Drivers/STM32F1xx_HAL_Driver/Src/stm32f1xx_hal_gpio_ex.o
LOAD Drivers/STM32F1xx_HAL_Driver/Src/stm32f1xx_hal_pwr.o
LOAD Drivers/STM32F1xx_HAL_Driver/Src/stm32f1xx_hal_rcc.o
LOAD Drivers/STM32F1xx_HAL_Driver/Src/stm32f1xx_hal_rcc_ex.o
LOAD Drivers/STM32F1xx_HAL_Driver/Src/stm32f1xx_hal_tim.o
LOAD Drivers/STM32F1xx_HAL_Driver/Src/stm32f1xx_hal_tim_ex.o
LOAD Drivers/STM32F1xx_HAL_Driver/Src/stm32f1xx_hal_uart.o
START GROUP
LOAD c:/st/stm32cubeide_1.4.0/stm32cubeide/plugins/com.st.stm32cube.ide.mcu.externaltools.gnu-tools-for-stm32.7-2018-q2-update.win32_1.4.0.202007081208/tools/bin/../lib/gcc/arm-none-eabi/7.3.1/../../../../arm-none-eabi/lib/thumb/v7-m\libc_nano.a
LOAD c:/st/stm32cubeide_1.4.0/stm32cubeide/plugins/com.st.stm32cube.ide.mcu.externaltools.gnu-tools-for-stm32.7-2018-q2-update.win32_1.4.0.202007081208/tools/bin/../lib/gcc/arm-none-eabi/7.3.1/../../../../arm-none-eabi/lib/thumb/v7-m\libm.a
END GROUP
START GROUP
LOAD c:/st/stm32cubeide_1.4.0/stm32cubeide/plugins/com.st.stm32cube.ide.mcu.externaltools.gnu-tools-for-stm32.7-2018-q2-update.win32_1.4.0.202007081208/tools/bin/../lib/gcc/arm-none-eabi/7.3.1/thumb/v7-m\libgcc.a
LOAD c:/st/stm32cubeide_1.4.0/stm32cubeide/plugins/com.st.stm32cube.ide.mcu.externaltools.gnu-tools-for-stm32.7-2018-q2-update.win32_1.4.0.202007081208/tools/bin/../lib/gcc/arm-none-eabi/7.3.1/../../../../arm-none-eabi/lib/thumb/v7-m\libc_nano.a
END GROUP
START GROUP
LOAD c:/st/stm32cubeide_1.4.0/stm32cubeide/plugins/com.st.stm32cube.ide.mcu.externaltools.gnu-tools-for-stm32.7-2018-q2-update.win32_1.4.0.202007081208/tools/bin/../lib/gcc/arm-none-eabi/7.3.1/thumb/v7-m\libgcc.a
LOAD c:/st/stm32cubeide_1.4.0/stm32cubeide/plugins/com.st.stm32cube.ide.mcu.externaltools.gnu-tools-for-stm32.7-2018-q2-update.win32_1.4.0.202007081208/tools/bin/../lib/gcc/arm-none-eabi/7.3.1/../../../../arm-none-eabi/lib/thumb/v7-m\libc_nano.a
LOAD c:/st/stm32cubeide_1.4.0/stm32cubeide/plugins/com.st.stm32cube.ide.mcu.externaltools.gnu-tools-for-stm32.7-2018-q2-update.win32_1.4.0.202007081208/tools/bin/../lib/gcc/arm-none-eabi/7.3.1/../../../../arm-none-eabi/lib/thumb/v7-m\libnosys.a
END GROUP
START GROUP
LOAD c:/st/stm32cubeide_1.4.0/stm32cubeide/plugins/com.st.stm32cube.ide.mcu.externaltools.gnu-tools-for-stm32.7-2018-q2-update.win32_1.4.0.202007081208/tools/bin/../lib/gcc/arm-none-eabi/7.3.1/thumb/v7-m\libgcc.a
LOAD c:/st/stm32cubeide_1.4.0/stm32cubeide/plugins/com.st.stm32cube.ide.mcu.externaltools.gnu-tools-for-stm32.7-2018-q2-update.win32_1.4.0.202007081208/tools/bin/../lib/gcc/arm-none-eabi/7.3.1/../../../../arm-none-eabi/lib/thumb/v7-m\libc_nano.a
LOAD c:/st/stm32cubeide_1.4.0/stm32cubeide/plugins/com.st.stm32cube.ide.mcu.externaltools.gnu-tools-for-stm32.7-2018-q2-update.win32_1.4.0.202007081208/tools/bin/../lib/gcc/arm-none-eabi/7.3.1/../../../../arm-none-eabi/lib/thumb/v7-m\libnosys.a
END GROUP
LOAD c:/st/stm32cubeide_1.4.0/stm32cubeide/plugins/com.st.stm32cube.ide.mcu.externaltools.gnu-tools-for-stm32.7-2018-q2-update.win32_1.4.0.202007081208/tools/bin/../lib/gcc/arm-none-eabi/7.3.1/thumb/v7-m/crtend.o
LOAD c:/st/stm32cubeide_1.4.0/stm32cubeide/plugins/com.st.stm32cube.ide.mcu.externaltools.gnu-tools-for-stm32.7-2018-q2-update.win32_1.4.0.202007081208/tools/bin/../lib/gcc/arm-none-eabi/7.3.1/thumb/v7-m/crtn.o
                0x0000000020005000                _estack = (ORIGIN (RAM) + LENGTH (RAM))
                0x0000000000000200                _Min_Heap_Size = 0x200
                0x0000000000000400                _Min_Stack_Size = 0x400

.isr_vector     0x0000000008000000      0x10c
                0x0000000008000000                . = ALIGN (0x4)
 *(.isr_vector)
 .isr_vector    0x0000000008000000      0x10c Core/Startup/startup_stm32f103c8tx.o
                0x0000000008000000                g_pfnVectors
                0x000000000800010c                . = ALIGN (0x4)

.text           0x0000000008000110     0x3e1c
                0x0000000008000110                . = ALIGN (0x4)
 *(.text)
 .text          0x0000000008000110       0x40 c:/st/stm32cubeide_1.4.0/stm32cubeide/plugins/com.st.stm32cube.ide.mcu.externaltools.gnu-tools-for-stm32.7-2018-q2-update.win32_1.4.0.202007081208/tools/bin/../lib/gcc/arm-none-eabi/7.3.1/thumb/v7-m/crtbegin.o
 .text          0x0000000008000150       0x10 c:/st/stm32cubeide_1.4.0/stm32cubeide/plugins/com.st.stm32cube.ide.mcu.externaltools.gnu-tools-for-stm32.7-2018-q2-update.win32_1.4.0.202007081208/tools/bin/../lib/gcc/arm-none-eabi/7.3.1/../../../../arm-none-eabi/lib/thumb/v7-m\libc_nano.a(lib_a-strlen.o)
                0x0000000008000150                strlen
 .text          0x0000000008000160      0x378 c:/st/stm32cubeide_1.4.0/stm32cubeide/plugins/com.st.stm32cube.ide.mcu.externaltools.gnu-tools-for-stm32.7-2018-q2-update.win32_1.4.0.202007081208/tools/bin/../lib/gcc/arm-none-eabi/7.3.1/thumb/v7-m\libgcc.a(_arm_addsubdf3.o)
                0x0000000008000160                __aeabi_drsub
                0x0000000008000168                __aeabi_dsub
                0x0000000008000168                __subdf3
                0x000000000800016c                __aeabi_dadd
                0x000000000800016c                __adddf3
                0x00000000080003e4                __floatunsidf
                0x00000000080003e4                __aeabi_ui2d
                0x0000000008000404                __floatsidf
                0x0000000008000404                __aeabi_i2d
                0x0000000008000428                __aeabi_f2d
                0x0000000008000428                __extendsfdf2
                0x000000000800046c                __floatundidf
                0x000000000800046c                __aeabi_ul2d
                0x000000000800047c                __floatdidf
                0x000000000800047c                __aeabi_l2d
 .text          0x00000000080004d8      0x424 c:/st/stm32cubeide_1.4.0/stm32cubeide/plugins/com.st.stm32cube.ide.mcu.externaltools.gnu-tools-for-stm32.7-2018-q2-update.win32_1.4.0.202007081208/tools/bin/../lib/gcc/arm-none-eabi/7.3.1/thumb/v7-m\libgcc.a(_arm_muldivdf3.o)
                0x00000000080004d8                __aeabi_dmul
                0x00000000080004d8                __muldf3
                0x000000000800072c                __divdf3
                0x000000000800072c                __aeabi_ddiv
 .text          0x00000000080008fc       0x50 c:/st/stm32cubeide_1.4.0/stm32cubeide/plugins/com.st.stm32cube.ide.mcu.externaltools.gnu-tools-for-stm32.7-2018-q2-update.win32_1.4.0.202007081208/tools/bin/../lib/gcc/arm-none-eabi/7.3.1/thumb/v7-m\libgcc.a(_arm_fixdfsi.o)
                0x00000000080008fc                __aeabi_d2iz
                0x00000000080008fc                __fixdfsi
 *(.text*)
 .text.pgm_read_glyph_ptr
                0x000000000800094c       0x20 Core/Src/Adafruit_GFX.o
                0x000000000800094c                pgm_read_glyph_ptr
 .text.pgm_read_bitmap_ptr
                0x000000000800096c       0x16 Core/Src/Adafruit_GFX.o
                0x000000000800096c                pgm_read_bitmap_ptr
 *fill*         0x0000000008000982        0x2 
 .text.gfx_setCursor
                0x0000000008000984       0x30 Core/Src/Adafruit_GFX.o
                0x0000000008000984                gfx_setCursor
 .text.gfx_setTextColor
                0x00000000080009b4       0x2c Core/Src/Adafruit_GFX.o
                0x00000000080009b4                gfx_setTextColor
 .text.gfx_init
                0x00000000080009e0       0x9c Core/Src/Adafruit_GFX.o
                0x00000000080009e0                gfx_init
 .text.gfx_writeLine
                0x0000000008000a7c      0x142 Core/Src/Adafruit_GFX.o
                0x0000000008000a7c                gfx_writeLine
 .text.gfx_startWrite
                0x0000000008000bbe        0xc Core/Src/Adafruit_GFX.o
                0x0000000008000bbe                gfx_startWrite
 .text.gfx_writePixel
                0x0000000008000bca       0x2a Core/Src/Adafruit_GFX.o
                0x0000000008000bca                gfx_writePixel
 .text.gfx_writeFastVLine
                0x0000000008000bf4       0x38 Core/Src/Adafruit_GFX.o
                0x0000000008000bf4                gfx_writeFastVLine
 .text.gfx_writeFastHLine
                0x0000000008000c2c       0x38 Core/Src/Adafruit_GFX.o
                0x0000000008000c2c                gfx_writeFastHLine
 .text.gfx_writeFillRect
                0x0000000008000c64       0x40 Core/Src/Adafruit_GFX.o
                0x0000000008000c64                gfx_writeFillRect
 .text.gfx_endWrite
                0x0000000008000ca4        0xc Core/Src/Adafruit_GFX.o
                0x0000000008000ca4                gfx_endWrite
 .text.gfx_drawFastVLine
                0x0000000008000cb0       0x52 Core/Src/Adafruit_GFX.o
                0x0000000008000cb0                gfx_drawFastVLine
 .text.gfx_drawFastHLine
                0x0000000008000d02       0x52 Core/Src/Adafruit_GFX.o
                0x0000000008000d02                gfx_drawFastHLine
 .text.gfx_fillScreen
                0x0000000008000d54       0x34 Core/Src/Adafruit_GFX.o
                0x0000000008000d54                gfx_fillScreen
 .text.gfx_drawCircleHelper
                0x0000000008000d88      0x1a6 Core/Src/Adafruit_GFX.o
                0x0000000008000d88                gfx_drawCircleHelper
 .text.gfx_fillCircleHelper
                0x0000000008000f2e      0x19c Core/Src/Adafruit_GFX.o
                0x0000000008000f2e                gfx_fillCircleHelper
 .text.gfx_drawRoundRect
                0x00000000080010ca      0x1a2 Core/Src/Adafruit_GFX.o
                0x00000000080010ca                gfx_drawRoundRect
 .text.gfx_fillRoundRect
                0x000000000800126c       0xfa Core/Src/Adafruit_GFX.o
                0x000000000800126c                gfx_fillRoundRect
 *fill*         0x0000000008001366        0x2 
 .text.gfx_drawChar1
                0x0000000008001368      0x418 Core/Src/Adafruit_GFX.o
                0x0000000008001368                gfx_drawChar1
 .text.gfx_write
                0x0000000008001780      0x254 Core/Src/Adafruit_GFX.o
                0x0000000008001780                gfx_write
 .text.gfx_print
                0x00000000080019d4       0x2a Core/Src/Adafruit_GFX.o
                0x00000000080019d4                gfx_print
 *fill*         0x00000000080019fe        0x2 
 .text.gfx_setTextSize1
                0x0000000008001a00       0x44 Core/Src/Adafruit_GFX.o
                0x0000000008001a00                gfx_setTextSize1
 .text.gfx_setFont
                0x0000000008001a44       0x5c Core/Src/Adafruit_GFX.o
                0x0000000008001a44                gfx_setFont
 .text.gfx_btn_initButton
                0x0000000008001aa0       0x62 Core/Src/Adafruit_GFX.o
                0x0000000008001aa0                gfx_btn_initButton
 .text.gfx_btn_initButtonUL
                0x0000000008001b02       0x54 Core/Src/Adafruit_GFX.o
                0x0000000008001b02                gfx_btn_initButtonUL
 *fill*         0x0000000008001b56        0x2 
 .text.gfx_btn_initButtonUL1
                0x0000000008001b58       0x94 Core/Src/Adafruit_GFX.o
                0x0000000008001b58                gfx_btn_initButtonUL1
 *fill*         0x0000000008001bec        0x4 
 .text.gfx_btn_drawButton
                0x0000000008001bf0      0x1f4 Core/Src/Adafruit_GFX.o
                0x0000000008001bf0                gfx_btn_drawButton
 .text.Get_Width
                0x0000000008001de4       0x18 Core/Src/GUI.o
                0x0000000008001de4                Get_Width
 .text.Get_Height
                0x0000000008001dfc       0x18 Core/Src/GUI.o
                0x0000000008001dfc                Get_Height
 .text.Draw_Pixe
                0x0000000008001e14       0x60 Core/Src/GUI.o
                0x0000000008001e14                Draw_Pixe
 .text.Fill_Rect
                0x0000000008001e74      0x132 Core/Src/GUI.o
                0x0000000008001e74                Fill_Rect
 *fill*         0x0000000008001fa6        0x2 
 .text.LCD_write
                0x0000000008001fa8       0x34 Core/Src/lcd.o
                0x0000000008001fa8                LCD_write
 .text.LCD_WR_REG
                0x0000000008001fdc       0x28 Core/Src/lcd.o
                0x0000000008001fdc                LCD_WR_REG
 .text.LCD_WR_DATA
                0x0000000008002004       0x28 Core/Src/lcd.o
                0x0000000008002004                LCD_WR_DATA
 .text.LCD_WriteReg
                0x000000000800202c       0x28 Core/Src/lcd.o
                0x000000000800202c                LCD_WriteReg
 .text.LCD_WriteRAM_Prepare
                0x0000000008002054       0x18 Core/Src/lcd.o
                0x0000000008002054                LCD_WriteRAM_Prepare
 .text.Lcd_WriteData_16Bit
                0x000000000800206c       0x28 Core/Src/lcd.o
                0x000000000800206c                Lcd_WriteData_16Bit
 .text.LCD_Clear
                0x0000000008002094       0x68 Core/Src/lcd.o
                0x0000000008002094                LCD_Clear
 .text.LCD_RESET
                0x00000000080020fc       0x2c Core/Src/lcd.o
                0x00000000080020fc                LCD_RESET
 .text.LCD_Init
                0x0000000008002128      0x1d0 Core/Src/lcd.o
                0x0000000008002128                LCD_Init
 .text.LCD_SetWindows
                0x00000000080022f8       0xa4 Core/Src/lcd.o
                0x00000000080022f8                LCD_SetWindows
 .text.LCD_direction
                0x000000000800239c       0xb0 Core/Src/lcd.o
                0x000000000800239c                LCD_direction
 .text.main     0x000000000800244c      0x120 Core/Src/main.o
                0x000000000800244c                main
 .text.SystemClock_Config
                0x000000000800256c       0x82 Core/Src/main.o
                0x000000000800256c                SystemClock_Config
 *fill*         0x00000000080025ee        0x2 
 .text.MX_USART1_UART_Init
                0x00000000080025f0       0x54 Core/Src/main.o
 .text.MX_GPIO_Init
                0x0000000008002644       0xf0 Core/Src/main.o
 .text.Error_Handler
                0x0000000008002734        0xc Core/Src/main.o
                0x0000000008002734                Error_Handler
 .text.HAL_MspInit
                0x0000000008002740       0x64 Core/Src/stm32f1xx_hal_msp.o
                0x0000000008002740                HAL_MspInit
 .text.HAL_UART_MspInit
                0x00000000080027a4       0xa8 Core/Src/stm32f1xx_hal_msp.o
                0x00000000080027a4                HAL_UART_MspInit
 .text.NMI_Handler
                0x000000000800284c        0xc Core/Src/stm32f1xx_it.o
                0x000000000800284c                NMI_Handler
 .text.HardFault_Handler
                0x0000000008002858        0x6 Core/Src/stm32f1xx_it.o
                0x0000000008002858                HardFault_Handler
 .text.MemManage_Handler
                0x000000000800285e        0x6 Core/Src/stm32f1xx_it.o
                0x000000000800285e                MemManage_Handler
 .text.BusFault_Handler
                0x0000000008002864        0x6 Core/Src/stm32f1xx_it.o
                0x0000000008002864                BusFault_Handler
 .text.UsageFault_Handler
                0x000000000800286a        0x6 Core/Src/stm32f1xx_it.o
                0x000000000800286a                UsageFault_Handler
 .text.SVC_Handler
                0x0000000008002870        0xc Core/Src/stm32f1xx_it.o
                0x0000000008002870                SVC_Handler
 .text.DebugMon_Handler
                0x000000000800287c        0xc Core/Src/stm32f1xx_it.o
                0x000000000800287c                DebugMon_Handler
 .text.PendSV_Handler
                0x0000000008002888        0xc Core/Src/stm32f1xx_it.o
                0x0000000008002888                PendSV_Handler
 .text.SysTick_Handler
                0x0000000008002894        0xc Core/Src/stm32f1xx_it.o
                0x0000000008002894                SysTick_Handler
 .text.USART1_IRQHandler
                0x00000000080028a0       0x14 Core/Src/stm32f1xx_it.o
                0x00000000080028a0                USART1_IRQHandler
 .text.SystemInit
                0x00000000080028b4        0xc Core/Src/system_stm32f1xx.o
                0x00000000080028b4                SystemInit
 .text.Reset_Handler
                0x00000000080028c0       0x48 Core/Startup/startup_stm32f103c8tx.o
                0x00000000080028c0                Reset_Handler
 .text.Default_Handler
                0x0000000008002908        0x2 Core/Startup/startup_stm32f103c8tx.o
                0x0000000008002908                RTC_Alarm_IRQHandler
                0x0000000008002908                EXTI2_IRQHandler
                0x0000000008002908                TIM1_CC_IRQHandler
                0x0000000008002908                PVD_IRQHandler
                0x0000000008002908                EXTI3_IRQHandler
                0x0000000008002908                EXTI0_IRQHandler
                0x0000000008002908                I2C2_EV_IRQHandler
                0x0000000008002908                ADC1_2_IRQHandler
                0x0000000008002908                SPI1_IRQHandler
                0x0000000008002908                TAMPER_IRQHandler
                0x0000000008002908                DMA1_Channel4_IRQHandler
                0x0000000008002908                USART3_IRQHandler
                0x0000000008002908                RTC_IRQHandler
                0x0000000008002908                DMA1_Channel7_IRQHandler
                0x0000000008002908                CAN1_RX1_IRQHandler
                0x0000000008002908                TIM4_IRQHandler
                0x0000000008002908                I2C1_EV_IRQHandler
                0x0000000008002908                DMA1_Channel6_IRQHandler
                0x0000000008002908                TIM3_IRQHandler
                0x0000000008002908                RCC_IRQHandler
                0x0000000008002908                TIM1_TRG_COM_IRQHandler
                0x0000000008002908                DMA1_Channel1_IRQHandler
                0x0000000008002908                Default_Handler
                0x0000000008002908                EXTI15_10_IRQHandler
                0x0000000008002908                EXTI9_5_IRQHandler
                0x0000000008002908                SPI2_IRQHandler
                0x0000000008002908                DMA1_Channel5_IRQHandler
                0x0000000008002908                EXTI4_IRQHandler
                0x0000000008002908                USB_LP_CAN1_RX0_IRQHandler
                0x0000000008002908                USB_HP_CAN1_TX_IRQHandler
                0x0000000008002908                DMA1_Channel3_IRQHandler
                0x0000000008002908                TIM1_UP_IRQHandler
                0x0000000008002908                WWDG_IRQHandler
                0x0000000008002908                TIM2_IRQHandler
                0x0000000008002908                TIM1_BRK_IRQHandler
                0x0000000008002908                EXTI1_IRQHandler
                0x0000000008002908                USART2_IRQHandler
                0x0000000008002908                I2C2_ER_IRQHandler
                0x0000000008002908                DMA1_Channel2_IRQHandler
                0x0000000008002908                CAN1_SCE_IRQHandler
                0x0000000008002908                FLASH_IRQHandler
                0x0000000008002908                I2C1_ER_IRQHandler
                0x0000000008002908                USBWakeUp_IRQHandler
 *fill*         0x000000000800290a        0x2 
 .text.HAL_Init
                0x000000000800290c       0x2c Drivers/STM32F1xx_HAL_Driver/Src/stm32f1xx_hal.o
                0x000000000800290c                HAL_Init
 .text.HAL_InitTick
                0x0000000008002938       0x60 Drivers/STM32F1xx_HAL_Driver/Src/stm32f1xx_hal.o
                0x0000000008002938                HAL_InitTick
 .text.HAL_IncTick
                0x0000000008002998       0x24 Drivers/STM32F1xx_HAL_Driver/Src/stm32f1xx_hal.o
                0x0000000008002998                HAL_IncTick
 .text.HAL_GetTick
                0x00000000080029bc       0x14 Drivers/STM32F1xx_HAL_Driver/Src/stm32f1xx_hal.o
                0x00000000080029bc                HAL_GetTick
 .text.HAL_Delay
                0x00000000080029d0       0x44 Drivers/STM32F1xx_HAL_Driver/Src/stm32f1xx_hal.o
                0x00000000080029d0                HAL_Delay
 .text.__NVIC_SetPriorityGrouping
                0x0000000008002a14       0x48 Drivers/STM32F1xx_HAL_Driver/Src/stm32f1xx_hal_cortex.o
 .text.__NVIC_GetPriorityGrouping
                0x0000000008002a5c       0x1c Drivers/STM32F1xx_HAL_Driver/Src/stm32f1xx_hal_cortex.o
 .text.__NVIC_EnableIRQ
                0x0000000008002a78       0x38 Drivers/STM32F1xx_HAL_Driver/Src/stm32f1xx_hal_cortex.o
 .text.__NVIC_SetPriority
                0x0000000008002ab0       0x54 Drivers/STM32F1xx_HAL_Driver/Src/stm32f1xx_hal_cortex.o
 .text.NVIC_EncodePriority
                0x0000000008002b04       0x64 Drivers/STM32F1xx_HAL_Driver/Src/stm32f1xx_hal_cortex.o
 .text.SysTick_Config
                0x0000000008002b68       0x44 Drivers/STM32F1xx_HAL_Driver/Src/stm32f1xx_hal_cortex.o
 .text.HAL_NVIC_SetPriorityGrouping
                0x0000000008002bac       0x16 Drivers/STM32F1xx_HAL_Driver/Src/stm32f1xx_hal_cortex.o
                0x0000000008002bac                HAL_NVIC_SetPriorityGrouping
 .text.HAL_NVIC_SetPriority
                0x0000000008002bc2       0x38 Drivers/STM32F1xx_HAL_Driver/Src/stm32f1xx_hal_cortex.o
                0x0000000008002bc2                HAL_NVIC_SetPriority
 .text.HAL_NVIC_EnableIRQ
                0x0000000008002bfa       0x1c Drivers/STM32F1xx_HAL_Driver/Src/stm32f1xx_hal_cortex.o
                0x0000000008002bfa                HAL_NVIC_EnableIRQ
 .text.HAL_SYSTICK_Config
                0x0000000008002c16       0x18 Drivers/STM32F1xx_HAL_Driver/Src/stm32f1xx_hal_cortex.o
                0x0000000008002c16                HAL_SYSTICK_Config
 *fill*         0x0000000008002c2e        0x2 
 .text.HAL_DMA_Abort_IT
                0x0000000008002c30       0xec Drivers/STM32F1xx_HAL_Driver/Src/stm32f1xx_hal_dma.o
                0x0000000008002c30                HAL_DMA_Abort_IT
 .text.HAL_GPIO_Init
                0x0000000008002d1c      0x2b4 Drivers/STM32F1xx_HAL_Driver/Src/stm32f1xx_hal_gpio.o
                0x0000000008002d1c                HAL_GPIO_Init
 .text.HAL_GPIO_WritePin
                0x0000000008002fd0       0x30 Drivers/STM32F1xx_HAL_Driver/Src/stm32f1xx_hal_gpio.o
                0x0000000008002fd0                HAL_GPIO_WritePin
 .text.HAL_GPIO_TogglePin
                0x0000000008003000       0x32 Drivers/STM32F1xx_HAL_Driver/Src/stm32f1xx_hal_gpio.o
                0x0000000008003000                HAL_GPIO_TogglePin
 *fill*         0x0000000008003032        0x2 
 .text.HAL_RCC_OscConfig
                0x0000000008003034      0x500 Drivers/STM32F1xx_HAL_Driver/Src/stm32f1xx_hal_rcc.o
                0x0000000008003034                HAL_RCC_OscConfig
 .text.HAL_RCC_ClockConfig
                0x0000000008003534      0x1d4 Drivers/STM32F1xx_HAL_Driver/Src/stm32f1xx_hal_rcc.o
                0x0000000008003534                HAL_RCC_ClockConfig
 .text.HAL_RCC_GetSysClockFreq
                0x0000000008003708       0xc8 Drivers/STM32F1xx_HAL_Driver/Src/stm32f1xx_hal_rcc.o
                0x0000000008003708                HAL_RCC_GetSysClockFreq
 .text.HAL_RCC_GetHCLKFreq
                0x00000000080037d0       0x14 Drivers/STM32F1xx_HAL_Driver/Src/stm32f1xx_hal_rcc.o
                0x00000000080037d0                HAL_RCC_GetHCLKFreq
 .text.HAL_RCC_GetPCLK1Freq
                0x00000000080037e4       0x28 Drivers/STM32F1xx_HAL_Driver/Src/stm32f1xx_hal_rcc.o
                0x00000000080037e4                HAL_RCC_GetPCLK1Freq
 .text.HAL_RCC_GetPCLK2Freq
                0x000000000800380c       0x28 Drivers/STM32F1xx_HAL_Driver/Src/stm32f1xx_hal_rcc.o
                0x000000000800380c                HAL_RCC_GetPCLK2Freq
 .text.RCC_Delay
                0x0000000008003834       0x3c Drivers/STM32F1xx_HAL_Driver/Src/stm32f1xx_hal_rcc.o
 .text.HAL_UART_Init
                0x0000000008003870       0x9a Drivers/STM32F1xx_HAL_Driver/Src/stm32f1xx_hal_uart.o
                0x0000000008003870                HAL_UART_Init
 *fill*         0x000000000800390a        0x2 
 .text.HAL_UART_IRQHandler
                0x000000000800390c      0x200 Drivers/STM32F1xx_HAL_Driver/Src/stm32f1xx_hal_uart.o
                0x000000000800390c                HAL_UART_IRQHandler
 .text.HAL_UART_TxCpltCallback
                0x0000000008003b0c       0x12 Drivers/STM32F1xx_HAL_Driver/Src/stm32f1xx_hal_uart.o
                0x0000000008003b0c                HAL_UART_TxCpltCallback
 .text.HAL_UART_RxCpltCallback
                0x0000000008003b1e       0x12 Drivers/STM32F1xx_HAL_Driver/Src/stm32f1xx_hal_uart.o
                0x0000000008003b1e                HAL_UART_RxCpltCallback
 .text.HAL_UART_ErrorCallback
                0x0000000008003b30       0x12 Drivers/STM32F1xx_HAL_Driver/Src/stm32f1xx_hal_uart.o
                0x0000000008003b30                HAL_UART_ErrorCallback
 .text.UART_EndRxTransfer
                0x0000000008003b42       0x3a Drivers/STM32F1xx_HAL_Driver/Src/stm32f1xx_hal_uart.o
 .text.UART_DMAAbortOnError
                0x0000000008003b7c       0x28 Drivers/STM32F1xx_HAL_Driver/Src/stm32f1xx_hal_uart.o
 .text.UART_Transmit_IT
                0x0000000008003ba4       0x9e Drivers/STM32F1xx_HAL_Driver/Src/stm32f1xx_hal_uart.o
 .text.UART_EndTransmit_IT
                0x0000000008003c42       0x30 Drivers/STM32F1xx_HAL_Driver/Src/stm32f1xx_hal_uart.o
 .text.UART_Receive_IT
                0x0000000008003c72      0x100 Drivers/STM32F1xx_HAL_Driver/Src/stm32f1xx_hal_uart.o
 *fill*         0x0000000008003d72        0x2 
 .text.UART_SetConfig
                0x0000000008003d74      0x11c Drivers/STM32F1xx_HAL_Driver/Src/stm32f1xx_hal_uart.o
 .text.__libc_init_array
                0x0000000008003e90       0x48 c:/st/stm32cubeide_1.4.0/stm32cubeide/plugins/com.st.stm32cube.ide.mcu.externaltools.gnu-tools-for-stm32.7-2018-q2-update.win32_1.4.0.202007081208/tools/bin/../lib/gcc/arm-none-eabi/7.3.1/../../../../arm-none-eabi/lib/thumb/v7-m\libc_nano.a(lib_a-init.o)
                0x0000000008003e90                __libc_init_array
 .text.memset   0x0000000008003ed8       0x10 c:/st/stm32cubeide_1.4.0/stm32cubeide/plugins/com.st.stm32cube.ide.mcu.externaltools.gnu-tools-for-stm32.7-2018-q2-update.win32_1.4.0.202007081208/tools/bin/../lib/gcc/arm-none-eabi/7.3.1/../../../../arm-none-eabi/lib/thumb/v7-m\libc_nano.a(lib_a-memset.o)
                0x0000000008003ed8                memset
 .text.strncpy  0x0000000008003ee8       0x2a c:/st/stm32cubeide_1.4.0/stm32cubeide/plugins/com.st.stm32cube.ide.mcu.externaltools.gnu-tools-for-stm32.7-2018-q2-update.win32_1.4.0.202007081208/tools/bin/../lib/gcc/arm-none-eabi/7.3.1/../../../../arm-none-eabi/lib/thumb/v7-m\libc_nano.a(lib_a-strncpy.o)
                0x0000000008003ee8                strncpy
 *(.glue_7)
 .glue_7        0x0000000008003f12        0x0 linker stubs
 *(.glue_7t)
 .glue_7t       0x0000000008003f12        0x0 linker stubs
 *(.eh_frame)
 *fill*         0x0000000008003f12        0x2 
 .eh_frame      0x0000000008003f14        0x0 c:/st/stm32cubeide_1.4.0/stm32cubeide/plugins/com.st.stm32cube.ide.mcu.externaltools.gnu-tools-for-stm32.7-2018-q2-update.win32_1.4.0.202007081208/tools/bin/../lib/gcc/arm-none-eabi/7.3.1/thumb/v7-m/crtbegin.o
 *(.init)
 .init          0x0000000008003f14        0x4 c:/st/stm32cubeide_1.4.0/stm32cubeide/plugins/com.st.stm32cube.ide.mcu.externaltools.gnu-tools-for-stm32.7-2018-q2-update.win32_1.4.0.202007081208/tools/bin/../lib/gcc/arm-none-eabi/7.3.1/thumb/v7-m/crti.o
                0x0000000008003f14                _init
 .init          0x0000000008003f18        0x8 c:/st/stm32cubeide_1.4.0/stm32cubeide/plugins/com.st.stm32cube.ide.mcu.externaltools.gnu-tools-for-stm32.7-2018-q2-update.win32_1.4.0.202007081208/tools/bin/../lib/gcc/arm-none-eabi/7.3.1/thumb/v7-m/crtn.o
 *(.fini)
 .fini          0x0000000008003f20        0x4 c:/st/stm32cubeide_1.4.0/stm32cubeide/plugins/com.st.stm32cube.ide.mcu.externaltools.gnu-tools-for-stm32.7-2018-q2-update.win32_1.4.0.202007081208/tools/bin/../lib/gcc/arm-none-eabi/7.3.1/thumb/v7-m/crti.o
                0x0000000008003f20                _fini
 .fini          0x0000000008003f24        0x8 c:/st/stm32cubeide_1.4.0/stm32cubeide/plugins/com.st.stm32cube.ide.mcu.externaltools.gnu-tools-for-stm32.7-2018-q2-update.win32_1.4.0.202007081208/tools/bin/../lib/gcc/arm-none-eabi/7.3.1/thumb/v7-m/crtn.o
                0x0000000008003f2c                . = ALIGN (0x4)
                0x0000000008003f2c                _etext = .

.vfp11_veneer   0x0000000008003f2c        0x0
 .vfp11_veneer  0x0000000008003f2c        0x0 linker stubs

.v4_bx          0x0000000008003f2c        0x0
 .v4_bx         0x0000000008003f2c        0x0 linker stubs

.iplt           0x0000000008003f2c        0x0
 .iplt          0x0000000008003f2c        0x0 c:/st/stm32cubeide_1.4.0/stm32cubeide/plugins/com.st.stm32cube.ide.mcu.externaltools.gnu-tools-for-stm32.7-2018-q2-update.win32_1.4.0.202007081208/tools/bin/../lib/gcc/arm-none-eabi/7.3.1/thumb/v7-m/crtbegin.o

.rodata         0x0000000008003f2c     0x1748
                0x0000000008003f2c                . = ALIGN (0x4)
 *(.rodata)
 .rodata        0x0000000008003f2c       0x2a Core/Src/main.o
 *fill*         0x0000000008003f56        0x2 
 .rodata        0x0000000008003f58       0x12 Drivers/STM32F1xx_HAL_Driver/Src/stm32f1xx_hal_rcc.o
 *(.rodata*)
 *fill*         0x0000000008003f6a        0x2 
 .rodata.font   0x0000000008003f6c      0x500 Core/Src/Adafruit_GFX.o
 .rodata.FreeMonoBold18pt7bBitmaps
                0x000000000800446c      0xee5 Core/Src/main.o
                0x000000000800446c                FreeMonoBold18pt7bBitmaps
 *fill*         0x0000000008005351        0x3 
 .rodata.FreeMonoBold18pt7bGlyphs
                0x0000000008005354      0x2f8 Core/Src/main.o
                0x0000000008005354                FreeMonoBold18pt7bGlyphs
 .rodata.FreeMonoBold18pt7b
                0x000000000800564c       0x10 Core/Src/main.o
                0x000000000800564c                FreeMonoBold18pt7b
 .rodata.AHBPrescTable
                0x000000000800565c       0x10 Core/Src/system_stm32f1xx.o
                0x000000000800565c                AHBPrescTable
 .rodata.APBPrescTable
                0x000000000800566c        0x8 Core/Src/system_stm32f1xx.o
                0x000000000800566c                APBPrescTable
                0x0000000008005674                . = ALIGN (0x4)

.rel.dyn        0x0000000008005674        0x0
 .rel.iplt      0x0000000008005674        0x0 c:/st/stm32cubeide_1.4.0/stm32cubeide/plugins/com.st.stm32cube.ide.mcu.externaltools.gnu-tools-for-stm32.7-2018-q2-update.win32_1.4.0.202007081208/tools/bin/../lib/gcc/arm-none-eabi/7.3.1/thumb/v7-m/crtbegin.o

.ARM.extab      0x0000000008005674        0x0
                0x0000000008005674                . = ALIGN (0x4)
 *(.ARM.extab* .gnu.linkonce.armextab.*)
                0x0000000008005674                . = ALIGN (0x4)

.ARM            0x0000000008005674        0x0
                0x0000000008005674                . = ALIGN (0x4)
                0x0000000008005674                __exidx_start = .
 *(.ARM.exidx*)
                0x0000000008005674                __exidx_end = .
                0x0000000008005674                . = ALIGN (0x4)

.preinit_array  0x0000000008005674        0x0
                0x0000000008005674                . = ALIGN (0x4)
                0x0000000008005674                PROVIDE (__preinit_array_start = .)
 *(.preinit_array*)
                0x0000000008005674                PROVIDE (__preinit_array_end = .)
                0x0000000008005674                . = ALIGN (0x4)

.init_array     0x0000000008005674        0x4
                0x0000000008005674                . = ALIGN (0x4)
                0x0000000008005674                PROVIDE (__init_array_start = .)
 *(SORT_BY_NAME(.init_array.*))
 *(.init_array*)
 .init_array    0x0000000008005674        0x4 c:/st/stm32cubeide_1.4.0/stm32cubeide/plugins/com.st.stm32cube.ide.mcu.externaltools.gnu-tools-for-stm32.7-2018-q2-update.win32_1.4.0.202007081208/tools/bin/../lib/gcc/arm-none-eabi/7.3.1/thumb/v7-m/crtbegin.o
                0x0000000008005678                PROVIDE (__init_array_end = .)
                0x0000000008005678                . = ALIGN (0x4)

.fini_array     0x0000000008005678        0x4
                0x0000000008005678                . = ALIGN (0x4)
                [!provide]                        PROVIDE (__fini_array_start = .)
 *(SORT_BY_NAME(.fini_array.*))
 *(.fini_array*)
 .fini_array    0x0000000008005678        0x4 c:/st/stm32cubeide_1.4.0/stm32cubeide/plugins/com.st.stm32cube.ide.mcu.externaltools.gnu-tools-for-stm32.7-2018-q2-update.win32_1.4.0.202007081208/tools/bin/../lib/gcc/arm-none-eabi/7.3.1/thumb/v7-m/crtbegin.o
                [!provide]                        PROVIDE (__fini_array_end = .)
                0x000000000800567c                . = ALIGN (0x4)
                0x000000000800567c                _sidata = LOADADDR (.data)

.data           0x0000000020000000        0xc load address 0x000000000800567c
                0x0000000020000000                . = ALIGN (0x4)
                0x0000000020000000                _sdata = .
 *(.data)
 *(.data*)
 .data.SystemCoreClock
                0x0000000020000000        0x4 Core/Src/system_stm32f1xx.o
                0x0000000020000000                SystemCoreClock
 .data.uwTickPrio
                0x0000000020000004        0x4 Drivers/STM32F1xx_HAL_Driver/Src/stm32f1xx_hal.o
                0x0000000020000004                uwTickPrio
 .data.uwTickFreq
                0x0000000020000008        0x1 Drivers/STM32F1xx_HAL_Driver/Src/stm32f1xx_hal.o
                0x0000000020000008                uwTickFreq
                0x000000002000000c                . = ALIGN (0x4)
 *fill*         0x0000000020000009        0x3 
                0x000000002000000c                _edata = .

.igot.plt       0x000000002000000c        0x0 load address 0x0000000008005688
 .igot.plt      0x000000002000000c        0x0 c:/st/stm32cubeide_1.4.0/stm32cubeide/plugins/com.st.stm32cube.ide.mcu.externaltools.gnu-tools-for-stm32.7-2018-q2-update.win32_1.4.0.202007081208/tools/bin/../lib/gcc/arm-none-eabi/7.3.1/thumb/v7-m/crtbegin.o
                0x000000002000000c                . = ALIGN (0x4)

.bss            0x000000002000000c       0xc0 load address 0x0000000008005688
                0x000000002000000c                _sbss = .
                0x000000002000000c                __bss_start__ = _sbss
 *(.bss)
 .bss           0x000000002000000c       0x1c c:/st/stm32cubeide_1.4.0/stm32cubeide/plugins/com.st.stm32cube.ide.mcu.externaltools.gnu-tools-for-stm32.7-2018-q2-update.win32_1.4.0.202007081208/tools/bin/../lib/gcc/arm-none-eabi/7.3.1/thumb/v7-m/crtbegin.o
 *(.bss*)
 *(COMMON)
 COMMON         0x0000000020000028       0x4e Core/Src/Adafruit_GFX.o
                0x0000000020000028                laststate
                0x000000002000002c                gfx_canvas8_buffer
                0x0000000020000030                cursor_y
                0x0000000020000032                _textsize_x
                0x0000000020000034                _outlinecolor
                0x0000000020000036                _h
                0x0000000020000038                gfxFont
                0x000000002000003c                textsize_x
                0x000000002000003e                WIDTH
                0x0000000020000040                _w
                0x0000000020000044                _label
                0x000000002000004e                rotation
                0x0000000020000050                _fillcolor
                0x0000000020000052                _cp437
                0x0000000020000054                HEIGHT
                0x0000000020000058                gfx_canvas1_buffer
                0x000000002000005c                gfx_canvas16_buffer
                0x0000000020000060                _textcolor
                0x0000000020000062                _x1
                0x0000000020000064                _width
                0x0000000020000066                _y1
                0x0000000020000068                cursor_x
                0x000000002000006a                wrap
                0x000000002000006c                _height
                0x000000002000006e                _textsize_y
                0x0000000020000070                textbgcolor
                0x0000000020000072                currstate
                0x0000000020000073                textsize_y
                0x0000000020000074                textcolor
 *fill*         0x0000000020000076        0x2 
 COMMON         0x0000000020000078       0x10 Core/Src/lcd.o
                0x0000000020000078                lcddev
                0x0000000020000086                DeviceCode
 COMMON         0x0000000020000088       0x40 Core/Src/main.o
                0x0000000020000088                huart1
 COMMON         0x00000000200000c8        0x4 Drivers/STM32F1xx_HAL_Driver/Src/stm32f1xx_hal.o
                0x00000000200000c8                uwTick
                0x00000000200000cc                . = ALIGN (0x4)
                0x00000000200000cc                _ebss = .
                0x00000000200000cc                __bss_end__ = _ebss

._user_heap_stack
                0x00000000200000cc      0x604 load address 0x0000000008005688
                0x00000000200000d0                . = ALIGN (0x8)
 *fill*         0x00000000200000cc        0x4 
                [!provide]                        PROVIDE (end = .)
                0x00000000200000d0                PROVIDE (_end = .)
                0x00000000200002d0                . = (. + _Min_Heap_Size)
 *fill*         0x00000000200000d0      0x200 
                0x00000000200006d0                . = (. + _Min_Stack_Size)
 *fill*         0x00000000200002d0      0x400 
                0x00000000200006d0                . = ALIGN (0x8)

/DISCARD/
 libc.a(*)
 libm.a(*)
 libgcc.a(*)

.ARM.attributes
                0x0000000000000000       0x29
 *(.ARM.attributes)
 .ARM.attributes
                0x0000000000000000       0x1d c:/st/stm32cubeide_1.4.0/stm32cubeide/plugins/com.st.stm32cube.ide.mcu.externaltools.gnu-tools-for-stm32.7-2018-q2-update.win32_1.4.0.202007081208/tools/bin/../lib/gcc/arm-none-eabi/7.3.1/thumb/v7-m/crti.o
 .ARM.attributes
                0x000000000000001d       0x2d c:/st/stm32cubeide_1.4.0/stm32cubeide/plugins/com.st.stm32cube.ide.mcu.externaltools.gnu-tools-for-stm32.7-2018-q2-update.win32_1.4.0.202007081208/tools/bin/../lib/gcc/arm-none-eabi/7.3.1/thumb/v7-m/crtbegin.o
 .ARM.attributes
                0x000000000000004a       0x33 Core/Src/Adafruit_GFX.o
 .ARM.attributes
                0x000000000000007d       0x33 Core/Src/GUI.o
 .ARM.attributes
                0x00000000000000b0       0x33 Core/Src/lcd.o
 .ARM.attributes
                0x00000000000000e3       0x33 Core/Src/main.o
 .ARM.attributes
                0x0000000000000116       0x33 Core/Src/stm32f1xx_hal_msp.o
 .ARM.attributes
                0x0000000000000149       0x33 Core/Src/stm32f1xx_it.o
 .ARM.attributes
                0x000000000000017c       0x33 Core/Src/system_stm32f1xx.o
 .ARM.attributes
                0x00000000000001af       0x21 Core/Startup/startup_stm32f103c8tx.o
 .ARM.attributes
                0x00000000000001d0       0x33 Drivers/STM32F1xx_HAL_Driver/Src/stm32f1xx_hal.o
 .ARM.attributes
                0x0000000000000203       0x33 Drivers/STM32F1xx_HAL_Driver/Src/stm32f1xx_hal_cortex.o
 .ARM.attributes
                0x0000000000000236       0x33 Drivers/STM32F1xx_HAL_Driver/Src/stm32f1xx_hal_dma.o
 .ARM.attributes
                0x0000000000000269       0x33 Drivers/STM32F1xx_HAL_Driver/Src/stm32f1xx_hal_gpio.o
 .ARM.attributes
                0x000000000000029c       0x33 Drivers/STM32F1xx_HAL_Driver/Src/stm32f1xx_hal_rcc.o
 .ARM.attributes
                0x00000000000002cf       0x33 Drivers/STM32F1xx_HAL_Driver/Src/stm32f1xx_hal_uart.o
 .ARM.attributes
                0x0000000000000302       0x2d c:/st/stm32cubeide_1.4.0/stm32cubeide/plugins/com.st.stm32cube.ide.mcu.externaltools.gnu-tools-for-stm32.7-2018-q2-update.win32_1.4.0.202007081208/tools/bin/../lib/gcc/arm-none-eabi/7.3.1/../../../../arm-none-eabi/lib/thumb/v7-m\libc_nano.a(lib_a-init.o)
 .ARM.attributes
                0x000000000000032f       0x2d c:/st/stm32cubeide_1.4.0/stm32cubeide/plugins/com.st.stm32cube.ide.mcu.externaltools.gnu-tools-for-stm32.7-2018-q2-update.win32_1.4.0.202007081208/tools/bin/../lib/gcc/arm-none-eabi/7.3.1/../../../../arm-none-eabi/lib/thumb/v7-m\libc_nano.a(lib_a-memset.o)
 .ARM.attributes
                0x000000000000035c       0x17 c:/st/stm32cubeide_1.4.0/stm32cubeide/plugins/com.st.stm32cube.ide.mcu.externaltools.gnu-tools-for-stm32.7-2018-q2-update.win32_1.4.0.202007081208/tools/bin/../lib/gcc/arm-none-eabi/7.3.1/../../../../arm-none-eabi/lib/thumb/v7-m\libc_nano.a(lib_a-strlen.o)
 .ARM.attributes
                0x0000000000000373       0x2d c:/st/stm32cubeide_1.4.0/stm32cubeide/plugins/com.st.stm32cube.ide.mcu.externaltools.gnu-tools-for-stm32.7-2018-q2-update.win32_1.4.0.202007081208/tools/bin/../lib/gcc/arm-none-eabi/7.3.1/../../../../arm-none-eabi/lib/thumb/v7-m\libc_nano.a(lib_a-strncpy.o)
 .ARM.attributes
                0x00000000000003a0       0x1d c:/st/stm32cubeide_1.4.0/stm32cubeide/plugins/com.st.stm32cube.ide.mcu.externaltools.gnu-tools-for-stm32.7-2018-q2-update.win32_1.4.0.202007081208/tools/bin/../lib/gcc/arm-none-eabi/7.3.1/thumb/v7-m\libgcc.a(_arm_addsubdf3.o)
 .ARM.attributes
                0x00000000000003bd       0x1d c:/st/stm32cubeide_1.4.0/stm32cubeide/plugins/com.st.stm32cube.ide.mcu.externaltools.gnu-tools-for-stm32.7-2018-q2-update.win32_1.4.0.202007081208/tools/bin/../lib/gcc/arm-none-eabi/7.3.1/thumb/v7-m\libgcc.a(_arm_muldivdf3.o)
 .ARM.attributes
                0x00000000000003da       0x1d c:/st/stm32cubeide_1.4.0/stm32cubeide/plugins/com.st.stm32cube.ide.mcu.externaltools.gnu-tools-for-stm32.7-2018-q2-update.win32_1.4.0.202007081208/tools/bin/../lib/gcc/arm-none-eabi/7.3.1/thumb/v7-m\libgcc.a(_arm_fixdfsi.o)
 .ARM.attributes
                0x00000000000003f7       0x1d c:/st/stm32cubeide_1.4.0/stm32cubeide/plugins/com.st.stm32cube.ide.mcu.externaltools.gnu-tools-for-stm32.7-2018-q2-update.win32_1.4.0.202007081208/tools/bin/../lib/gcc/arm-none-eabi/7.3.1/thumb/v7-m/crtn.o
OUTPUT(ManthanJal64.elf elf32-littlearm)

.debug_info     0x0000000000000000     0xc59f
 .debug_info    0x0000000000000000     0x3730 Core/Src/Adafruit_GFX.o
 .debug_info    0x0000000000003730     0x213a Core/Src/GUI.o
 .debug_info    0x000000000000586a      0xcf8 Core/Src/lcd.o
 .debug_info    0x0000000000006562     0x12f1 Core/Src/main.o
 .debug_info    0x0000000000007853      0x978 Core/Src/stm32f1xx_hal_msp.o
 .debug_info    0x00000000000081cb      0x63d Core/Src/stm32f1xx_it.o
 .debug_info    0x0000000000008808      0x29a Core/Src/system_stm32f1xx.o
 .debug_info    0x0000000000008aa2       0x22 Core/Startup/startup_stm32f103c8tx.o
 .debug_info    0x0000000000008ac4      0x714 Drivers/STM32F1xx_HAL_Driver/Src/stm32f1xx_hal.o
 .debug_info    0x00000000000091d8      0xb51 Drivers/STM32F1xx_HAL_Driver/Src/stm32f1xx_hal_cortex.o
 .debug_info    0x0000000000009d29      0x7b1 Drivers/STM32F1xx_HAL_Driver/Src/stm32f1xx_hal_dma.o
 .debug_info    0x000000000000a4da      0x69b Drivers/STM32F1xx_HAL_Driver/Src/stm32f1xx_hal_gpio.o
 .debug_info    0x000000000000ab75      0x80f Drivers/STM32F1xx_HAL_Driver/Src/stm32f1xx_hal_rcc.o
 .debug_info    0x000000000000b384     0x121b Drivers/STM32F1xx_HAL_Driver/Src/stm32f1xx_hal_uart.o

.debug_abbrev   0x0000000000000000     0x1c99
 .debug_abbrev  0x0000000000000000      0x371 Core/Src/Adafruit_GFX.o
 .debug_abbrev  0x0000000000000371      0x34a Core/Src/GUI.o
 .debug_abbrev  0x00000000000006bb      0x26d Core/Src/lcd.o
 .debug_abbrev  0x0000000000000928      0x26e Core/Src/main.o
 .debug_abbrev  0x0000000000000b96      0x195 Core/Src/stm32f1xx_hal_msp.o
 .debug_abbrev  0x0000000000000d2b      0x149 Core/Src/stm32f1xx_it.o
 .debug_abbrev  0x0000000000000e74      0x134 Core/Src/system_stm32f1xx.o
 .debug_abbrev  0x0000000000000fa8       0x12 Core/Startup/startup_stm32f103c8tx.o
 .debug_abbrev  0x0000000000000fba      0x1c7 Drivers/STM32F1xx_HAL_Driver/Src/stm32f1xx_hal.o
 .debug_abbrev  0x0000000000001181      0x2d5 Drivers/STM32F1xx_HAL_Driver/Src/stm32f1xx_hal_cortex.o
 .debug_abbrev  0x0000000000001456      0x1fe Drivers/STM32F1xx_HAL_Driver/Src/stm32f1xx_hal_dma.o
 .debug_abbrev  0x0000000000001654      0x1c0 Drivers/STM32F1xx_HAL_Driver/Src/stm32f1xx_hal_gpio.o
 .debug_abbrev  0x0000000000001814      0x243 Drivers/STM32F1xx_HAL_Driver/Src/stm32f1xx_hal_rcc.o
 .debug_abbrev  0x0000000000001a57      0x242 Drivers/STM32F1xx_HAL_Driver/Src/stm32f1xx_hal_uart.o

.debug_aranges  0x0000000000000000      0xbe8
 .debug_aranges
                0x0000000000000000      0x358 Core/Src/Adafruit_GFX.o
 .debug_aranges
                0x0000000000000358      0x1c8 Core/Src/GUI.o
 .debug_aranges
                0x0000000000000520       0x88 Core/Src/lcd.o
 .debug_aranges
                0x00000000000005a8       0x40 Core/Src/main.o
 .debug_aranges
                0x00000000000005e8       0x30 Core/Src/stm32f1xx_hal_msp.o
 .debug_aranges
                0x0000000000000618       0x68 Core/Src/stm32f1xx_it.o
 .debug_aranges
                0x0000000000000680       0x28 Core/Src/system_stm32f1xx.o
 .debug_aranges
                0x00000000000006a8       0x28 Core/Startup/startup_stm32f103c8tx.o
 .debug_aranges
                0x00000000000006d0       0xe0 Drivers/STM32F1xx_HAL_Driver/Src/stm32f1xx_hal.o
 .debug_aranges
                0x00000000000007b0      0x100 Drivers/STM32F1xx_HAL_Driver/Src/stm32f1xx_hal_cortex.o
 .debug_aranges
                0x00000000000008b0       0x80 Drivers/STM32F1xx_HAL_Driver/Src/stm32f1xx_hal_dma.o
 .debug_aranges
                0x0000000000000930       0x58 Drivers/STM32F1xx_HAL_Driver/Src/stm32f1xx_hal_gpio.o
 .debug_aranges
                0x0000000000000988       0x90 Drivers/STM32F1xx_HAL_Driver/Src/stm32f1xx_hal_rcc.o
 .debug_aranges
                0x0000000000000a18      0x1d0 Drivers/STM32F1xx_HAL_Driver/Src/stm32f1xx_hal_uart.o

.debug_ranges   0x0000000000000000      0xb70
 .debug_ranges  0x0000000000000000      0x390 Core/Src/Adafruit_GFX.o
 .debug_ranges  0x0000000000000390      0x1d0 Core/Src/GUI.o
 .debug_ranges  0x0000000000000560       0x78 Core/Src/lcd.o
 .debug_ranges  0x00000000000005d8       0x30 Core/Src/main.o
 .debug_ranges  0x0000000000000608       0x20 Core/Src/stm32f1xx_hal_msp.o
 .debug_ranges  0x0000000000000628       0x58 Core/Src/stm32f1xx_it.o
 .debug_ranges  0x0000000000000680       0x18 Core/Src/system_stm32f1xx.o
 .debug_ranges  0x0000000000000698       0x20 Core/Startup/startup_stm32f103c8tx.o
 .debug_ranges  0x00000000000006b8       0xd0 Drivers/STM32F1xx_HAL_Driver/Src/stm32f1xx_hal.o
 .debug_ranges  0x0000000000000788       0xf0 Drivers/STM32F1xx_HAL_Driver/Src/stm32f1xx_hal_cortex.o
 .debug_ranges  0x0000000000000878       0x70 Drivers/STM32F1xx_HAL_Driver/Src/stm32f1xx_hal_dma.o
 .debug_ranges  0x00000000000008e8       0x48 Drivers/STM32F1xx_HAL_Driver/Src/stm32f1xx_hal_gpio.o
 .debug_ranges  0x0000000000000930       0x80 Drivers/STM32F1xx_HAL_Driver/Src/stm32f1xx_hal_rcc.o
 .debug_ranges  0x00000000000009b0      0x1c0 Drivers/STM32F1xx_HAL_Driver/Src/stm32f1xx_hal_uart.o

.debug_macro    0x0000000000000000    0x17deb
 .debug_macro   0x0000000000000000      0x3b9 Core/Src/Adafruit_GFX.o
 .debug_macro   0x00000000000003b9      0xa5a Core/Src/Adafruit_GFX.o
 .debug_macro   0x0000000000000e13       0x22 Core/Src/Adafruit_GFX.o
 .debug_macro   0x0000000000000e35       0x40 Core/Src/Adafruit_GFX.o
 .debug_macro   0x0000000000000e75       0x18 Core/Src/Adafruit_GFX.o
 .debug_macro   0x0000000000000e8d       0x94 Core/Src/Adafruit_GFX.o
 .debug_macro   0x0000000000000f21       0x3c Core/Src/Adafruit_GFX.o
 .debug_macro   0x0000000000000f5d       0x34 Core/Src/Adafruit_GFX.o
 .debug_macro   0x0000000000000f91       0x16 Core/Src/Adafruit_GFX.o
 .debug_macro   0x0000000000000fa7       0x57 Core/Src/Adafruit_GFX.o
 .debug_macro   0x0000000000000ffe       0x97 Core/Src/Adafruit_GFX.o
 .debug_macro   0x0000000000001095      0x330 Core/Src/Adafruit_GFX.o
 .debug_macro   0x00000000000013c5       0xfd Core/Src/Adafruit_GFX.o
 .debug_macro   0x00000000000014c2       0x10 Core/Src/Adafruit_GFX.o
 .debug_macro   0x00000000000014d2       0x52 Core/Src/Adafruit_GFX.o
 .debug_macro   0x0000000000001524       0x1f Core/Src/Adafruit_GFX.o
 .debug_macro   0x0000000000001543       0x43 Core/Src/Adafruit_GFX.o
 .debug_macro   0x0000000000001586       0x20 Core/Src/Adafruit_GFX.o
 .debug_macro   0x00000000000015a6      0x1a3 Core/Src/Adafruit_GFX.o
 .debug_macro   0x0000000000001749       0x10 Core/Src/Adafruit_GFX.o
 .debug_macro   0x0000000000001759       0x6a Core/Src/Adafruit_GFX.o
 .debug_macro   0x00000000000017c3       0x1c Core/Src/Adafruit_GFX.o
 .debug_macro   0x00000000000017df       0x52 Core/Src/Adafruit_GFX.o
 .debug_macro   0x0000000000001831       0x40 Core/Src/Adafruit_GFX.o
 .debug_macro   0x0000000000001871       0x10 Core/Src/Adafruit_GFX.o
 .debug_macro   0x0000000000001881       0x40 Core/Src/Adafruit_GFX.o
 .debug_macro   0x00000000000018c1       0xd7 Core/Src/Adafruit_GFX.o
 .debug_macro   0x0000000000001998       0x1c Core/Src/Adafruit_GFX.o
 .debug_macro   0x00000000000019b4       0x3d Core/Src/Adafruit_GFX.o
 .debug_macro   0x00000000000019f1       0x16 Core/Src/Adafruit_GFX.o
 .debug_macro   0x0000000000001a07      0x145 Core/Src/Adafruit_GFX.o
 .debug_macro   0x0000000000001b4c       0xef Core/Src/Adafruit_GFX.o
 .debug_macro   0x0000000000001c3b      0x1df Core/Src/Adafruit_GFX.o
 .debug_macro   0x0000000000001e1a       0x22 Core/Src/Adafruit_GFX.o
 .debug_macro   0x0000000000001e3c       0x16 Core/Src/Adafruit_GFX.o
 .debug_macro   0x0000000000001e52       0x35 Core/Src/Adafruit_GFX.o
 .debug_macro   0x0000000000001e87       0x20 Core/Src/Adafruit_GFX.o
 .debug_macro   0x0000000000001ea7       0x16 Core/Src/Adafruit_GFX.o
 .debug_macro   0x0000000000001ebd       0x16 Core/Src/Adafruit_GFX.o
 .debug_macro   0x0000000000001ed3       0x29 Core/Src/Adafruit_GFX.o
 .debug_macro   0x0000000000001efc      0x215 Core/Src/Adafruit_GFX.o
 .debug_macro   0x0000000000002111       0x2e Core/Src/Adafruit_GFX.o
 .debug_macro   0x000000000000213f       0x22 Core/Src/Adafruit_GFX.o
 .debug_macro   0x0000000000002161       0x1c Core/Src/Adafruit_GFX.o
 .debug_macro   0x000000000000217d       0x22 Core/Src/Adafruit_GFX.o
 .debug_macro   0x000000000000219f       0xbd Core/Src/Adafruit_GFX.o
 .debug_macro   0x000000000000225c      0xd23 Core/Src/Adafruit_GFX.o
 .debug_macro   0x0000000000002f7f     0xe097 Core/Src/Adafruit_GFX.o
 .debug_macro   0x0000000000011016       0x43 Core/Src/Adafruit_GFX.o
 .debug_macro   0x0000000000011059     0x3468 Core/Src/Adafruit_GFX.o
 .debug_macro   0x00000000000144c1       0x56 Core/Src/Adafruit_GFX.o
 .debug_macro   0x0000000000014517      0x5be Core/Src/Adafruit_GFX.o
 .debug_macro   0x0000000000014ad5      0x289 Core/Src/Adafruit_GFX.o
 .debug_macro   0x0000000000014d5e      0x1cb Core/Src/Adafruit_GFX.o
 .debug_macro   0x0000000000014f29      0x114 Core/Src/Adafruit_GFX.o
 .debug_macro   0x000000000001503d      0x1b2 Core/Src/Adafruit_GFX.o
 .debug_macro   0x00000000000151ef       0x27 Core/Src/Adafruit_GFX.o
 .debug_macro   0x0000000000015216      0x136 Core/Src/Adafruit_GFX.o
 .debug_macro   0x000000000001534c      0x1bc Core/Src/Adafruit_GFX.o
 .debug_macro   0x0000000000015508       0x34 Core/Src/Adafruit_GFX.o
 .debug_macro   0x000000000001553c       0x3c Core/Src/Adafruit_GFX.o
 .debug_macro   0x0000000000015578       0x57 Core/Src/Adafruit_GFX.o
 .debug_macro   0x00000000000155cf       0x88 Core/Src/Adafruit_GFX.o
 .debug_macro   0x0000000000015657      0x241 Core/Src/Adafruit_GFX.o
 .debug_macro   0x0000000000015898      0x141 Core/Src/Adafruit_GFX.o
 .debug_macro   0x00000000000159d9      0x26b Core/Src/Adafruit_GFX.o
 .debug_macro   0x0000000000015c44       0x83 Core/Src/Adafruit_GFX.o
 .debug_macro   0x0000000000015cc7      0x106 Core/Src/Adafruit_GFX.o
 .debug_macro   0x0000000000015dcd      0x102 Core/Src/Adafruit_GFX.o
 .debug_macro   0x0000000000015ecf       0x16 Core/Src/Adafruit_GFX.o
 .debug_macro   0x0000000000015ee5       0x10 Core/Src/Adafruit_GFX.o
 .debug_macro   0x0000000000015ef5      0x2b7 Core/Src/GUI.o
 .debug_macro   0x00000000000161ac      0x10e Core/Src/GUI.o
 .debug_macro   0x00000000000162ba       0x8d Core/Src/GUI.o
 .debug_macro   0x0000000000016347       0x16 Core/Src/GUI.o
 .debug_macro   0x000000000001635d      0x265 Core/Src/lcd.o
 .debug_macro   0x00000000000165c2      0x3a4 Core/Src/main.o
 .debug_macro   0x0000000000016966       0xc3 Core/Src/main.o
 .debug_macro   0x0000000000016a29      0x174 Core/Src/main.o
 .debug_macro   0x0000000000016b9d       0x5c Core/Src/main.o
 .debug_macro   0x0000000000016bf9      0x32a Core/Src/main.o
 .debug_macro   0x0000000000016f23      0x19d Core/Src/stm32f1xx_hal_msp.o
 .debug_macro   0x00000000000170c0      0x1a7 Core/Src/stm32f1xx_it.o
 .debug_macro   0x0000000000017267      0x18e Core/Src/system_stm32f1xx.o
 .debug_macro   0x00000000000173f5      0x1b2 Drivers/STM32F1xx_HAL_Driver/Src/stm32f1xx_hal.o
 .debug_macro   0x00000000000175a7      0x18e Drivers/STM32F1xx_HAL_Driver/Src/stm32f1xx_hal_cortex.o
 .debug_macro   0x0000000000017735      0x18e Drivers/STM32F1xx_HAL_Driver/Src/stm32f1xx_hal_dma.o
 .debug_macro   0x00000000000178c3      0x1f9 Drivers/STM32F1xx_HAL_Driver/Src/stm32f1xx_hal_gpio.o
 .debug_macro   0x0000000000017abc      0x1a0 Drivers/STM32F1xx_HAL_Driver/Src/stm32f1xx_hal_rcc.o
 .debug_macro   0x0000000000017c5c      0x18f Drivers/STM32F1xx_HAL_Driver/Src/stm32f1xx_hal_uart.o

.debug_line     0x0000000000000000     0x8b72
 .debug_line    0x0000000000000000     0x188a Core/Src/Adafruit_GFX.o
 .debug_line    0x000000000000188a     0x1013 Core/Src/GUI.o
 .debug_line    0x000000000000289d      0x8f9 Core/Src/lcd.o
 .debug_line    0x0000000000003196      0x977 Core/Src/main.o
 .debug_line    0x0000000000003b0d      0x67b Core/Src/stm32f1xx_hal_msp.o
 .debug_line    0x0000000000004188      0x6fc Core/Src/stm32f1xx_it.o
 .debug_line    0x0000000000004884      0x66e Core/Src/system_stm32f1xx.o
 .debug_line    0x0000000000004ef2       0x84 Core/Startup/startup_stm32f103c8tx.o
 .debug_line    0x0000000000004f76      0x821 Drivers/STM32F1xx_HAL_Driver/Src/stm32f1xx_hal.o
 .debug_line    0x0000000000005797      0x8f8 Drivers/STM32F1xx_HAL_Driver/Src/stm32f1xx_hal_cortex.o
 .debug_line    0x000000000000608f      0xa86 Drivers/STM32F1xx_HAL_Driver/Src/stm32f1xx_hal_dma.o
 .debug_line    0x0000000000006b15      0x81d Drivers/STM32F1xx_HAL_Driver/Src/stm32f1xx_hal_gpio.o
 .debug_line    0x0000000000007332      0x8e1 Drivers/STM32F1xx_HAL_Driver/Src/stm32f1xx_hal_rcc.o
 .debug_line    0x0000000000007c13      0xf5f Drivers/STM32F1xx_HAL_Driver/Src/stm32f1xx_hal_uart.o

.debug_str      0x0000000000000000    0x836d9
 .debug_str     0x0000000000000000    0x8145f Core/Src/Adafruit_GFX.o
                                      0x818ca (size before relaxing)
 .debug_str     0x000000000008145f      0x472 Core/Src/GUI.o
                                      0x7ffc8 (size before relaxing)
 .debug_str     0x00000000000818d1      0x123 Core/Src/lcd.o
                                      0x7fb06 (size before relaxing)
 .debug_str     0x00000000000819f4      0x5d0 Core/Src/main.o
                                      0x8130e (size before relaxing)
 .debug_str     0x0000000000081fc4      0x2e8 Core/Src/stm32f1xx_hal_msp.o
                                      0x7cd3d (size before relaxing)
 .debug_str     0x00000000000822ac       0xcf Core/Src/stm32f1xx_it.o
                                      0x7ca31 (size before relaxing)
 .debug_str     0x000000000008237b       0x52 Core/Src/system_stm32f1xx.o
                                      0x7c27a (size before relaxing)
 .debug_str     0x00000000000823cd       0x36 Core/Startup/startup_stm32f103c8tx.o
                                         0x6e (size before relaxing)
 .debug_str     0x0000000000082403      0x2fa Drivers/STM32F1xx_HAL_Driver/Src/stm32f1xx_hal.o
                                      0x7c90b (size before relaxing)
 .debug_str     0x00000000000826fd      0x300 Drivers/STM32F1xx_HAL_Driver/Src/stm32f1xx_hal_cortex.o
                                      0x7c913 (size before relaxing)
 .debug_str     0x00000000000829fd      0x235 Drivers/STM32F1xx_HAL_Driver/Src/stm32f1xx_hal_dma.o
                                      0x7c655 (size before relaxing)
 .debug_str     0x0000000000082c32      0x31f Drivers/STM32F1xx_HAL_Driver/Src/stm32f1xx_hal_gpio.o
                                      0x7c63e (size before relaxing)
 .debug_str     0x0000000000082f51      0x24f Drivers/STM32F1xx_HAL_Driver/Src/stm32f1xx_hal_rcc.o
                                      0x7c677 (size before relaxing)
 .debug_str     0x00000000000831a0      0x539 Drivers/STM32F1xx_HAL_Driver/Src/stm32f1xx_hal_uart.o
                                      0x7cb7d (size before relaxing)

.comment        0x0000000000000000       0x7b
 .comment       0x0000000000000000       0x7b Core/Src/Adafruit_GFX.o
                                         0x7c (size before relaxing)
 .comment       0x000000000000007b       0x7c Core/Src/GUI.o
 .comment       0x000000000000007b       0x7c Core/Src/lcd.o
 .comment       0x000000000000007b       0x7c Core/Src/main.o
 .comment       0x000000000000007b       0x7c Core/Src/stm32f1xx_hal_msp.o
 .comment       0x000000000000007b       0x7c Core/Src/stm32f1xx_it.o
 .comment       0x000000000000007b       0x7c Core/Src/system_stm32f1xx.o
 .comment       0x000000000000007b       0x7c Drivers/STM32F1xx_HAL_Driver/Src/stm32f1xx_hal.o
 .comment       0x000000000000007b       0x7c Drivers/STM32F1xx_HAL_Driver/Src/stm32f1xx_hal_cortex.o
 .comment       0x000000000000007b       0x7c Drivers/STM32F1xx_HAL_Driver/Src/stm32f1xx_hal_dma.o
 .comment       0x000000000000007b       0x7c Drivers/STM32F1xx_HAL_Driver/Src/stm32f1xx_hal_gpio.o
 .comment       0x000000000000007b       0x7c Drivers/STM32F1xx_HAL_Driver/Src/stm32f1xx_hal_rcc.o
 .comment       0x000000000000007b       0x7c Drivers/STM32F1xx_HAL_Driver/Src/stm32f1xx_hal_uart.o

.debug_frame    0x0000000000000000     0x3298
 .debug_frame   0x0000000000000000      0xf54 Core/Src/Adafruit_GFX.o
 .debug_frame   0x0000000000000f54      0x808 Core/Src/GUI.o
 .debug_frame   0x000000000000175c      0x1f0 Core/Src/lcd.o
 .debug_frame   0x000000000000194c       0xb4 Core/Src/main.o
 .debug_frame   0x0000000000001a00       0x80 Core/Src/stm32f1xx_hal_msp.o
 .debug_frame   0x0000000000001a80      0x128 Core/Src/stm32f1xx_it.o
 .debug_frame   0x0000000000001ba8       0x58 Core/Src/system_stm32f1xx.o
 .debug_frame   0x0000000000001c00      0x334 Drivers/STM32F1xx_HAL_Driver/Src/stm32f1xx_hal.o
 .debug_frame   0x0000000000001f34      0x428 Drivers/STM32F1xx_HAL_Driver/Src/stm32f1xx_hal_cortex.o
 .debug_frame   0x000000000000235c      0x208 Drivers/STM32F1xx_HAL_Driver/Src/stm32f1xx_hal_dma.o
 .debug_frame   0x0000000000002564      0x14c Drivers/STM32F1xx_HAL_Driver/Src/stm32f1xx_hal_gpio.o
 .debug_frame   0x00000000000026b0      0x21c Drivers/STM32F1xx_HAL_Driver/Src/stm32f1xx_hal_rcc.o
 .debug_frame   0x00000000000028cc      0x834 Drivers/STM32F1xx_HAL_Driver/Src/stm32f1xx_hal_uart.o
 .debug_frame   0x0000000000003100       0x2c c:/st/stm32cubeide_1.4.0/stm32cubeide/plugins/com.st.stm32cube.ide.mcu.externaltools.gnu-tools-for-stm32.7-2018-q2-update.win32_1.4.0.202007081208/tools/bin/../lib/gcc/arm-none-eabi/7.3.1/../../../../arm-none-eabi/lib/thumb/v7-m\libc_nano.a(lib_a-init.o)
 .debug_frame   0x000000000000312c       0x20 c:/st/stm32cubeide_1.4.0/stm32cubeide/plugins/com.st.stm32cube.ide.mcu.externaltools.gnu-tools-for-stm32.7-2018-q2-update.win32_1.4.0.202007081208/tools/bin/../lib/gcc/arm-none-eabi/7.3.1/../../../../arm-none-eabi/lib/thumb/v7-m\libc_nano.a(lib_a-memset.o)
 .debug_frame   0x000000000000314c       0x2c c:/st/stm32cubeide_1.4.0/stm32cubeide/plugins/com.st.stm32cube.ide.mcu.externaltools.gnu-tools-for-stm32.7-2018-q2-update.win32_1.4.0.202007081208/tools/bin/../lib/gcc/arm-none-eabi/7.3.1/../../../../arm-none-eabi/lib/thumb/v7-m\libc_nano.a(lib_a-strncpy.o)
 .debug_frame   0x0000000000003178       0xac c:/st/stm32cubeide_1.4.0/stm32cubeide/plugins/com.st.stm32cube.ide.mcu.externaltools.gnu-tools-for-stm32.7-2018-q2-update.win32_1.4.0.202007081208/tools/bin/../lib/gcc/arm-none-eabi/7.3.1/thumb/v7-m\libgcc.a(_arm_addsubdf3.o)
 .debug_frame   0x0000000000003224       0x50 c:/st/stm32cubeide_1.4.0/stm32cubeide/plugins/com.st.stm32cube.ide.mcu.externaltools.gnu-tools-for-stm32.7-2018-q2-update.win32_1.4.0.202007081208/tools/bin/../lib/gcc/arm-none-eabi/7.3.1/thumb/v7-m\libgcc.a(_arm_muldivdf3.o)
 .debug_frame   0x0000000000003274       0x24 c:/st/stm32cubeide_1.4.0/stm32cubeide/plugins/com.st.stm32cube.ide.mcu.externaltools.gnu-tools-for-stm32.7-2018-q2-update.win32_1.4.0.202007081208/tools/bin/../lib/gcc/arm-none-eabi/7.3.1/thumb/v7-m\libgcc.a(_arm_fixdfsi.o)
