Archive member included to satisfy reference by file (symbol)

c:/st/stm32cubeide_1.4.0/stm32cubeide/plugins/com.st.stm32cube.ide.mcu.externaltools.gnu-tools-for-stm32.7-2018-q2-update.win32_1.4.0.202007081208/tools/bin/../lib/gcc/arm-none-eabi/7.3.1/../../../../arm-none-eabi/lib/thumb/v7-m\libc_nano.a(lib_a-errno.o)
                              Core/Src/syscalls.o (__errno)
c:/st/stm32cubeide_1.4.0/stm32cubeide/plugins/com.st.stm32cube.ide.mcu.externaltools.gnu-tools-for-stm32.7-2018-q2-update.win32_1.4.0.202007081208/tools/bin/../lib/gcc/arm-none-eabi/7.3.1/../../../../arm-none-eabi/lib/thumb/v7-m\libc_nano.a(lib_a-exit.o)
                              c:/st/stm32cubeide_1.4.0/stm32cubeide/plugins/com.st.stm32cube.ide.mcu.externaltools.gnu-tools-for-stm32.7-2018-q2-update.win32_1.4.0.202007081208/tools/bin/../lib/gcc/arm-none-eabi/7.3.1/../../../../arm-none-eabi/lib/thumb/v7-m/crt0.o (exit)
c:/st/stm32cubeide_1.4.0/stm32cubeide/plugins/com.st.stm32cube.ide.mcu.externaltools.gnu-tools-for-stm32.7-2018-q2-update.win32_1.4.0.202007081208/tools/bin/../lib/gcc/arm-none-eabi/7.3.1/../../../../arm-none-eabi/lib/thumb/v7-m\libc_nano.a(lib_a-impure.o)
                              c:/st/stm32cubeide_1.4.0/stm32cubeide/plugins/com.st.stm32cube.ide.mcu.externaltools.gnu-tools-for-stm32.7-2018-q2-update.win32_1.4.0.202007081208/tools/bin/../lib/gcc/arm-none-eabi/7.3.1/../../../../arm-none-eabi/lib/thumb/v7-m\libc_nano.a(lib_a-exit.o) (_global_impure_ptr)
c:/st/stm32cubeide_1.4.0/stm32cubeide/plugins/com.st.stm32cube.ide.mcu.externaltools.gnu-tools-for-stm32.7-2018-q2-update.win32_1.4.0.202007081208/tools/bin/../lib/gcc/arm-none-eabi/7.3.1/../../../../arm-none-eabi/lib/thumb/v7-m\libc_nano.a(lib_a-init.o)
                              c:/st/stm32cubeide_1.4.0/stm32cubeide/plugins/com.st.stm32cube.ide.mcu.externaltools.gnu-tools-for-stm32.7-2018-q2-update.win32_1.4.0.202007081208/tools/bin/../lib/gcc/arm-none-eabi/7.3.1/../../../../arm-none-eabi/lib/thumb/v7-m/crt0.o (__libc_init_array)
c:/st/stm32cubeide_1.4.0/stm32cubeide/plugins/com.st.stm32cube.ide.mcu.externaltools.gnu-tools-for-stm32.7-2018-q2-update.win32_1.4.0.202007081208/tools/bin/../lib/gcc/arm-none-eabi/7.3.1/../../../../arm-none-eabi/lib/thumb/v7-m\libc_nano.a(lib_a-malloc.o)
                              Core/Src/gfx.o (malloc)
c:/st/stm32cubeide_1.4.0/stm32cubeide/plugins/com.st.stm32cube.ide.mcu.externaltools.gnu-tools-for-stm32.7-2018-q2-update.win32_1.4.0.202007081208/tools/bin/../lib/gcc/arm-none-eabi/7.3.1/../../../../arm-none-eabi/lib/thumb/v7-m\libc_nano.a(lib_a-memset.o)
                              c:/st/stm32cubeide_1.4.0/stm32cubeide/plugins/com.st.stm32cube.ide.mcu.externaltools.gnu-tools-for-stm32.7-2018-q2-update.win32_1.4.0.202007081208/tools/bin/../lib/gcc/arm-none-eabi/7.3.1/../../../../arm-none-eabi/lib/thumb/v7-m/crt0.o (memset)
c:/st/stm32cubeide_1.4.0/stm32cubeide/plugins/com.st.stm32cube.ide.mcu.externaltools.gnu-tools-for-stm32.7-2018-q2-update.win32_1.4.0.202007081208/tools/bin/../lib/gcc/arm-none-eabi/7.3.1/../../../../arm-none-eabi/lib/thumb/v7-m\libc_nano.a(lib_a-nano-freer.o)
                              c:/st/stm32cubeide_1.4.0/stm32cubeide/plugins/com.st.stm32cube.ide.mcu.externaltools.gnu-tools-for-stm32.7-2018-q2-update.win32_1.4.0.202007081208/tools/bin/../lib/gcc/arm-none-eabi/7.3.1/../../../../arm-none-eabi/lib/thumb/v7-m\libc_nano.a(lib_a-malloc.o) (_free_r)
c:/st/stm32cubeide_1.4.0/stm32cubeide/plugins/com.st.stm32cube.ide.mcu.externaltools.gnu-tools-for-stm32.7-2018-q2-update.win32_1.4.0.202007081208/tools/bin/../lib/gcc/arm-none-eabi/7.3.1/../../../../arm-none-eabi/lib/thumb/v7-m\libc_nano.a(lib_a-nano-mallocr.o)
                              c:/st/stm32cubeide_1.4.0/stm32cubeide/plugins/com.st.stm32cube.ide.mcu.externaltools.gnu-tools-for-stm32.7-2018-q2-update.win32_1.4.0.202007081208/tools/bin/../lib/gcc/arm-none-eabi/7.3.1/../../../../arm-none-eabi/lib/thumb/v7-m\libc_nano.a(lib_a-malloc.o) (_malloc_r)
c:/st/stm32cubeide_1.4.0/stm32cubeide/plugins/com.st.stm32cube.ide.mcu.externaltools.gnu-tools-for-stm32.7-2018-q2-update.win32_1.4.0.202007081208/tools/bin/../lib/gcc/arm-none-eabi/7.3.1/../../../../arm-none-eabi/lib/thumb/v7-m\libc_nano.a(lib_a-sbrkr.o)
                              c:/st/stm32cubeide_1.4.0/stm32cubeide/plugins/com.st.stm32cube.ide.mcu.externaltools.gnu-tools-for-stm32.7-2018-q2-update.win32_1.4.0.202007081208/tools/bin/../lib/gcc/arm-none-eabi/7.3.1/../../../../arm-none-eabi/lib/thumb/v7-m\libc_nano.a(lib_a-nano-mallocr.o) (_sbrk_r)
c:/st/stm32cubeide_1.4.0/stm32cubeide/plugins/com.st.stm32cube.ide.mcu.externaltools.gnu-tools-for-stm32.7-2018-q2-update.win32_1.4.0.202007081208/tools/bin/../lib/gcc/arm-none-eabi/7.3.1/../../../../arm-none-eabi/lib/thumb/v7-m\libc_nano.a(lib_a-strlen.o)
                              Core/Src/GUI.o (strlen)
[...]
Memory Configuration

Name             Origin             Length             Attributes
RAM              0x0000000020000000 0x0000000000005000 xrw
FLASH            0x0000000008000000 0x0000000000010000 xr
*default*        0x0000000000000000 0xffffffffffffffff

Linker script and memory map

LOAD c:/st/stm32cubeide_1.4.0/stm32cubeide/plugins/com.st.stm32cube.ide.mcu.externaltools.gnu-tools-for-stm32.7-2018-q2-update.win32_1.4.0.202007081208/tools/bin/../lib/gcc/arm-none-eabi/7.3.1/thumb/v7-m/crti.o
LOAD c:/st/stm32cubeide_1.4.0/stm32cubeide/plugins/com.st.stm32cube.ide.mcu.externaltools.gnu-tools-for-stm32.7-2018-q2-update.win32_1.4.0.202007081208/tools/bin/../lib/gcc/arm-none-eabi/7.3.1/thumb/v7-m/crtbegin.o
LOAD c:/st/stm32cubeide_1.4.0/stm32cubeide/plugins/com.st.stm32cube.ide.mcu.externaltools.gnu-tools-for-stm32.7-2018-q2-update.win32_1.4.0.202007081208/tools/bin/../lib/gcc/arm-none-eabi/7.3.1/../../../../arm-none-eabi/lib/thumb/v7-m/crt0.o
LOAD Core/Src/GUI.o
LOAD Core/Src/gfx.o
LOAD Core/Src/glcdfont.o
LOAD Core/Src/lcd.o
LOAD Core/Src/main.o
LOAD Core/Src/stm32f1xx_hal_msp.o
LOAD Core/Src/stm32f1xx_it.o
LOAD Core/Src/syscalls.o
LOAD Core/Src/sysmem.o
LOAD Core/Src/system_stm32f1xx.o
LOAD Core/Src/test.o
LOAD Core/Startup/startup_stm32f103c8tx.o
LOAD Drivers/STM32F1xx_HAL_Driver/Src/stm32f1xx_hal.o
LOAD Drivers/STM32F1xx_HAL_Driver/Src/stm32f1xx_hal_cortex.o
LOAD Drivers/STM32F1xx_HAL_Driver/Src/stm32f1xx_hal_dma.o
LOAD Drivers/STM32F1xx_HAL_Driver/Src/stm32f1xx_hal_exti.o
LOAD Drivers/STM32F1xx_HAL_Driver/Src/stm32f1xx_hal_flash.o
LOAD Drivers/STM32F1xx_HAL_Driver/Src/stm32f1xx_hal_flash_ex.o
LOAD Drivers/STM32F1xx_HAL_Driver/Src/stm32f1xx_hal_gpio.o
LOAD Drivers/STM32F1xx_HAL_Driver/Src/stm32f1xx_hal_gpio_ex.o
LOAD Drivers/STM32F1xx_HAL_Driver/Src/stm32f1xx_hal_pwr.o
LOAD Drivers/STM32F1xx_HAL_Driver/Src/stm32f1xx_hal_rcc.o
LOAD Drivers/STM32F1xx_HAL_Driver/Src/stm32f1xx_hal_rcc_ex.o
LOAD Drivers/STM32F1xx_HAL_Driver/Src/stm32f1xx_hal_tim.o
LOAD Drivers/STM32F1xx_HAL_Driver/Src/stm32f1xx_hal_tim_ex.o
LOAD Drivers/STM32F1xx_HAL_Driver/Src/stm32f1xx_hal_uart.o
START GROUP
LOAD c:/st/stm32cubeide_1.4.0/stm32cubeide/plugins/com.st.stm32cube.ide.mcu.externaltools.gnu-tools-for-stm32.7-2018-q2-update.win32_1.4.0.202007081208/tools/bin/../lib/gcc/arm-none-eabi/7.3.1/../../../../arm-none-eabi/lib/thumb/v7-m\libc_nano.a
LOAD c:/st/stm32cubeide_1.4.0/stm32cubeide/plugins/com.st.stm32cube.ide.mcu.externaltools.gnu-tools-for-stm32.7-2018-q2-update.win32_1.4.0.202007081208/tools/bin/../lib/gcc/arm-none-eabi/7.3.1/../../../../arm-none-eabi/lib/thumb/v7-m\libm.a
END GROUP
START GROUP
LOAD c:/st/stm32cubeide_1.4.0/stm32cubeide/plugins/com.st.stm32cube.ide.mcu.externaltools.gnu-tools-for-stm32.7-2018-q2-update.win32_1.4.0.202007081208/tools/bin/../lib/gcc/arm-none-eabi/7.3.1/thumb/v7-m\libgcc.a
LOAD c:/st/stm32cubeide_1.4.0/stm32cubeide/plugins/com.st.stm32cube.ide.mcu.externaltools.gnu-tools-for-stm32.7-2018-q2-update.win32_1.4.0.202007081208/tools/bin/../lib/gcc/arm-none-eabi/7.3.1/../../../../arm-none-eabi/lib/thumb/v7-m\libc_nano.a
END GROUP
START GROUP
LOAD c:/st/stm32cubeide_1.4.0/stm32cubeide/plugins/com.st.stm32cube.ide.mcu.externaltools.gnu-tools-for-stm32.7-2018-q2-update.win32_1.4.0.202007081208/tools/bin/../lib/gcc/arm-none-eabi/7.3.1/thumb/v7-m\libgcc.a
LOAD c:/st/stm32cubeide_1.4.0/stm32cubeide/plugins/com.st.stm32cube.ide.mcu.externaltools.gnu-tools-for-stm32.7-2018-q2-update.win32_1.4.0.202007081208/tools/bin/../lib/gcc/arm-none-eabi/7.3.1/../../../../arm-none-eabi/lib/thumb/v7-m\libc_nano.a
LOAD c:/st/stm32cubeide_1.4.0/stm32cubeide/plugins/com.st.stm32cube.ide.mcu.externaltools.gnu-tools-for-stm32.7-2018-q2-update.win32_1.4.0.202007081208/tools/bin/../lib/gcc/arm-none-eabi/7.3.1/../../../../arm-none-eabi/lib/thumb/v7-m\libnosys.a
END GROUP
START GROUP
LOAD c:/st/stm32cubeide_1.4.0/stm32cubeide/plugins/com.st.stm32cube.ide.mcu.externaltools.gnu-tools-for-stm32.7-2018-q2-update.win32_1.4.0.202007081208/tools/bin/../lib/gcc/arm-none-eabi/7.3.1/thumb/v7-m\libgcc.a
LOAD c:/st/stm32cubeide_1.4.0/stm32cubeide/plugins/com.st.stm32cube.ide.mcu.externaltools.gnu-tools-for-stm32.7-2018-q2-update.win32_1.4.0.202007081208/tools/bin/../lib/gcc/arm-none-eabi/7.3.1/../../../../arm-none-eabi/lib/thumb/v7-m\libc_nano.a
LOAD c:/st/stm32cubeide_1.4.0/stm32cubeide/plugins/com.st.stm32cube.ide.mcu.externaltools.gnu-tools-for-stm32.7-2018-q2-update.win32_1.4.0.202007081208/tools/bin/../lib/gcc/arm-none-eabi/7.3.1/../../../../arm-none-eabi/lib/thumb/v7-m\libnosys.a
END GROUP
LOAD c:/st/stm32cubeide_1.4.0/stm32cubeide/plugins/com.st.stm32cube.ide.mcu.externaltools.gnu-tools-for-stm32.7-2018-q2-update.win32_1.4.0.202007081208/tools/bin/../lib/gcc/arm-none-eabi/7.3.1/thumb/v7-m/crtend.o
LOAD c:/st/stm32cubeide_1.4.0/stm32cubeide/plugins/com.st.stm32cube.ide.mcu.externaltools.gnu-tools-for-stm32.7-2018-q2-update.win32_1.4.0.202007081208/tools/bin/../lib/gcc/arm-none-eabi/7.3.1/thumb/v7-m/crtn.o
                0x0000000020005000                _estack = (ORIGIN (RAM) + LENGTH (RAM))
                0x0000000000000200                _Min_Heap_Size = 0x200
                0x0000000000000400                _Min_Stack_Size = 0x400

.isr_vector     0x0000000008000000      0x10c
                0x0000000008000000                . = ALIGN (0x4)
 *(.isr_vector)
 .isr_vector    0x0000000008000000      0x10c Core/Startup/startup_stm32f103c8tx.o
                0x0000000008000000                g_pfnVectors
                0x000000000800010c                . = ALIGN (0x4)

.text           0x0000000008000110     0x6938
                0x0000000008000110                . = ALIGN (0x4)
 *(.text)
 .text          0x0000000008000110       0x40 c:/st/stm32cubeide_1.4.0/stm32cubeide/plugins/com.st.stm32cube.ide.mcu.externaltools.gnu-tools-for-stm32.7-2018-q2-update.win32_1.4.0.202007081208/tools/bin/../lib/gcc/arm-none-eabi/7.3.1/thumb/v7-m/crtbegin.o
 .text          0x0000000008000150       0x10 c:/st/stm32cubeide_1.4.0/stm32cubeide/plugins/com.st.stm32cube.ide.mcu.externaltools.gnu-tools-for-stm32.7-2018-q2-update.win32_1.4.0.202007081208/tools/bin/../lib/gcc/arm-none-eabi/7.3.1/../../../../arm-none-eabi/lib/thumb/v7-m\libc_nano.a(lib_a-strlen.o)
                0x0000000008000150                strlen
 .text          0x0000000008000160      0x378 c:/st/stm32cubeide_1.4.0/stm32cubeide/plugins/com.st.stm32cube.ide.mcu.externaltools.gnu-tools-for-stm32.7-2018-q2-update.win32_1.4.0.202007081208/tools/bin/../lib/gcc/arm-none-eabi/7.3.1/thumb/v7-m\libgcc.a(_arm_addsubdf3.o)
                0x0000000008000160                __aeabi_drsub
                0x0000000008000168                __aeabi_dsub
                0x0000000008000168                __subdf3
                0x000000000800016c                __aeabi_dadd
                0x000000000800016c                __adddf3
                0x00000000080003e4                __floatunsidf
                0x00000000080003e4                __aeabi_ui2d
                0x0000000008000404                __floatsidf
                0x0000000008000404                __aeabi_i2d
                0x0000000008000428                __aeabi_f2d
                0x0000000008000428                __extendsfdf2
                0x000000000800046c                __floatundidf
                0x000000000800046c                __aeabi_ul2d
                0x000000000800047c                __floatdidf
                0x000000000800047c                __aeabi_l2d
 .text          0x00000000080004d8      0x424 c:/st/stm32cubeide_1.4.0/stm32cubeide/plugins/com.st.stm32cube.ide.mcu.externaltools.gnu-tools-for-stm32.7-2018-q2-update.win32_1.4.0.202007081208/tools/bin/../lib/gcc/arm-none-eabi/7.3.1/thumb/v7-m\libgcc.a(_arm_muldivdf3.o)
                0x00000000080004d8                __aeabi_dmul
                0x00000000080004d8                __muldf3
                0x000000000800072c                __divdf3
                0x000000000800072c                __aeabi_ddiv
 .text          0x00000000080008fc      0x110 c:/st/stm32cubeide_1.4.0/stm32cubeide/plugins/com.st.stm32cube.ide.mcu.externaltools.gnu-tools-for-stm32.7-2018-q2-update.win32_1.4.0.202007081208/tools/bin/../lib/gcc/arm-none-eabi/7.3.1/thumb/v7-m\libgcc.a(_arm_cmpdf2.o)
                0x00000000080008fc                __gtdf2
                0x00000000080008fc                __gedf2
                0x0000000008000904                __ltdf2
                0x0000000008000904                __ledf2
                0x000000000800090c                __nedf2
                0x000000000800090c                __eqdf2
                0x000000000800090c                __cmpdf2
                0x0000000008000988                __aeabi_cdrcmple
                0x0000000008000998                __aeabi_cdcmpeq
                0x0000000008000998                __aeabi_cdcmple
                0x00000000080009a8                __aeabi_dcmpeq
                0x00000000080009bc                __aeabi_dcmplt
                0x00000000080009d0                __aeabi_dcmple
                0x00000000080009e4                __aeabi_dcmpge
                0x00000000080009f8                __aeabi_dcmpgt
 .text          0x0000000008000a0c       0x50 c:/st/stm32cubeide_1.4.0/stm32cubeide/plugins/com.st.stm32cube.ide.mcu.externaltools.gnu-tools-for-stm32.7-2018-q2-update.win32_1.4.0.202007081208/tools/bin/../lib/gcc/arm-none-eabi/7.3.1/thumb/v7-m\libgcc.a(_arm_fixdfsi.o)
                0x0000000008000a0c                __aeabi_d2iz
                0x0000000008000a0c                __fixdfsi
 .text          0x0000000008000a5c       0xa0 c:/st/stm32cubeide_1.4.0/stm32cubeide/plugins/com.st.stm32cube.ide.mcu.externaltools.gnu-tools-for-stm32.7-2018-q2-update.win32_1.4.0.202007081208/tools/bin/../lib/gcc/arm-none-eabi/7.3.1/thumb/v7-m\libgcc.a(_arm_truncdfsf2.o)
                0x0000000008000a5c                __truncdfsf2
                0x0000000008000a5c                __aeabi_d2f
 .text          0x0000000008000afc      0x21c c:/st/stm32cubeide_1.4.0/stm32cubeide/plugins/com.st.stm32cube.ide.mcu.externaltools.gnu-tools-for-stm32.7-2018-q2-update.win32_1.4.0.202007081208/tools/bin/../lib/gcc/arm-none-eabi/7.3.1/thumb/v7-m\libgcc.a(_arm_addsubsf3.o)
                0x0000000008000afc                __aeabi_frsub
                0x0000000008000b04                __subsf3
                0x0000000008000b04                __aeabi_fsub
                0x0000000008000b08                __aeabi_fadd
                0x0000000008000b08                __addsf3
                0x0000000008000c68                __aeabi_ui2f
                0x0000000008000c68                __floatunsisf
                0x0000000008000c70                __aeabi_i2f
                0x0000000008000c70                __floatsisf
                0x0000000008000c8c                __aeabi_ul2f
                0x0000000008000c8c                __floatundisf
                0x0000000008000c9c                __aeabi_l2f
                0x0000000008000c9c                __floatdisf
 .text          0x0000000008000d18      0x2a0 c:/st/stm32cubeide_1.4.0/stm32cubeide/plugins/com.st.stm32cube.ide.mcu.externaltools.gnu-tools-for-stm32.7-2018-q2-update.win32_1.4.0.202007081208/tools/bin/../lib/gcc/arm-none-eabi/7.3.1/thumb/v7-m\libgcc.a(_arm_muldivsf3.o)
                0x0000000008000d18                __mulsf3
                0x0000000008000d18                __aeabi_fmul
                0x0000000008000e80                __aeabi_fdiv
                0x0000000008000e80                __divsf3
 .text          0x0000000008000fb8       0x4c c:/st/stm32cubeide_1.4.0/stm32cubeide/plugins/com.st.stm32cube.ide.mcu.externaltools.gnu-tools-for-stm32.7-2018-q2-update.win32_1.4.0.202007081208/tools/bin/../lib/gcc/arm-none-eabi/7.3.1/thumb/v7-m\libgcc.a(_arm_fixsfsi.o)
                0x0000000008000fb8                __aeabi_f2iz
                0x0000000008000fb8                __fixsfsi
 *(.text*)
 .text.Get_Width
                0x0000000008001004       0x18 Core/Src/GUI.o
                0x0000000008001004                Get_Width
 .text.Get_Height
                0x000000000800101c       0x18 Core/Src/GUI.o
                0x000000000800101c                Get_Height
 .text.Draw_Pixe
                0x0000000008001034       0x60 Core/Src/GUI.o
                0x0000000008001034                Draw_Pixe
 .text.Fill_Rect
                0x0000000008001094      0x132 Core/Src/GUI.o
                0x0000000008001094                Fill_Rect
 .text.pgm_read_glyph_ptr
                0x00000000080011c6       0x20 Core/Src/gfx.o
                0x00000000080011c6                pgm_read_glyph_ptr
 .text.pgm_read_bitmap_ptr
                0x00000000080011e6       0x16 Core/Src/gfx.o
                0x00000000080011e6                pgm_read_bitmap_ptr
 .text.gfx_setCursor
                0x00000000080011fc       0x30 Core/Src/gfx.o
                0x00000000080011fc                gfx_setCursor
 .text.gfx_setTextColor
                0x000000000800122c       0x2c Core/Src/gfx.o
                0x000000000800122c                gfx_setTextColor
 .text.gfx_init
                0x0000000008001258       0x9c Core/Src/gfx.o
                0x0000000008001258                gfx_init
 .text.gfx_writeLine
                0x00000000080012f4      0x142 Core/Src/gfx.o
                0x00000000080012f4                gfx_writeLine
 .text.gfx_startWrite
                0x0000000008001436        0xc Core/Src/gfx.o
                0x0000000008001436                gfx_startWrite
 .text.gfx_writePixel
                0x0000000008001442       0x2a Core/Src/gfx.o
                0x0000000008001442                gfx_writePixel
 .text.gfx_writeFastVLine
                0x000000000800146c       0x38 Core/Src/gfx.o
                0x000000000800146c                gfx_writeFastVLine
 .text.gfx_writeFastHLine
                0x00000000080014a4       0x38 Core/Src/gfx.o
                0x00000000080014a4                gfx_writeFastHLine
 .text.gfx_writeFillRect
                0x00000000080014dc       0x40 Core/Src/gfx.o
                0x00000000080014dc                gfx_writeFillRect
 .text.gfx_endWrite
                0x000000000800151c        0xc Core/Src/gfx.o
                0x000000000800151c                gfx_endWrite
 .text.gfx_drawFastVLine
                0x0000000008001528       0x52 Core/Src/gfx.o
                0x0000000008001528                gfx_drawFastVLine
 .text.gfx_drawFastHLine
                0x000000000800157a       0x52 Core/Src/gfx.o
                0x000000000800157a                gfx_drawFastHLine
 .text.gfx_fillScreen
                0x00000000080015cc       0x34 Core/Src/gfx.o
                0x00000000080015cc                gfx_fillScreen
 .text.gfx_drawLine
                0x0000000008001600       0xcc Core/Src/gfx.o
                0x0000000008001600                gfx_drawLine
 .text.gfx_drawCircle
                0x00000000080016cc      0x1de Core/Src/gfx.o
                0x00000000080016cc                gfx_drawCircle
 .text.gfx_drawCircleHelper
                0x00000000080018aa      0x1a6 Core/Src/gfx.o
                0x00000000080018aa                gfx_drawCircleHelper
 .text.gfx_fillCircle
                0x0000000008001a50       0x68 Core/Src/gfx.o
                0x0000000008001a50                gfx_fillCircle
 .text.gfx_fillCircleHelper
                0x0000000008001ab8      0x19c Core/Src/gfx.o
                0x0000000008001ab8                gfx_fillCircleHelper
 .text.gfx_drawRoundRect
                0x0000000008001c54      0x1a2 Core/Src/gfx.o
                0x0000000008001c54                gfx_drawRoundRect
 .text.gfx_fillRoundRect
                0x0000000008001df6       0xfa Core/Src/gfx.o
                0x0000000008001df6                gfx_fillRoundRect
 .text.gfx_drawEllipse
                0x0000000008001ef0      0x224 Core/Src/gfx.o
                0x0000000008001ef0                gfx_drawEllipse
 *fill*         0x0000000008002114        0x4 
 .text.gfx_FillRectWithAngle
                0x0000000008002118      0x1ac Core/Src/gfx.o
                0x0000000008002118                gfx_FillRectWithAngle
 .text.gfx_drawRGBBitmap1
                0x00000000080022c4       0x9c Core/Src/gfx.o
                0x00000000080022c4                gfx_drawRGBBitmap1
 .text.gfx_drawChar1
                0x0000000008002360      0x418 Core/Src/gfx.o
                0x0000000008002360                gfx_drawChar1
 .text.gfx_write
                0x0000000008002778      0x254 Core/Src/gfx.o
                0x0000000008002778                gfx_write
 .text.gfx_print
                0x00000000080029cc       0x2a Core/Src/gfx.o
                0x00000000080029cc                gfx_print
 *fill*         0x00000000080029f6        0x2 
 .text.gfx_setTextSize1
                0x00000000080029f8       0x44 Core/Src/gfx.o
                0x00000000080029f8                gfx_setTextSize1
 .text.gfx_setFont
                0x0000000008002a3c       0x5c Core/Src/gfx.o
                0x0000000008002a3c                gfx_setFont
 .text.gfx_btn_initButton
                0x0000000008002a98       0x62 Core/Src/gfx.o
                0x0000000008002a98                gfx_btn_initButton
 .text.gfx_btn_initButtonUL
                0x0000000008002afa       0x54 Core/Src/gfx.o
                0x0000000008002afa                gfx_btn_initButtonUL
 *fill*         0x0000000008002b4e        0x2 
 .text.gfx_btn_initButtonUL1
                0x0000000008002b50       0x94 Core/Src/gfx.o
                0x0000000008002b50                gfx_btn_initButtonUL1
 *fill*         0x0000000008002be4        0x4 
 .text.gfx_btn_drawButton
                0x0000000008002be8      0x1f4 Core/Src/gfx.o
                0x0000000008002be8                gfx_btn_drawButton
 .text.LCD_write
                0x0000000008002ddc       0x34 Core/Src/lcd.o
                0x0000000008002ddc                LCD_write
 .text.LCD_WR_REG
                0x0000000008002e10       0x28 Core/Src/lcd.o
                0x0000000008002e10                LCD_WR_REG
 .text.LCD_WR_DATA
                0x0000000008002e38       0x28 Core/Src/lcd.o
                0x0000000008002e38                LCD_WR_DATA
 .text.LCD_WriteReg
                0x0000000008002e60       0x28 Core/Src/lcd.o
                0x0000000008002e60                LCD_WriteReg
 .text.LCD_WriteRAM_Prepare
                0x0000000008002e88       0x18 Core/Src/lcd.o
                0x0000000008002e88                LCD_WriteRAM_Prepare
 .text.Lcd_WriteData_16Bit
                0x0000000008002ea0       0x28 Core/Src/lcd.o
                0x0000000008002ea0                Lcd_WriteData_16Bit
 .text.LCD_Clear
                0x0000000008002ec8       0x68 Core/Src/lcd.o
                0x0000000008002ec8                LCD_Clear
 .text.LCD_RESET
                0x0000000008002f30       0x2c Core/Src/lcd.o
                0x0000000008002f30                LCD_RESET
 .text.LCD_Init
                0x0000000008002f5c      0x1d0 Core/Src/lcd.o
                0x0000000008002f5c                LCD_Init
 .text.LCD_SetWindows
                0x000000000800312c       0xa4 Core/Src/lcd.o
                0x000000000800312c                LCD_SetWindows
 .text.LCD_direction
                0x00000000080031d0       0xb0 Core/Src/lcd.o
                0x00000000080031d0                LCD_direction
 .text.ClearprocessAni
                0x0000000008003280      0x254 Core/Src/main.o
                0x0000000008003280                ClearprocessAni
 *fill*         0x00000000080034d4        0x4 
 .text.processAni
                0x00000000080034d8      0x6a8 Core/Src/main.o
                0x00000000080034d8                processAni
 .text.destroyTap
                0x0000000008003b80      0x14c Core/Src/main.o
                0x0000000008003b80                destroyTap
 .text.createTap
                0x0000000008003ccc      0x1d8 Core/Src/main.o
                0x0000000008003ccc                createTap
 .text.tapLoop  0x0000000008003ea4       0x5c Core/Src/main.o
                0x0000000008003ea4                tapLoop
 .text.main     0x0000000008003f00      0x17c Core/Src/main.o
                0x0000000008003f00                main
 .text.SystemClock_Config
                0x000000000800407c       0x82 Core/Src/main.o
                0x000000000800407c                SystemClock_Config
 *fill*         0x00000000080040fe        0x2 
 .text.MX_USART1_UART_Init
                0x0000000008004100       0x54 Core/Src/main.o
 .text.MX_GPIO_Init
                0x0000000008004154       0xf0 Core/Src/main.o
 .text.Error_Handler
                0x0000000008004244        0xc Core/Src/main.o
                0x0000000008004244                Error_Handler
 .text.HAL_MspInit
                0x0000000008004250       0x64 Core/Src/stm32f1xx_hal_msp.o
                0x0000000008004250                HAL_MspInit
 .text.HAL_UART_MspInit
                0x00000000080042b4       0xa8 Core/Src/stm32f1xx_hal_msp.o
                0x00000000080042b4                HAL_UART_MspInit
 .text.NMI_Handler
                0x000000000800435c        0xc Core/Src/stm32f1xx_it.o
                0x000000000800435c                NMI_Handler
 .text.HardFault_Handler
                0x0000000008004368        0x6 Core/Src/stm32f1xx_it.o
                0x0000000008004368                HardFault_Handler
 .text.MemManage_Handler
                0x000000000800436e        0x6 Core/Src/stm32f1xx_it.o
                0x000000000800436e                MemManage_Handler
 .text.BusFault_Handler
                0x0000000008004374        0x6 Core/Src/stm32f1xx_it.o
                0x0000000008004374                BusFault_Handler
 .text.UsageFault_Handler
                0x000000000800437a        0x6 Core/Src/stm32f1xx_it.o
                0x000000000800437a                UsageFault_Handler
 .text.SVC_Handler
                0x0000000008004380        0xc Core/Src/stm32f1xx_it.o
                0x0000000008004380                SVC_Handler
 .text.DebugMon_Handler
                0x000000000800438c        0xc Core/Src/stm32f1xx_it.o
                0x000000000800438c                DebugMon_Handler
 .text.PendSV_Handler
                0x0000000008004398        0xc Core/Src/stm32f1xx_it.o
                0x0000000008004398                PendSV_Handler
 .text.SysTick_Handler
                0x00000000080043a4        0xc Core/Src/stm32f1xx_it.o
                0x00000000080043a4                SysTick_Handler
 .text.USART1_IRQHandler
                0x00000000080043b0       0x14 Core/Src/stm32f1xx_it.o
                0x00000000080043b0                USART1_IRQHandler
 .text.SystemInit
                0x00000000080043c4        0xc Core/Src/system_stm32f1xx.o
                0x00000000080043c4                SystemInit
 .text.Reset_Handler
                0x00000000080043d0       0x48 Core/Startup/startup_stm32f103c8tx.o
                0x00000000080043d0                Reset_Handler
 .text.Default_Handler
                0x0000000008004418        0x2 Core/Startup/startup_stm32f103c8tx.o
                0x0000000008004418                RTC_Alarm_IRQHandler
                0x0000000008004418                EXTI2_IRQHandler
                0x0000000008004418                TIM1_CC_IRQHandler
                0x0000000008004418                PVD_IRQHandler
                0x0000000008004418                EXTI3_IRQHandler
                0x0000000008004418                EXTI0_IRQHandler
                0x0000000008004418                I2C2_EV_IRQHandler
                0x0000000008004418                ADC1_2_IRQHandler
                0x0000000008004418                SPI1_IRQHandler
                0x0000000008004418                TAMPER_IRQHandler
                0x0000000008004418                DMA1_Channel4_IRQHandler
                0x0000000008004418                USART3_IRQHandler
                0x0000000008004418                RTC_IRQHandler
                0x0000000008004418                DMA1_Channel7_IRQHandler
                0x0000000008004418                CAN1_RX1_IRQHandler
                0x0000000008004418                TIM4_IRQHandler
                0x0000000008004418                I2C1_EV_IRQHandler
                0x0000000008004418                DMA1_Channel6_IRQHandler
                0x0000000008004418                TIM3_IRQHandler
                0x0000000008004418                RCC_IRQHandler
                0x0000000008004418                TIM1_TRG_COM_IRQHandler
                0x0000000008004418                DMA1_Channel1_IRQHandler
                0x0000000008004418                Default_Handler
                0x0000000008004418                EXTI15_10_IRQHandler
                0x0000000008004418                EXTI9_5_IRQHandler
                0x0000000008004418                SPI2_IRQHandler
                0x0000000008004418                DMA1_Channel5_IRQHandler
                0x0000000008004418                EXTI4_IRQHandler
                0x0000000008004418                USB_LP_CAN1_RX0_IRQHandler
                0x0000000008004418                USB_HP_CAN1_TX_IRQHandler
                0x0000000008004418                DMA1_Channel3_IRQHandler
                0x0000000008004418                TIM1_UP_IRQHandler
                0x0000000008004418                WWDG_IRQHandler
                0x0000000008004418                TIM2_IRQHandler
                0x0000000008004418                TIM1_BRK_IRQHandler
                0x0000000008004418                EXTI1_IRQHandler
                0x0000000008004418                USART2_IRQHandler
                0x0000000008004418                I2C2_ER_IRQHandler
                0x0000000008004418                DMA1_Channel2_IRQHandler
                0x0000000008004418                CAN1_SCE_IRQHandler
                0x0000000008004418                FLASH_IRQHandler
                0x0000000008004418                I2C1_ER_IRQHandler
                0x0000000008004418                USBWakeUp_IRQHandler
 *fill*         0x000000000800441a        0x2 
 .text.HAL_Init
                0x000000000800441c       0x2c Drivers/STM32F1xx_HAL_Driver/Src/stm32f1xx_hal.o
                0x000000000800441c                HAL_Init
 .text.HAL_InitTick
                0x0000000008004448       0x60 Drivers/STM32F1xx_HAL_Driver/Src/stm32f1xx_hal.o
                0x0000000008004448                HAL_InitTick
 .text.HAL_IncTick
                0x00000000080044a8       0x24 Drivers/STM32F1xx_HAL_Driver/Src/stm32f1xx_hal.o
                0x00000000080044a8                HAL_IncTick
 .text.HAL_GetTick
                0x00000000080044cc       0x14 Drivers/STM32F1xx_HAL_Driver/Src/stm32f1xx_hal.o
                0x00000000080044cc                HAL_GetTick
 .text.HAL_Delay
                0x00000000080044e0       0x44 Drivers/STM32F1xx_HAL_Driver/Src/stm32f1xx_hal.o
                0x00000000080044e0                HAL_Delay
 .text.__NVIC_SetPriorityGrouping
                0x0000000008004524       0x48 Drivers/STM32F1xx_HAL_Driver/Src/stm32f1xx_hal_cortex.o
 .text.__NVIC_GetPriorityGrouping
                0x000000000800456c       0x1c Drivers/STM32F1xx_HAL_Driver/Src/stm32f1xx_hal_cortex.o
 .text.__NVIC_EnableIRQ
                0x0000000008004588       0x38 Drivers/STM32F1xx_HAL_Driver/Src/stm32f1xx_hal_cortex.o
 .text.__NVIC_SetPriority
                0x00000000080045c0       0x54 Drivers/STM32F1xx_HAL_Driver/Src/stm32f1xx_hal_cortex.o
 .text.NVIC_EncodePriority
                0x0000000008004614       0x64 Drivers/STM32F1xx_HAL_Driver/Src/stm32f1xx_hal_cortex.o
 .text.SysTick_Config
                0x0000000008004678       0x44 Drivers/STM32F1xx_HAL_Driver/Src/stm32f1xx_hal_cortex.o
 .text.HAL_NVIC_SetPriorityGrouping
                0x00000000080046bc       0x16 Drivers/STM32F1xx_HAL_Driver/Src/stm32f1xx_hal_cortex.o
                0x00000000080046bc                HAL_NVIC_SetPriorityGrouping
 .text.HAL_NVIC_SetPriority
                0x00000000080046d2       0x38 Drivers/STM32F1xx_HAL_Driver/Src/stm32f1xx_hal_cortex.o
                0x00000000080046d2                HAL_NVIC_SetPriority
 .text.HAL_NVIC_EnableIRQ
                0x000000000800470a       0x1c Drivers/STM32F1xx_HAL_Driver/Src/stm32f1xx_hal_cortex.o
                0x000000000800470a                HAL_NVIC_EnableIRQ
 .text.HAL_SYSTICK_Config
                0x0000000008004726       0x18 Drivers/STM32F1xx_HAL_Driver/Src/stm32f1xx_hal_cortex.o
                0x0000000008004726                HAL_SYSTICK_Config
 *fill*         0x000000000800473e        0x2 
 .text.HAL_DMA_Abort_IT
                0x0000000008004740       0xec Drivers/STM32F1xx_HAL_Driver/Src/stm32f1xx_hal_dma.o
                0x0000000008004740                HAL_DMA_Abort_IT
 .text.HAL_GPIO_Init
                0x000000000800482c      0x2b4 Drivers/STM32F1xx_HAL_Driver/Src/stm32f1xx_hal_gpio.o
                0x000000000800482c                HAL_GPIO_Init
 .text.HAL_GPIO_WritePin
                0x0000000008004ae0       0x30 Drivers/STM32F1xx_HAL_Driver/Src/stm32f1xx_hal_gpio.o
                0x0000000008004ae0                HAL_GPIO_WritePin
 .text.HAL_RCC_OscConfig
                0x0000000008004b10      0x500 Drivers/STM32F1xx_HAL_Driver/Src/stm32f1xx_hal_rcc.o
                0x0000000008004b10                HAL_RCC_OscConfig
 .text.HAL_RCC_ClockConfig
                0x0000000008005010      0x1d4 Drivers/STM32F1xx_HAL_Driver/Src/stm32f1xx_hal_rcc.o
                0x0000000008005010                HAL_RCC_ClockConfig
 .text.HAL_RCC_GetSysClockFreq
                0x00000000080051e4       0xc8 Drivers/STM32F1xx_HAL_Driver/Src/stm32f1xx_hal_rcc.o
                0x00000000080051e4                HAL_RCC_GetSysClockFreq
 .text.HAL_RCC_GetHCLKFreq
                0x00000000080052ac       0x14 Drivers/STM32F1xx_HAL_Driver/Src/stm32f1xx_hal_rcc.o
                0x00000000080052ac                HAL_RCC_GetHCLKFreq
 .text.HAL_RCC_GetPCLK1Freq
                0x00000000080052c0       0x28 Drivers/STM32F1xx_HAL_Driver/Src/stm32f1xx_hal_rcc.o
                0x00000000080052c0                HAL_RCC_GetPCLK1Freq
 .text.HAL_RCC_GetPCLK2Freq
                0x00000000080052e8       0x28 Drivers/STM32F1xx_HAL_Driver/Src/stm32f1xx_hal_rcc.o
                0x00000000080052e8                HAL_RCC_GetPCLK2Freq
 .text.RCC_Delay
                0x0000000008005310       0x3c Drivers/STM32F1xx_HAL_Driver/Src/stm32f1xx_hal_rcc.o
 .text.HAL_UART_Init
                0x000000000800534c       0x9a Drivers/STM32F1xx_HAL_Driver/Src/stm32f1xx_hal_uart.o
                0x000000000800534c                HAL_UART_Init
 *fill*         0x00000000080053e6        0x2 
 .text.HAL_UART_IRQHandler
                0x00000000080053e8      0x200 Drivers/STM32F1xx_HAL_Driver/Src/stm32f1xx_hal_uart.o
                0x00000000080053e8                HAL_UART_IRQHandler
 .text.HAL_UART_TxCpltCallback
                0x00000000080055e8       0x12 Drivers/STM32F1xx_HAL_Driver/Src/stm32f1xx_hal_uart.o
                0x00000000080055e8                HAL_UART_TxCpltCallback
 .text.HAL_UART_RxCpltCallback
                0x00000000080055fa       0x12 Drivers/STM32F1xx_HAL_Driver/Src/stm32f1xx_hal_uart.o
                0x00000000080055fa                HAL_UART_RxCpltCallback
 .text.HAL_UART_ErrorCallback
                0x000000000800560c       0x12 Drivers/STM32F1xx_HAL_Driver/Src/stm32f1xx_hal_uart.o
                0x000000000800560c                HAL_UART_ErrorCallback
 .text.UART_EndRxTransfer
                0x000000000800561e       0x3a Drivers/STM32F1xx_HAL_Driver/Src/stm32f1xx_hal_uart.o
 .text.UART_DMAAbortOnError
                0x0000000008005658       0x28 Drivers/STM32F1xx_HAL_Driver/Src/stm32f1xx_hal_uart.o
 .text.UART_Transmit_IT
                0x0000000008005680       0x9e Drivers/STM32F1xx_HAL_Driver/Src/stm32f1xx_hal_uart.o
 .text.UART_EndTransmit_IT
                0x000000000800571e       0x30 Drivers/STM32F1xx_HAL_Driver/Src/stm32f1xx_hal_uart.o
 .text.UART_Receive_IT
                0x000000000800574e      0x100 Drivers/STM32F1xx_HAL_Driver/Src/stm32f1xx_hal_uart.o
 *fill*         0x000000000800584e        0x2 
 .text.UART_SetConfig
                0x0000000008005850      0x11c Drivers/STM32F1xx_HAL_Driver/Src/stm32f1xx_hal_uart.o
 .text.__libc_init_array
                0x000000000800596c       0x48 c:/st/stm32cubeide_1.4.0/stm32cubeide/plugins/com.st.stm32cube.ide.mcu.externaltools.gnu-tools-for-stm32.7-2018-q2-update.win32_1.4.0.202007081208/tools/bin/../lib/gcc/arm-none-eabi/7.3.1/../../../../arm-none-eabi/lib/thumb/v7-m\libc_nano.a(lib_a-init.o)
                0x000000000800596c                __libc_init_array
 .text.memset   0x00000000080059b4       0x10 c:/st/stm32cubeide_1.4.0/stm32cubeide/plugins/com.st.stm32cube.ide.mcu.externaltools.gnu-tools-for-stm32.7-2018-q2-update.win32_1.4.0.202007081208/tools/bin/../lib/gcc/arm-none-eabi/7.3.1/../../../../arm-none-eabi/lib/thumb/v7-m\libc_nano.a(lib_a-memset.o)
                0x00000000080059b4                memset
 .text.strncpy  0x00000000080059c4       0x2a c:/st/stm32cubeide_1.4.0/stm32cubeide/plugins/com.st.stm32cube.ide.mcu.externaltools.gnu-tools-for-stm32.7-2018-q2-update.win32_1.4.0.202007081208/tools/bin/../lib/gcc/arm-none-eabi/7.3.1/../../../../arm-none-eabi/lib/thumb/v7-m\libc_nano.a(lib_a-strncpy.o)
                0x00000000080059c4                strncpy
 *fill*         0x00000000080059ee        0x2 
 .text.cos      0x00000000080059f0       0x6c c:/st/stm32cubeide_1.4.0/stm32cubeide/plugins/com.st.stm32cube.ide.mcu.externaltools.gnu-tools-for-stm32.7-2018-q2-update.win32_1.4.0.202007081208/tools/bin/../lib/gcc/arm-none-eabi/7.3.1/../../../../arm-none-eabi/lib/thumb/v7-m\libm.a(lib_a-s_cos.o)
                0x00000000080059f0                cos
 .text.sin      0x0000000008005a5c       0x74 c:/st/stm32cubeide_1.4.0/stm32cubeide/plugins/com.st.stm32cube.ide.mcu.externaltools.gnu-tools-for-stm32.7-2018-q2-update.win32_1.4.0.202007081208/tools/bin/../lib/gcc/arm-none-eabi/7.3.1/../../../../arm-none-eabi/lib/thumb/v7-m\libm.a(lib_a-s_sin.o)
                0x0000000008005a5c                sin
 .text.__ieee754_rem_pio2
                0x0000000008005ad0      0x3e0 c:/st/stm32cubeide_1.4.0/stm32cubeide/plugins/com.st.stm32cube.ide.mcu.externaltools.gnu-tools-for-stm32.7-2018-q2-update.win32_1.4.0.202007081208/tools/bin/../lib/gcc/arm-none-eabi/7.3.1/../../../../arm-none-eabi/lib/thumb/v7-m\libm.a(lib_a-e_rem_pio2.o)
                0x0000000008005ad0                __ieee754_rem_pio2
 .text.__kernel_cos
                0x0000000008005eb0      0x17c c:/st/stm32cubeide_1.4.0/stm32cubeide/plugins/com.st.stm32cube.ide.mcu.externaltools.gnu-tools-for-stm32.7-2018-q2-update.win32_1.4.0.202007081208/tools/bin/../lib/gcc/arm-none-eabi/7.3.1/../../../../arm-none-eabi/lib/thumb/v7-m\libm.a(lib_a-k_cos.o)
                0x0000000008005eb0                __kernel_cos
 .text.__kernel_rem_pio2
                0x000000000800602c      0x694 c:/st/stm32cubeide_1.4.0/stm32cubeide/plugins/com.st.stm32cube.ide.mcu.externaltools.gnu-tools-for-stm32.7-2018-q2-update.win32_1.4.0.202007081208/tools/bin/../lib/gcc/arm-none-eabi/7.3.1/../../../../arm-none-eabi/lib/thumb/v7-m\libm.a(lib_a-k_rem_pio2.o)
                0x000000000800602c                __kernel_rem_pio2
 .text.__kernel_sin
                0x00000000080066c0      0x16c c:/st/stm32cubeide_1.4.0/stm32cubeide/plugins/com.st.stm32cube.ide.mcu.externaltools.gnu-tools-for-stm32.7-2018-q2-update.win32_1.4.0.202007081208/tools/bin/../lib/gcc/arm-none-eabi/7.3.1/../../../../arm-none-eabi/lib/thumb/v7-m\libm.a(lib_a-k_sin.o)
                0x00000000080066c0                __kernel_sin
 .text.fabs     0x000000000800682c        0x8 c:/st/stm32cubeide_1.4.0/stm32cubeide/plugins/com.st.stm32cube.ide.mcu.externaltools.gnu-tools-for-stm32.7-2018-q2-update.win32_1.4.0.202007081208/tools/bin/../lib/gcc/arm-none-eabi/7.3.1/../../../../arm-none-eabi/lib/thumb/v7-m\libm.a(lib_a-s_fabs.o)
                0x000000000800682c                fabs
 *fill*         0x0000000008006834        0x4 
 .text.floor    0x0000000008006838      0x108 c:/st/stm32cubeide_1.4.0/stm32cubeide/plugins/com.st.stm32cube.ide.mcu.externaltools.gnu-tools-for-stm32.7-2018-q2-update.win32_1.4.0.202007081208/tools/bin/../lib/gcc/arm-none-eabi/7.3.1/../../../../arm-none-eabi/lib/thumb/v7-m\libm.a(lib_a-s_floor.o)
                0x0000000008006838                floor
 .text.scalbn   0x0000000008006940       0xdc c:/st/stm32cubeide_1.4.0/stm32cubeide/plugins/com.st.stm32cube.ide.mcu.externaltools.gnu-tools-for-stm32.7-2018-q2-update.win32_1.4.0.202007081208/tools/bin/../lib/gcc/arm-none-eabi/7.3.1/../../../../arm-none-eabi/lib/thumb/v7-m\libm.a(lib_a-s_scalbn.o)
                0x0000000008006940                scalbn
 .text.copysign
                0x0000000008006a1c       0x12 c:/st/stm32cubeide_1.4.0/stm32cubeide/plugins/com.st.stm32cube.ide.mcu.externaltools.gnu-tools-for-stm32.7-2018-q2-update.win32_1.4.0.202007081208/tools/bin/../lib/gcc/arm-none-eabi/7.3.1/../../../../arm-none-eabi/lib/thumb/v7-m\libm.a(lib_a-s_copysign.o)
                0x0000000008006a1c                copysign
 *(.glue_7)
 .glue_7        0x0000000008006a2e        0x0 linker stubs
 *(.glue_7t)
 .glue_7t       0x0000000008006a2e        0x0 linker stubs
 *(.eh_frame)
 *fill*         0x0000000008006a2e        0x2 
 .eh_frame      0x0000000008006a30        0x0 c:/st/stm32cubeide_1.4.0/stm32cubeide/plugins/com.st.stm32cube.ide.mcu.externaltools.gnu-tools-for-stm32.7-2018-q2-update.win32_1.4.0.202007081208/tools/bin/../lib/gcc/arm-none-eabi/7.3.1/thumb/v7-m/crtbegin.o
 *(.init)
 .init          0x0000000008006a30        0x4 c:/st/stm32cubeide_1.4.0/stm32cubeide/plugins/com.st.stm32cube.ide.mcu.externaltools.gnu-tools-for-stm32.7-2018-q2-update.win32_1.4.0.202007081208/tools/bin/../lib/gcc/arm-none-eabi/7.3.1/thumb/v7-m/crti.o
                0x0000000008006a30                _init
 .init          0x0000000008006a34        0x8 c:/st/stm32cubeide_1.4.0/stm32cubeide/plugins/com.st.stm32cube.ide.mcu.externaltools.gnu-tools-for-stm32.7-2018-q2-update.win32_1.4.0.202007081208/tools/bin/../lib/gcc/arm-none-eabi/7.3.1/thumb/v7-m/crtn.o
 *(.fini)
 .fini          0x0000000008006a3c        0x4 c:/st/stm32cubeide_1.4.0/stm32cubeide/plugins/com.st.stm32cube.ide.mcu.externaltools.gnu-tools-for-stm32.7-2018-q2-update.win32_1.4.0.202007081208/tools/bin/../lib/gcc/arm-none-eabi/7.3.1/thumb/v7-m/crti.o
                0x0000000008006a3c                _fini
 .fini          0x0000000008006a40        0x8 c:/st/stm32cubeide_1.4.0/stm32cubeide/plugins/com.st.stm32cube.ide.mcu.externaltools.gnu-tools-for-stm32.7-2018-q2-update.win32_1.4.0.202007081208/tools/bin/../lib/gcc/arm-none-eabi/7.3.1/thumb/v7-m/crtn.o
                0x0000000008006a48                . = ALIGN (0x4)
                0x0000000008006a48                _etext = .

.vfp11_veneer   0x0000000008006a48        0x0
 .vfp11_veneer  0x0000000008006a48        0x0 linker stubs

.v4_bx          0x0000000008006a48        0x0
 .v4_bx         0x0000000008006a48        0x0 linker stubs

.iplt           0x0000000008006a48        0x0
 .iplt          0x0000000008006a48        0x0 c:/st/stm32cubeide_1.4.0/stm32cubeide/plugins/com.st.stm32cube.ide.mcu.externaltools.gnu-tools-for-stm32.7-2018-q2-update.win32_1.4.0.202007081208/tools/bin/../lib/gcc/arm-none-eabi/7.3.1/thumb/v7-m/crtbegin.o

.rodata         0x0000000008006a48     0x25a8
                0x0000000008006a48                . = ALIGN (0x4)
 *(.rodata)
 .rodata        0x0000000008006a48       0x2c Core/Src/main.o
 .rodata        0x0000000008006a74       0x12 Drivers/STM32F1xx_HAL_Driver/Src/stm32f1xx_hal_rcc.o
 *(.rodata*)
 *fill*         0x0000000008006a86        0x2 
 .rodata.font   0x0000000008006a88      0x500 Core/Src/gfx.o
 .rodata.FreeMonoBold18pt7bBitmaps
                0x0000000008006f88      0xee5 Core/Src/main.o
                0x0000000008006f88                FreeMonoBold18pt7bBitmaps
 *fill*         0x0000000008007e6d        0x3 
 .rodata.FreeMonoBold18pt7bGlyphs
                0x0000000008007e70      0x2f8 Core/Src/main.o
                0x0000000008007e70                FreeMonoBold18pt7bGlyphs
 .rodata.FreeMonoBold18pt7b
                0x0000000008008168       0x10 Core/Src/main.o
                0x0000000008008168                FreeMonoBold18pt7b
 .rodata.gImage_testImg
                0x0000000008008178      0xc88 Core/Src/main.o
                0x0000000008008178                gImage_testImg
 .rodata.AHBPrescTable
                0x0000000008008e00       0x10 Core/Src/system_stm32f1xx.o
                0x0000000008008e00                AHBPrescTable
 .rodata.APBPrescTable
                0x0000000008008e10        0x8 Core/Src/system_stm32f1xx.o
                0x0000000008008e10                APBPrescTable
 .rodata.npio2_hw
                0x0000000008008e18       0x80 c:/st/stm32cubeide_1.4.0/stm32cubeide/plugins/com.st.stm32cube.ide.mcu.externaltools.gnu-tools-for-stm32.7-2018-q2-update.win32_1.4.0.202007081208/tools/bin/../lib/gcc/arm-none-eabi/7.3.1/../../../../arm-none-eabi/lib/thumb/v7-m\libm.a(lib_a-e_rem_pio2.o)
 .rodata.two_over_pi
                0x0000000008008e98      0x108 c:/st/stm32cubeide_1.4.0/stm32cubeide/plugins/com.st.stm32cube.ide.mcu.externaltools.gnu-tools-for-stm32.7-2018-q2-update.win32_1.4.0.202007081208/tools/bin/../lib/gcc/arm-none-eabi/7.3.1/../../../../arm-none-eabi/lib/thumb/v7-m\libm.a(lib_a-e_rem_pio2.o)
 .rodata.PIo2   0x0000000008008fa0       0x40 c:/st/stm32cubeide_1.4.0/stm32cubeide/plugins/com.st.stm32cube.ide.mcu.externaltools.gnu-tools-for-stm32.7-2018-q2-update.win32_1.4.0.202007081208/tools/bin/../lib/gcc/arm-none-eabi/7.3.1/../../../../arm-none-eabi/lib/thumb/v7-m\libm.a(lib_a-k_rem_pio2.o)
 .rodata.init_jk
                0x0000000008008fe0       0x10 c:/st/stm32cubeide_1.4.0/stm32cubeide/plugins/com.st.stm32cube.ide.mcu.externaltools.gnu-tools-for-stm32.7-2018-q2-update.win32_1.4.0.202007081208/tools/bin/../lib/gcc/arm-none-eabi/7.3.1/../../../../arm-none-eabi/lib/thumb/v7-m\libm.a(lib_a-k_rem_pio2.o)
                0x0000000008008ff0                . = ALIGN (0x4)

.rel.dyn        0x0000000008008ff0        0x0
 .rel.iplt      0x0000000008008ff0        0x0 c:/st/stm32cubeide_1.4.0/stm32cubeide/plugins/com.st.stm32cube.ide.mcu.externaltools.gnu-tools-for-stm32.7-2018-q2-update.win32_1.4.0.202007081208/tools/bin/../lib/gcc/arm-none-eabi/7.3.1/thumb/v7-m/crtbegin.o

.ARM.extab      0x0000000008008ff0        0x0
                0x0000000008008ff0                . = ALIGN (0x4)
 *(.ARM.extab* .gnu.linkonce.armextab.*)
                0x0000000008008ff0                . = ALIGN (0x4)

.ARM            0x0000000008008ff0        0x0
                0x0000000008008ff0                . = ALIGN (0x4)
                0x0000000008008ff0                __exidx_start = .
 *(.ARM.exidx*)
                0x0000000008008ff0                __exidx_end = .
                0x0000000008008ff0                . = ALIGN (0x4)

.preinit_array  0x0000000008008ff0        0x0
                0x0000000008008ff0                . = ALIGN (0x4)
                0x0000000008008ff0                PROVIDE (__preinit_array_start = .)
 *(.preinit_array*)
                0x0000000008008ff0                PROVIDE (__preinit_array_end = .)
                0x0000000008008ff0                . = ALIGN (0x4)

.init_array     0x0000000008008ff0        0x4
                0x0000000008008ff0                . = ALIGN (0x4)
                0x0000000008008ff0                PROVIDE (__init_array_start = .)
 *(SORT_BY_NAME(.init_array.*))
 *(.init_array*)
 .init_array    0x0000000008008ff0        0x4 c:/st/stm32cubeide_1.4.0/stm32cubeide/plugins/com.st.stm32cube.ide.mcu.externaltools.gnu-tools-for-stm32.7-2018-q2-update.win32_1.4.0.202007081208/tools/bin/../lib/gcc/arm-none-eabi/7.3.1/thumb/v7-m/crtbegin.o
                0x0000000008008ff4                PROVIDE (__init_array_end = .)
                0x0000000008008ff4                . = ALIGN (0x4)

.fini_array     0x0000000008008ff4        0x4
                0x0000000008008ff4                . = ALIGN (0x4)
                [!provide]                        PROVIDE (__fini_array_start = .)
 *(SORT_BY_NAME(.fini_array.*))
 *(.fini_array*)
 .fini_array    0x0000000008008ff4        0x4 c:/st/stm32cubeide_1.4.0/stm32cubeide/plugins/com.st.stm32cube.ide.mcu.externaltools.gnu-tools-for-stm32.7-2018-q2-update.win32_1.4.0.202007081208/tools/bin/../lib/gcc/arm-none-eabi/7.3.1/thumb/v7-m/crtbegin.o
                [!provide]                        PROVIDE (__fini_array_end = .)
                0x0000000008008ff8                . = ALIGN (0x4)
                0x0000000008008ff8                _sidata = LOADADDR (.data)

.data           0x0000000020000000       0x4c load address 0x0000000008008ff8
                0x0000000020000000                . = ALIGN (0x4)
                0x0000000020000000                _sdata = .
 *(.data)
 *(.data*)
 .data.crossX1  0x0000000020000000        0x4 Core/Src/main.o
                0x0000000020000000                crossX1
 .data.crossY1  0x0000000020000004        0x4 Core/Src/main.o
                0x0000000020000004                crossY1
 .data.crossX2  0x0000000020000008        0x4 Core/Src/main.o
                0x0000000020000008                crossX2
 .data.crossY2  0x000000002000000c        0x4 Core/Src/main.o
                0x000000002000000c                crossY2
 .data.aniAngle
                0x0000000020000010       0x20 Core/Src/main.o
                0x0000000020000010                aniAngle
 .data.pHColor  0x0000000020000030       0x10 Core/Src/main.o
                0x0000000020000030                pHColor
 .data.SystemCoreClock
                0x0000000020000040        0x4 Core/Src/system_stm32f1xx.o
                0x0000000020000040                SystemCoreClock
 .data.uwTickPrio
                0x0000000020000044        0x4 Drivers/STM32F1xx_HAL_Driver/Src/stm32f1xx_hal.o
                0x0000000020000044                uwTickPrio
 .data.uwTickFreq
                0x0000000020000048        0x1 Drivers/STM32F1xx_HAL_Driver/Src/stm32f1xx_hal.o
                0x0000000020000048                uwTickFreq
                0x000000002000004c                . = ALIGN (0x4)
 *fill*         0x0000000020000049        0x3 
                0x000000002000004c                _edata = .

.igot.plt       0x000000002000004c        0x0 load address 0x0000000008009044
 .igot.plt      0x000000002000004c        0x0 c:/st/stm32cubeide_1.4.0/stm32cubeide/plugins/com.st.stm32cube.ide.mcu.externaltools.gnu-tools-for-stm32.7-2018-q2-update.win32_1.4.0.202007081208/tools/bin/../lib/gcc/arm-none-eabi/7.3.1/thumb/v7-m/crtbegin.o
                0x000000002000004c                . = ALIGN (0x4)

.bss            0x000000002000004c       0xd4 load address 0x0000000008009044
                0x000000002000004c                _sbss = .
                0x000000002000004c                __bss_start__ = _sbss
 *(.bss)
 .bss           0x000000002000004c       0x1c c:/st/stm32cubeide_1.4.0/stm32cubeide/plugins/com.st.stm32cube.ide.mcu.externaltools.gnu-tools-for-stm32.7-2018-q2-update.win32_1.4.0.202007081208/tools/bin/../lib/gcc/arm-none-eabi/7.3.1/thumb/v7-m/crtbegin.o
 *(.bss*)
 .bss.angleF    0x0000000020000068        0x4 Core/Src/main.o
                0x0000000020000068                angleF
 .bss.angleValueX
                0x000000002000006c        0x4 Core/Src/main.o
                0x000000002000006c                angleValueX
 .bss.angleValueY
                0x0000000020000070        0x4 Core/Src/main.o
                0x0000000020000070                angleValueY
 .bss.aniAnglePos
                0x0000000020000074        0x2 Core/Src/main.o
                0x0000000020000074                aniAnglePos
 *fill*         0x0000000020000076        0x2 
 .bss.test.8469
                0x0000000020000078        0x4 Core/Src/main.o
 *(COMMON)
 COMMON         0x000000002000007c       0x4e Core/Src/gfx.o
                0x000000002000007c                laststate
                0x0000000020000080                gfx_canvas8_buffer
                0x0000000020000084                cursor_y
                0x0000000020000086                _textsize_x
                0x0000000020000088                _outlinecolor
                0x000000002000008a                _h
                0x000000002000008c                gfxFont
                0x0000000020000090                textsize_x
                0x0000000020000092                WIDTH
                0x0000000020000094                _w
                0x0000000020000098                _label
                0x00000000200000a2                rotation
                0x00000000200000a4                _fillcolor
                0x00000000200000a6                _cp437
                0x00000000200000a8                HEIGHT
                0x00000000200000ac                gfx_canvas1_buffer
                0x00000000200000b0                gfx_canvas16_buffer
                0x00000000200000b4                _textcolor
                0x00000000200000b6                _x1
                0x00000000200000b8                _width
                0x00000000200000ba                _y1
                0x00000000200000bc                cursor_x
                0x00000000200000be                wrap
                0x00000000200000c0                _height
                0x00000000200000c2                _textsize_y
                0x00000000200000c4                textbgcolor
                0x00000000200000c6                currstate
                0x00000000200000c7                textsize_y
                0x00000000200000c8                textcolor
 *fill*         0x00000000200000ca        0x2 
 COMMON         0x00000000200000cc       0x10 Core/Src/lcd.o
                0x00000000200000cc                lcddev
                0x00000000200000da                DeviceCode
 COMMON         0x00000000200000dc       0x40 Core/Src/main.o
                0x00000000200000dc                huart1
 COMMON         0x000000002000011c        0x4 Drivers/STM32F1xx_HAL_Driver/Src/stm32f1xx_hal.o
                0x000000002000011c                uwTick
                0x0000000020000120                . = ALIGN (0x4)
                0x0000000020000120                _ebss = .
                0x0000000020000120                __bss_end__ = _ebss

._user_heap_stack
                0x0000000020000120      0x600 load address 0x0000000008009044
                0x0000000020000120                . = ALIGN (0x8)
                [!provide]                        PROVIDE (end = .)
                0x0000000020000120                PROVIDE (_end = .)
                0x0000000020000320                . = (. + _Min_Heap_Size)
 *fill*         0x0000000020000120      0x200 
                0x0000000020000720                . = (. + _Min_Stack_Size)
 *fill*         0x0000000020000320      0x400 
                0x0000000020000720                . = ALIGN (0x8)

/DISCARD/
 libc.a(*)
 libm.a(*)
 libgcc.a(*)

.ARM.attributes
                0x0000000000000000       0x29
 *(.ARM.attributes)
 .ARM.attributes
                0x0000000000000000       0x1d c:/st/stm32cubeide_1.4.0/stm32cubeide/plugins/com.st.stm32cube.ide.mcu.externaltools.gnu-tools-for-stm32.7-2018-q2-update.win32_1.4.0.202007081208/tools/bin/../lib/gcc/arm-none-eabi/7.3.1/thumb/v7-m/crti.o
 .ARM.attributes
                0x000000000000001d       0x2d c:/st/stm32cubeide_1.4.0/stm32cubeide/plugins/com.st.stm32cube.ide.mcu.externaltools.gnu-tools-for-stm32.7-2018-q2-update.win32_1.4.0.202007081208/tools/bin/../lib/gcc/arm-none-eabi/7.3.1/thumb/v7-m/crtbegin.o
 .ARM.attributes
                0x000000000000004a       0x33 Core/Src/GUI.o
 .ARM.attributes
                0x000000000000007d       0x33 Core/Src/gfx.o
 .ARM.attributes
                0x00000000000000b0       0x33 Core/Src/lcd.o
 .ARM.attributes
                0x00000000000000e3       0x33 Core/Src/main.o
 .ARM.attributes
                0x0000000000000116       0x33 Core/Src/stm32f1xx_hal_msp.o
 .ARM.attributes
                0x0000000000000149       0x33 Core/Src/stm32f1xx_it.o
 .ARM.attributes
                0x000000000000017c       0x33 Core/Src/system_stm32f1xx.o
 .ARM.attributes
                0x00000000000001af       0x21 Core/Startup/startup_stm32f103c8tx.o
 .ARM.attributes
                0x00000000000001d0       0x33 Drivers/STM32F1xx_HAL_Driver/Src/stm32f1xx_hal.o
 .ARM.attributes
                0x0000000000000203       0x33 Drivers/STM32F1xx_HAL_Driver/Src/stm32f1xx_hal_cortex.o
 .ARM.attributes
                0x0000000000000236       0x33 Drivers/STM32F1xx_HAL_Driver/Src/stm32f1xx_hal_dma.o
 .ARM.attributes
                0x0000000000000269       0x33 Drivers/STM32F1xx_HAL_Driver/Src/stm32f1xx_hal_gpio.o
 .ARM.attributes
                0x000000000000029c       0x33 Drivers/STM32F1xx_HAL_Driver/Src/stm32f1xx_hal_rcc.o
 .ARM.attributes
                0x00000000000002cf       0x33 Drivers/STM32F1xx_HAL_Driver/Src/stm32f1xx_hal_uart.o
 .ARM.attributes
                0x0000000000000302       0x2d c:/st/stm32cubeide_1.4.0/stm32cubeide/plugins/com.st.stm32cube.ide.mcu.externaltools.gnu-tools-for-stm32.7-2018-q2-update.win32_1.4.0.202007081208/tools/bin/../lib/gcc/arm-none-eabi/7.3.1/../../../../arm-none-eabi/lib/thumb/v7-m\libc_nano.a(lib_a-init.o)
 .ARM.attributes
                0x000000000000032f       0x2d c:/st/stm32cubeide_1.4.0/stm32cubeide/plugins/com.st.stm32cube.ide.mcu.externaltools.gnu-tools-for-stm32.7-2018-q2-update.win32_1.4.0.202007081208/tools/bin/../lib/gcc/arm-none-eabi/7.3.1/../../../../arm-none-eabi/lib/thumb/v7-m\libc_nano.a(lib_a-memset.o)
 .ARM.attributes
                0x000000000000035c       0x17 c:/st/stm32cubeide_1.4.0/stm32cubeide/plugins/com.st.stm32cube.ide.mcu.externaltools.gnu-tools-for-stm32.7-2018-q2-update.win32_1.4.0.202007081208/tools/bin/../lib/gcc/arm-none-eabi/7.3.1/../../../../arm-none-eabi/lib/thumb/v7-m\libc_nano.a(lib_a-strlen.o)
 .ARM.attributes
                0x0000000000000373       0x2d c:/st/stm32cubeide_1.4.0/stm32cubeide/plugins/com.st.stm32cube.ide.mcu.externaltools.gnu-tools-for-stm32.7-2018-q2-update.win32_1.4.0.202007081208/tools/bin/../lib/gcc/arm-none-eabi/7.3.1/../../../../arm-none-eabi/lib/thumb/v7-m\libc_nano.a(lib_a-strncpy.o)
 .ARM.attributes
                0x00000000000003a0       0x2d c:/st/stm32cubeide_1.4.0/stm32cubeide/plugins/com.st.stm32cube.ide.mcu.externaltools.gnu-tools-for-stm32.7-2018-q2-update.win32_1.4.0.202007081208/tools/bin/../lib/gcc/arm-none-eabi/7.3.1/../../../../arm-none-eabi/lib/thumb/v7-m\libm.a(lib_a-s_cos.o)
 .ARM.attributes
                0x00000000000003cd       0x2d c:/st/stm32cubeide_1.4.0/stm32cubeide/plugins/com.st.stm32cube.ide.mcu.externaltools.gnu-tools-for-stm32.7-2018-q2-update.win32_1.4.0.202007081208/tools/bin/../lib/gcc/arm-none-eabi/7.3.1/../../../../arm-none-eabi/lib/thumb/v7-m\libm.a(lib_a-s_sin.o)
 .ARM.attributes
                0x00000000000003fa       0x2d c:/st/stm32cubeide_1.4.0/stm32cubeide/plugins/com.st.stm32cube.ide.mcu.externaltools.gnu-tools-for-stm32.7-2018-q2-update.win32_1.4.0.202007081208/tools/bin/../lib/gcc/arm-none-eabi/7.3.1/../../../../arm-none-eabi/lib/thumb/v7-m\libm.a(lib_a-e_rem_pio2.o)
 .ARM.attributes
                0x0000000000000427       0x2d c:/st/stm32cubeide_1.4.0/stm32cubeide/plugins/com.st.stm32cube.ide.mcu.externaltools.gnu-tools-for-stm32.7-2018-q2-update.win32_1.4.0.202007081208/tools/bin/../lib/gcc/arm-none-eabi/7.3.1/../../../../arm-none-eabi/lib/thumb/v7-m\libm.a(lib_a-k_cos.o)
 .ARM.attributes
                0x0000000000000454       0x2d c:/st/stm32cubeide_1.4.0/stm32cubeide/plugins/com.st.stm32cube.ide.mcu.externaltools.gnu-tools-for-stm32.7-2018-q2-update.win32_1.4.0.202007081208/tools/bin/../lib/gcc/arm-none-eabi/7.3.1/../../../../arm-none-eabi/lib/thumb/v7-m\libm.a(lib_a-k_rem_pio2.o)
 .ARM.attributes
                0x0000000000000481       0x2d c:/st/stm32cubeide_1.4.0/stm32cubeide/plugins/com.st.stm32cube.ide.mcu.externaltools.gnu-tools-for-stm32.7-2018-q2-update.win32_1.4.0.202007081208/tools/bin/../lib/gcc/arm-none-eabi/7.3.1/../../../../arm-none-eabi/lib/thumb/v7-m\libm.a(lib_a-k_sin.o)
 .ARM.attributes
                0x00000000000004ae       0x2d c:/st/stm32cubeide_1.4.0/stm32cubeide/plugins/com.st.stm32cube.ide.mcu.externaltools.gnu-tools-for-stm32.7-2018-q2-update.win32_1.4.0.202007081208/tools/bin/../lib/gcc/arm-none-eabi/7.3.1/../../../../arm-none-eabi/lib/thumb/v7-m\libm.a(lib_a-s_fabs.o)
 .ARM.attributes
                0x00000000000004db       0x2d c:/st/stm32cubeide_1.4.0/stm32cubeide/plugins/com.st.stm32cube.ide.mcu.externaltools.gnu-tools-for-stm32.7-2018-q2-update.win32_1.4.0.202007081208/tools/bin/../lib/gcc/arm-none-eabi/7.3.1/../../../../arm-none-eabi/lib/thumb/v7-m\libm.a(lib_a-s_floor.o)
 .ARM.attributes
                0x0000000000000508       0x2d c:/st/stm32cubeide_1.4.0/stm32cubeide/plugins/com.st.stm32cube.ide.mcu.externaltools.gnu-tools-for-stm32.7-2018-q2-update.win32_1.4.0.202007081208/tools/bin/../lib/gcc/arm-none-eabi/7.3.1/../../../../arm-none-eabi/lib/thumb/v7-m\libm.a(lib_a-s_scalbn.o)
 .ARM.attributes
                0x0000000000000535       0x2d c:/st/stm32cubeide_1.4.0/stm32cubeide/plugins/com.st.stm32cube.ide.mcu.externaltools.gnu-tools-for-stm32.7-2018-q2-update.win32_1.4.0.202007081208/tools/bin/../lib/gcc/arm-none-eabi/7.3.1/../../../../arm-none-eabi/lib/thumb/v7-m\libm.a(lib_a-s_copysign.o)
 .ARM.attributes
                0x0000000000000562       0x1d c:/st/stm32cubeide_1.4.0/stm32cubeide/plugins/com.st.stm32cube.ide.mcu.externaltools.gnu-tools-for-stm32.7-2018-q2-update.win32_1.4.0.202007081208/tools/bin/../lib/gcc/arm-none-eabi/7.3.1/thumb/v7-m\libgcc.a(_arm_addsubdf3.o)
 .ARM.attributes
                0x000000000000057f       0x1d c:/st/stm32cubeide_1.4.0/stm32cubeide/plugins/com.st.stm32cube.ide.mcu.externaltools.gnu-tools-for-stm32.7-2018-q2-update.win32_1.4.0.202007081208/tools/bin/../lib/gcc/arm-none-eabi/7.3.1/thumb/v7-m\libgcc.a(_arm_muldivdf3.o)
 .ARM.attributes
                0x000000000000059c       0x1d c:/st/stm32cubeide_1.4.0/stm32cubeide/plugins/com.st.stm32cube.ide.mcu.externaltools.gnu-tools-for-stm32.7-2018-q2-update.win32_1.4.0.202007081208/tools/bin/../lib/gcc/arm-none-eabi/7.3.1/thumb/v7-m\libgcc.a(_arm_cmpdf2.o)
 .ARM.attributes
                0x00000000000005b9       0x1d c:/st/stm32cubeide_1.4.0/stm32cubeide/plugins/com.st.stm32cube.ide.mcu.externaltools.gnu-tools-for-stm32.7-2018-q2-update.win32_1.4.0.202007081208/tools/bin/../lib/gcc/arm-none-eabi/7.3.1/thumb/v7-m\libgcc.a(_arm_fixdfsi.o)
 .ARM.attributes
                0x00000000000005d6       0x1d c:/st/stm32cubeide_1.4.0/stm32cubeide/plugins/com.st.stm32cube.ide.mcu.externaltools.gnu-tools-for-stm32.7-2018-q2-update.win32_1.4.0.202007081208/tools/bin/../lib/gcc/arm-none-eabi/7.3.1/thumb/v7-m\libgcc.a(_arm_truncdfsf2.o)
 .ARM.attributes
                0x00000000000005f3       0x1d c:/st/stm32cubeide_1.4.0/stm32cubeide/plugins/com.st.stm32cube.ide.mcu.externaltools.gnu-tools-for-stm32.7-2018-q2-update.win32_1.4.0.202007081208/tools/bin/../lib/gcc/arm-none-eabi/7.3.1/thumb/v7-m\libgcc.a(_arm_addsubsf3.o)
 .ARM.attributes
                0x0000000000000610       0x1d c:/st/stm32cubeide_1.4.0/stm32cubeide/plugins/com.st.stm32cube.ide.mcu.externaltools.gnu-tools-for-stm32.7-2018-q2-update.win32_1.4.0.202007081208/tools/bin/../lib/gcc/arm-none-eabi/7.3.1/thumb/v7-m\libgcc.a(_arm_muldivsf3.o)
 .ARM.attributes
                0x000000000000062d       0x1d c:/st/stm32cubeide_1.4.0/stm32cubeide/plugins/com.st.stm32cube.ide.mcu.externaltools.gnu-tools-for-stm32.7-2018-q2-update.win32_1.4.0.202007081208/tools/bin/../lib/gcc/arm-none-eabi/7.3.1/thumb/v7-m\libgcc.a(_arm_fixsfsi.o)
 .ARM.attributes
                0x000000000000064a       0x1d c:/st/stm32cubeide_1.4.0/stm32cubeide/plugins/com.st.stm32cube.ide.mcu.externaltools.gnu-tools-for-stm32.7-2018-q2-update.win32_1.4.0.202007081208/tools/bin/../lib/gcc/arm-none-eabi/7.3.1/thumb/v7-m/crtn.o
OUTPUT(ManthanJal64.elf elf32-littlearm)

.debug_info     0x0000000000000000     0xcccf
 .debug_info    0x0000000000000000     0x213a Core/Src/GUI.o
 .debug_info    0x000000000000213a     0x3bdd Core/Src/gfx.o
 .debug_info    0x0000000000005d17      0xcf8 Core/Src/lcd.o
 .debug_info    0x0000000000006a0f     0x1574 Core/Src/main.o
 .debug_info    0x0000000000007f83      0x978 Core/Src/stm32f1xx_hal_msp.o
 .debug_info    0x00000000000088fb      0x63d Core/Src/stm32f1xx_it.o
 .debug_info    0x0000000000008f38      0x29a Core/Src/system_stm32f1xx.o
 .debug_info    0x00000000000091d2       0x22 Core/Startup/startup_stm32f103c8tx.o
 .debug_info    0x00000000000091f4      0x714 Drivers/STM32F1xx_HAL_Driver/Src/stm32f1xx_hal.o
 .debug_info    0x0000000000009908      0xb51 Drivers/STM32F1xx_HAL_Driver/Src/stm32f1xx_hal_cortex.o
 .debug_info    0x000000000000a459      0x7b1 Drivers/STM32F1xx_HAL_Driver/Src/stm32f1xx_hal_dma.o
 .debug_info    0x000000000000ac0a      0x69b Drivers/STM32F1xx_HAL_Driver/Src/stm32f1xx_hal_gpio.o
 .debug_info    0x000000000000b2a5      0x80f Drivers/STM32F1xx_HAL_Driver/Src/stm32f1xx_hal_rcc.o
 .debug_info    0x000000000000bab4     0x121b Drivers/STM32F1xx_HAL_Driver/Src/stm32f1xx_hal_uart.o

.debug_abbrev   0x0000000000000000     0x1d09
 .debug_abbrev  0x0000000000000000      0x34a Core/Src/GUI.o
 .debug_abbrev  0x000000000000034a      0x38d Core/Src/gfx.o
 .debug_abbrev  0x00000000000006d7      0x26d Core/Src/lcd.o
 .debug_abbrev  0x0000000000000944      0x2c2 Core/Src/main.o
 .debug_abbrev  0x0000000000000c06      0x195 Core/Src/stm32f1xx_hal_msp.o
 .debug_abbrev  0x0000000000000d9b      0x149 Core/Src/stm32f1xx_it.o
 .debug_abbrev  0x0000000000000ee4      0x134 Core/Src/system_stm32f1xx.o
 .debug_abbrev  0x0000000000001018       0x12 Core/Startup/startup_stm32f103c8tx.o
 .debug_abbrev  0x000000000000102a      0x1c7 Drivers/STM32F1xx_HAL_Driver/Src/stm32f1xx_hal.o
 .debug_abbrev  0x00000000000011f1      0x2d5 Drivers/STM32F1xx_HAL_Driver/Src/stm32f1xx_hal_cortex.o
 .debug_abbrev  0x00000000000014c6      0x1fe Drivers/STM32F1xx_HAL_Driver/Src/stm32f1xx_hal_dma.o
 .debug_abbrev  0x00000000000016c4      0x1c0 Drivers/STM32F1xx_HAL_Driver/Src/stm32f1xx_hal_gpio.o
 .debug_abbrev  0x0000000000001884      0x243 Drivers/STM32F1xx_HAL_Driver/Src/stm32f1xx_hal_rcc.o
 .debug_abbrev  0x0000000000001ac7      0x242 Drivers/STM32F1xx_HAL_Driver/Src/stm32f1xx_hal_uart.o

.debug_aranges  0x0000000000000000      0xc38
 .debug_aranges
                0x0000000000000000      0x1c8 Core/Src/GUI.o
 .debug_aranges
                0x00000000000001c8      0x380 Core/Src/gfx.o
 .debug_aranges
                0x0000000000000548       0x88 Core/Src/lcd.o
 .debug_aranges
                0x00000000000005d0       0x68 Core/Src/main.o
 .debug_aranges
                0x0000000000000638       0x30 Core/Src/stm32f1xx_hal_msp.o
 .debug_aranges
                0x0000000000000668       0x68 Core/Src/stm32f1xx_it.o
 .debug_aranges
                0x00000000000006d0       0x28 Core/Src/system_stm32f1xx.o
 .debug_aranges
                0x00000000000006f8       0x28 Core/Startup/startup_stm32f103c8tx.o
 .debug_aranges
                0x0000000000000720       0xe0 Drivers/STM32F1xx_HAL_Driver/Src/stm32f1xx_hal.o
 .debug_aranges
                0x0000000000000800      0x100 Drivers/STM32F1xx_HAL_Driver/Src/stm32f1xx_hal_cortex.o
 .debug_aranges
                0x0000000000000900       0x80 Drivers/STM32F1xx_HAL_Driver/Src/stm32f1xx_hal_dma.o
 .debug_aranges
                0x0000000000000980       0x58 Drivers/STM32F1xx_HAL_Driver/Src/stm32f1xx_hal_gpio.o
 .debug_aranges
                0x00000000000009d8       0x90 Drivers/STM32F1xx_HAL_Driver/Src/stm32f1xx_hal_rcc.o
 .debug_aranges
                0x0000000000000a68      0x1d0 Drivers/STM32F1xx_HAL_Driver/Src/stm32f1xx_hal_uart.o

.debug_ranges   0x0000000000000000      0xbc0
 .debug_ranges  0x0000000000000000      0x1d0 Core/Src/GUI.o
 .debug_ranges  0x00000000000001d0      0x3b8 Core/Src/gfx.o
 .debug_ranges  0x0000000000000588       0x78 Core/Src/lcd.o
 .debug_ranges  0x0000000000000600       0x58 Core/Src/main.o
 .debug_ranges  0x0000000000000658       0x20 Core/Src/stm32f1xx_hal_msp.o
 .debug_ranges  0x0000000000000678       0x58 Core/Src/stm32f1xx_it.o
 .debug_ranges  0x00000000000006d0       0x18 Core/Src/system_stm32f1xx.o
 .debug_ranges  0x00000000000006e8       0x20 Core/Startup/startup_stm32f103c8tx.o
 .debug_ranges  0x0000000000000708       0xd0 Drivers/STM32F1xx_HAL_Driver/Src/stm32f1xx_hal.o
 .debug_ranges  0x00000000000007d8       0xf0 Drivers/STM32F1xx_HAL_Driver/Src/stm32f1xx_hal_cortex.o
 .debug_ranges  0x00000000000008c8       0x70 Drivers/STM32F1xx_HAL_Driver/Src/stm32f1xx_hal_dma.o
 .debug_ranges  0x0000000000000938       0x48 Drivers/STM32F1xx_HAL_Driver/Src/stm32f1xx_hal_gpio.o
 .debug_ranges  0x0000000000000980       0x80 Drivers/STM32F1xx_HAL_Driver/Src/stm32f1xx_hal_rcc.o
 .debug_ranges  0x0000000000000a00      0x1c0 Drivers/STM32F1xx_HAL_Driver/Src/stm32f1xx_hal_uart.o

.debug_macro    0x0000000000000000    0x1801c
 .debug_macro   0x0000000000000000      0x2b7 Core/Src/GUI.o
 .debug_macro   0x00000000000002b7      0xa5a Core/Src/GUI.o
 .debug_macro   0x0000000000000d11       0x18 Core/Src/GUI.o
 .debug_macro   0x0000000000000d29       0x22 Core/Src/GUI.o
 .debug_macro   0x0000000000000d4b       0x40 Core/Src/GUI.o
 .debug_macro   0x0000000000000d8b       0x94 Core/Src/GUI.o
 .debug_macro   0x0000000000000e1f       0x3c Core/Src/GUI.o
 .debug_macro   0x0000000000000e5b       0x34 Core/Src/GUI.o
 .debug_macro   0x0000000000000e8f       0x16 Core/Src/GUI.o
 .debug_macro   0x0000000000000ea5      0x10e Core/Src/GUI.o
 .debug_macro   0x0000000000000fb3       0x8d Core/Src/GUI.o
 .debug_macro   0x0000000000001040       0x57 Core/Src/GUI.o
 .debug_macro   0x0000000000001097       0x52 Core/Src/GUI.o
 .debug_macro   0x00000000000010e9       0x1f Core/Src/GUI.o
 .debug_macro   0x0000000000001108       0x43 Core/Src/GUI.o
 .debug_macro   0x000000000000114b       0x20 Core/Src/GUI.o
 .debug_macro   0x000000000000116b      0x1a3 Core/Src/GUI.o
 .debug_macro   0x000000000000130e      0x330 Core/Src/GUI.o
 .debug_macro   0x000000000000163e       0x16 Core/Src/GUI.o
 .debug_macro   0x0000000000001654       0x29 Core/Src/GUI.o
 .debug_macro   0x000000000000167d      0x215 Core/Src/GUI.o
 .debug_macro   0x0000000000001892       0x2e Core/Src/GUI.o
 .debug_macro   0x00000000000018c0       0x22 Core/Src/GUI.o
 .debug_macro   0x00000000000018e2       0xef Core/Src/GUI.o
 .debug_macro   0x00000000000019d1       0x6a Core/Src/GUI.o
 .debug_macro   0x0000000000001a3b      0x1df Core/Src/GUI.o
 .debug_macro   0x0000000000001c1a       0x1c Core/Src/GUI.o
 .debug_macro   0x0000000000001c36       0x22 Core/Src/GUI.o
 .debug_macro   0x0000000000001c58       0xbd Core/Src/GUI.o
 .debug_macro   0x0000000000001d15      0xd23 Core/Src/GUI.o
 .debug_macro   0x0000000000002a38     0xe097 Core/Src/GUI.o
 .debug_macro   0x0000000000010acf       0x43 Core/Src/GUI.o
 .debug_macro   0x0000000000010b12     0x3468 Core/Src/GUI.o
 .debug_macro   0x0000000000013f7a       0x56 Core/Src/GUI.o
 .debug_macro   0x0000000000013fd0      0x5be Core/Src/GUI.o
 .debug_macro   0x000000000001458e      0x289 Core/Src/GUI.o
 .debug_macro   0x0000000000014817      0x1cb Core/Src/GUI.o
 .debug_macro   0x00000000000149e2      0x114 Core/Src/GUI.o
 .debug_macro   0x0000000000014af6      0x1b2 Core/Src/GUI.o
 .debug_macro   0x0000000000014ca8       0x27 Core/Src/GUI.o
 .debug_macro   0x0000000000014ccf      0x136 Core/Src/GUI.o
 .debug_macro   0x0000000000014e05      0x1bc Core/Src/GUI.o
 .debug_macro   0x0000000000014fc1       0x34 Core/Src/GUI.o
 .debug_macro   0x0000000000014ff5       0x3c Core/Src/GUI.o
 .debug_macro   0x0000000000015031       0x57 Core/Src/GUI.o
 .debug_macro   0x0000000000015088       0x88 Core/Src/GUI.o
 .debug_macro   0x0000000000015110      0x241 Core/Src/GUI.o
 .debug_macro   0x0000000000015351      0x141 Core/Src/GUI.o
 .debug_macro   0x0000000000015492      0x26b Core/Src/GUI.o
 .debug_macro   0x00000000000156fd       0x83 Core/Src/GUI.o
 .debug_macro   0x0000000000015780      0x106 Core/Src/GUI.o
 .debug_macro   0x0000000000015886      0x102 Core/Src/GUI.o
 .debug_macro   0x0000000000015988       0x16 Core/Src/GUI.o
 .debug_macro   0x000000000001599e       0x35 Core/Src/GUI.o
 .debug_macro   0x00000000000159d3       0x20 Core/Src/GUI.o
 .debug_macro   0x00000000000159f3       0x22 Core/Src/GUI.o
 .debug_macro   0x0000000000015a15       0x16 Core/Src/GUI.o
 .debug_macro   0x0000000000015a2b      0x3d2 Core/Src/gfx.o
 .debug_macro   0x0000000000015dfd       0x16 Core/Src/gfx.o
 .debug_macro   0x0000000000015e13       0x97 Core/Src/gfx.o
 .debug_macro   0x0000000000015eaa       0xfd Core/Src/gfx.o
 .debug_macro   0x0000000000015fa7       0x10 Core/Src/gfx.o
 .debug_macro   0x0000000000015fb7       0x10 Core/Src/gfx.o
 .debug_macro   0x0000000000015fc7       0x1c Core/Src/gfx.o
 .debug_macro   0x0000000000015fe3       0x52 Core/Src/gfx.o
 .debug_macro   0x0000000000016035       0x40 Core/Src/gfx.o
 .debug_macro   0x0000000000016075       0x10 Core/Src/gfx.o
 .debug_macro   0x0000000000016085       0x40 Core/Src/gfx.o
 .debug_macro   0x00000000000160c5       0xd7 Core/Src/gfx.o
 .debug_macro   0x000000000001619c       0x1c Core/Src/gfx.o
 .debug_macro   0x00000000000161b8       0x3d Core/Src/gfx.o
 .debug_macro   0x00000000000161f5       0x16 Core/Src/gfx.o
 .debug_macro   0x000000000001620b      0x145 Core/Src/gfx.o
 .debug_macro   0x0000000000016350       0x16 Core/Src/gfx.o
 .debug_macro   0x0000000000016366       0x10 Core/Src/gfx.o
 .debug_macro   0x0000000000016376      0x1e1 Core/Src/gfx.o
 .debug_macro   0x0000000000016557      0x265 Core/Src/lcd.o
 .debug_macro   0x00000000000167bc      0x3a3 Core/Src/main.o
 .debug_macro   0x0000000000016b5f       0xc3 Core/Src/main.o
 .debug_macro   0x0000000000016c22      0x174 Core/Src/main.o
 .debug_macro   0x0000000000016d96       0x5c Core/Src/main.o
 .debug_macro   0x0000000000016df2      0x32a Core/Src/main.o
 .debug_macro   0x000000000001711c       0x1c Core/Src/main.o
 .debug_macro   0x0000000000017138       0x1c Core/Src/main.o
 .debug_macro   0x0000000000017154      0x19d Core/Src/stm32f1xx_hal_msp.o
 .debug_macro   0x00000000000172f1      0x1a7 Core/Src/stm32f1xx_it.o
 .debug_macro   0x0000000000017498      0x18e Core/Src/system_stm32f1xx.o
 .debug_macro   0x0000000000017626      0x1b2 Drivers/STM32F1xx_HAL_Driver/Src/stm32f1xx_hal.o
 .debug_macro   0x00000000000177d8      0x18e Drivers/STM32F1xx_HAL_Driver/Src/stm32f1xx_hal_cortex.o
 .debug_macro   0x0000000000017966      0x18e Drivers/STM32F1xx_HAL_Driver/Src/stm32f1xx_hal_dma.o
 .debug_macro   0x0000000000017af4      0x1f9 Drivers/STM32F1xx_HAL_Driver/Src/stm32f1xx_hal_gpio.o
 .debug_macro   0x0000000000017ced      0x1a0 Drivers/STM32F1xx_HAL_Driver/Src/stm32f1xx_hal_rcc.o
 .debug_macro   0x0000000000017e8d      0x18f Drivers/STM32F1xx_HAL_Driver/Src/stm32f1xx_hal_uart.o

.debug_line     0x0000000000000000     0x8df6
 .debug_line    0x0000000000000000     0x1013 Core/Src/GUI.o
 .debug_line    0x0000000000001013     0x1a08 Core/Src/gfx.o
 .debug_line    0x0000000000002a1b      0x8f9 Core/Src/lcd.o
 .debug_line    0x0000000000003314      0xa7d Core/Src/main.o
 .debug_line    0x0000000000003d91      0x67b Core/Src/stm32f1xx_hal_msp.o
 .debug_line    0x000000000000440c      0x6fc Core/Src/stm32f1xx_it.o
 .debug_line    0x0000000000004b08      0x66e Core/Src/system_stm32f1xx.o
 .debug_line    0x0000000000005176       0x84 Core/Startup/startup_stm32f103c8tx.o
 .debug_line    0x00000000000051fa      0x821 Drivers/STM32F1xx_HAL_Driver/Src/stm32f1xx_hal.o
 .debug_line    0x0000000000005a1b      0x8f8 Drivers/STM32F1xx_HAL_Driver/Src/stm32f1xx_hal_cortex.o
 .debug_line    0x0000000000006313      0xa86 Drivers/STM32F1xx_HAL_Driver/Src/stm32f1xx_hal_dma.o
 .debug_line    0x0000000000006d99      0x81d Drivers/STM32F1xx_HAL_Driver/Src/stm32f1xx_hal_gpio.o
 .debug_line    0x00000000000075b6      0x8e1 Drivers/STM32F1xx_HAL_Driver/Src/stm32f1xx_hal_rcc.o
 .debug_line    0x0000000000007e97      0xf5f Drivers/STM32F1xx_HAL_Driver/Src/stm32f1xx_hal_uart.o

.debug_str      0x0000000000000000    0x8406f
 .debug_str     0x0000000000000000    0x7fba4 Core/Src/GUI.o
                                      0x7ffc8 (size before relaxing)
 .debug_str     0x000000000007fba4     0x262d Core/Src/gfx.o
                                      0x82239 (size before relaxing)
 .debug_str     0x00000000000821d1      0x123 Core/Src/lcd.o
                                      0x7fb06 (size before relaxing)
 .debug_str     0x00000000000822f4      0x666 Core/Src/main.o
                                      0x81c99 (size before relaxing)
 .debug_str     0x000000000008295a      0x2e8 Core/Src/stm32f1xx_hal_msp.o
                                      0x7cd3d (size before relaxing)
 .debug_str     0x0000000000082c42       0xcf Core/Src/stm32f1xx_it.o
                                      0x7ca31 (size before relaxing)
 .debug_str     0x0000000000082d11       0x52 Core/Src/system_stm32f1xx.o
                                      0x7c27a (size before relaxing)
 .debug_str     0x0000000000082d63       0x36 Core/Startup/startup_stm32f103c8tx.o
                                         0x6e (size before relaxing)
 .debug_str     0x0000000000082d99      0x2fa Drivers/STM32F1xx_HAL_Driver/Src/stm32f1xx_hal.o
                                      0x7c90b (size before relaxing)
 .debug_str     0x0000000000083093      0x300 Drivers/STM32F1xx_HAL_Driver/Src/stm32f1xx_hal_cortex.o
                                      0x7c913 (size before relaxing)
 .debug_str     0x0000000000083393      0x235 Drivers/STM32F1xx_HAL_Driver/Src/stm32f1xx_hal_dma.o
                                      0x7c655 (size before relaxing)
 .debug_str     0x00000000000835c8      0x31f Drivers/STM32F1xx_HAL_Driver/Src/stm32f1xx_hal_gpio.o
                                      0x7c63e (size before relaxing)
 .debug_str     0x00000000000838e7      0x24f Drivers/STM32F1xx_HAL_Driver/Src/stm32f1xx_hal_rcc.o
                                      0x7c677 (size before relaxing)
 .debug_str     0x0000000000083b36      0x539 Drivers/STM32F1xx_HAL_Driver/Src/stm32f1xx_hal_uart.o
                                      0x7cb7d (size before relaxing)

.comment        0x0000000000000000       0x7b
 .comment       0x0000000000000000       0x7b Core/Src/GUI.o
                                         0x7c (size before relaxing)
 .comment       0x000000000000007b       0x7c Core/Src/gfx.o
 .comment       0x000000000000007b       0x7c Core/Src/lcd.o
 .comment       0x000000000000007b       0x7c Core/Src/main.o
 .comment       0x000000000000007b       0x7c Core/Src/stm32f1xx_hal_msp.o
 .comment       0x000000000000007b       0x7c Core/Src/stm32f1xx_it.o
 .comment       0x000000000000007b       0x7c Core/Src/system_stm32f1xx.o
 .comment       0x000000000000007b       0x7c Drivers/STM32F1xx_HAL_Driver/Src/stm32f1xx_hal.o
 .comment       0x000000000000007b       0x7c Drivers/STM32F1xx_HAL_Driver/Src/stm32f1xx_hal_cortex.o
 .comment       0x000000000000007b       0x7c Drivers/STM32F1xx_HAL_Driver/Src/stm32f1xx_hal_dma.o
 .comment       0x000000000000007b       0x7c Drivers/STM32F1xx_HAL_Driver/Src/stm32f1xx_hal_gpio.o
 .comment       0x000000000000007b       0x7c Drivers/STM32F1xx_HAL_Driver/Src/stm32f1xx_hal_rcc.o
 .comment       0x000000000000007b       0x7c Drivers/STM32F1xx_HAL_Driver/Src/stm32f1xx_hal_uart.o

.debug_frame    0x0000000000000000     0x37d0
 .debug_frame   0x0000000000000000      0x808 Core/Src/GUI.o
 .debug_frame   0x0000000000000808     0x101c Core/Src/gfx.o
 .debug_frame   0x0000000000001824      0x1f0 Core/Src/lcd.o
 .debug_frame   0x0000000000001a14      0x17c Core/Src/main.o
 .debug_frame   0x0000000000001b90       0x80 Core/Src/stm32f1xx_hal_msp.o
 .debug_frame   0x0000000000001c10      0x128 Core/Src/stm32f1xx_it.o
 .debug_frame   0x0000000000001d38       0x58 Core/Src/system_stm32f1xx.o
 .debug_frame   0x0000000000001d90      0x334 Drivers/STM32F1xx_HAL_Driver/Src/stm32f1xx_hal.o
 .debug_frame   0x00000000000020c4      0x428 Drivers/STM32F1xx_HAL_Driver/Src/stm32f1xx_hal_cortex.o
 .debug_frame   0x00000000000024ec      0x208 Drivers/STM32F1xx_HAL_Driver/Src/stm32f1xx_hal_dma.o
 .debug_frame   0x00000000000026f4      0x14c Drivers/STM32F1xx_HAL_Driver/Src/stm32f1xx_hal_gpio.o
 .debug_frame   0x0000000000002840      0x21c Drivers/STM32F1xx_HAL_Driver/Src/stm32f1xx_hal_rcc.o
 .debug_frame   0x0000000000002a5c      0x834 Drivers/STM32F1xx_HAL_Driver/Src/stm32f1xx_hal_uart.o
 .debug_frame   0x0000000000003290       0x2c c:/st/stm32cubeide_1.4.0/stm32cubeide/plugins/com.st.stm32cube.ide.mcu.externaltools.gnu-tools-for-stm32.7-2018-q2-update.win32_1.4.0.202007081208/tools/bin/../lib/gcc/arm-none-eabi/7.3.1/../../../../arm-none-eabi/lib/thumb/v7-m\libc_nano.a(lib_a-init.o)
 .debug_frame   0x00000000000032bc       0x20 c:/st/stm32cubeide_1.4.0/stm32cubeide/plugins/com.st.stm32cube.ide.mcu.externaltools.gnu-tools-for-stm32.7-2018-q2-update.win32_1.4.0.202007081208/tools/bin/../lib/gcc/arm-none-eabi/7.3.1/../../../../arm-none-eabi/lib/thumb/v7-m\libc_nano.a(lib_a-memset.o)
 .debug_frame   0x00000000000032dc       0x2c c:/st/stm32cubeide_1.4.0/stm32cubeide/plugins/com.st.stm32cube.ide.mcu.externaltools.gnu-tools-for-stm32.7-2018-q2-update.win32_1.4.0.202007081208/tools/bin/../lib/gcc/arm-none-eabi/7.3.1/../../../../arm-none-eabi/lib/thumb/v7-m\libc_nano.a(lib_a-strncpy.o)
 .debug_frame   0x0000000000003308       0x34 c:/st/stm32cubeide_1.4.0/stm32cubeide/plugins/com.st.stm32cube.ide.mcu.externaltools.gnu-tools-for-stm32.7-2018-q2-update.win32_1.4.0.202007081208/tools/bin/../lib/gcc/arm-none-eabi/7.3.1/../../../../arm-none-eabi/lib/thumb/v7-m\libm.a(lib_a-s_cos.o)
 .debug_frame   0x000000000000333c       0x34 c:/st/stm32cubeide_1.4.0/stm32cubeide/plugins/com.st.stm32cube.ide.mcu.externaltools.gnu-tools-for-stm32.7-2018-q2-update.win32_1.4.0.202007081208/tools/bin/../lib/gcc/arm-none-eabi/7.3.1/../../../../arm-none-eabi/lib/thumb/v7-m\libm.a(lib_a-s_sin.o)
 .debug_frame   0x0000000000003370       0x40 c:/st/stm32cubeide_1.4.0/stm32cubeide/plugins/com.st.stm32cube.ide.mcu.externaltools.gnu-tools-for-stm32.7-2018-q2-update.win32_1.4.0.202007081208/tools/bin/../lib/gcc/arm-none-eabi/7.3.1/../../../../arm-none-eabi/lib/thumb/v7-m\libm.a(lib_a-e_rem_pio2.o)
 .debug_frame   0x00000000000033b0       0x3c c:/st/stm32cubeide_1.4.0/stm32cubeide/plugins/com.st.stm32cube.ide.mcu.externaltools.gnu-tools-for-stm32.7-2018-q2-update.win32_1.4.0.202007081208/tools/bin/../lib/gcc/arm-none-eabi/7.3.1/../../../../arm-none-eabi/lib/thumb/v7-m\libm.a(lib_a-k_cos.o)
 .debug_frame   0x00000000000033ec       0x44 c:/st/stm32cubeide_1.4.0/stm32cubeide/plugins/com.st.stm32cube.ide.mcu.externaltools.gnu-tools-for-stm32.7-2018-q2-update.win32_1.4.0.202007081208/tools/bin/../lib/gcc/arm-none-eabi/7.3.1/../../../../arm-none-eabi/lib/thumb/v7-m\libm.a(lib_a-k_rem_pio2.o)
 .debug_frame   0x0000000000003430       0x40 c:/st/stm32cubeide_1.4.0/stm32cubeide/plugins/com.st.stm32cube.ide.mcu.externaltools.gnu-tools-for-stm32.7-2018-q2-update.win32_1.4.0.202007081208/tools/bin/../lib/gcc/arm-none-eabi/7.3.1/../../../../arm-none-eabi/lib/thumb/v7-m\libm.a(lib_a-k_sin.o)
 .debug_frame   0x0000000000003470       0x20 c:/st/stm32cubeide_1.4.0/stm32cubeide/plugins/com.st.stm32cube.ide.mcu.externaltools.gnu-tools-for-stm32.7-2018-q2-update.win32_1.4.0.202007081208/tools/bin/../lib/gcc/arm-none-eabi/7.3.1/../../../../arm-none-eabi/lib/thumb/v7-m\libm.a(lib_a-s_fabs.o)
 .debug_frame   0x0000000000003490       0x34 c:/st/stm32cubeide_1.4.0/stm32cubeide/plugins/com.st.stm32cube.ide.mcu.externaltools.gnu-tools-for-stm32.7-2018-q2-update.win32_1.4.0.202007081208/tools/bin/../lib/gcc/arm-none-eabi/7.3.1/../../../../arm-none-eabi/lib/thumb/v7-m\libm.a(lib_a-s_floor.o)
 .debug_frame   0x00000000000034c4       0x30 c:/st/stm32cubeide_1.4.0/stm32cubeide/plugins/com.st.stm32cube.ide.mcu.externaltools.gnu-tools-for-stm32.7-2018-q2-update.win32_1.4.0.202007081208/tools/bin/../lib/gcc/arm-none-eabi/7.3.1/../../../../arm-none-eabi/lib/thumb/v7-m\libm.a(lib_a-s_scalbn.o)
 .debug_frame   0x00000000000034f4       0x2c c:/st/stm32cubeide_1.4.0/stm32cubeide/plugins/com.st.stm32cube.ide.mcu.externaltools.gnu-tools-for-stm32.7-2018-q2-update.win32_1.4.0.202007081208/tools/bin/../lib/gcc/arm-none-eabi/7.3.1/../../../../arm-none-eabi/lib/thumb/v7-m\libm.a(lib_a-s_copysign.o)
 .debug_frame   0x0000000000003520       0xac c:/st/stm32cubeide_1.4.0/stm32cubeide/plugins/com.st.stm32cube.ide.mcu.externaltools.gnu-tools-for-stm32.7-2018-q2-update.win32_1.4.0.202007081208/tools/bin/../lib/gcc/arm-none-eabi/7.3.1/thumb/v7-m\libgcc.a(_arm_addsubdf3.o)
 .debug_frame   0x00000000000035cc       0x50 c:/st/stm32cubeide_1.4.0/stm32cubeide/plugins/com.st.stm32cube.ide.mcu.externaltools.gnu-tools-for-stm32.7-2018-q2-update.win32_1.4.0.202007081208/tools/bin/../lib/gcc/arm-none-eabi/7.3.1/thumb/v7-m\libgcc.a(_arm_muldivdf3.o)
 .debug_frame   0x000000000000361c       0xc4 c:/st/stm32cubeide_1.4.0/stm32cubeide/plugins/com.st.stm32cube.ide.mcu.externaltools.gnu-tools-for-stm32.7-2018-q2-update.win32_1.4.0.202007081208/tools/bin/../lib/gcc/arm-none-eabi/7.3.1/thumb/v7-m\libgcc.a(_arm_cmpdf2.o)
 .debug_frame   0x00000000000036e0       0x24 c:/st/stm32cubeide_1.4.0/stm32cubeide/plugins/com.st.stm32cube.ide.mcu.externaltools.gnu-tools-for-stm32.7-2018-q2-update.win32_1.4.0.202007081208/tools/bin/../lib/gcc/arm-none-eabi/7.3.1/thumb/v7-m\libgcc.a(_arm_fixdfsi.o)
 .debug_frame   0x0000000000003704       0x24 c:/st/stm32cubeide_1.4.0/stm32cubeide/plugins/com.st.stm32cube.ide.mcu.externaltools.gnu-tools-for-stm32.7-2018-q2-update.win32_1.4.0.202007081208/tools/bin/../lib/gcc/arm-none-eabi/7.3.1/thumb/v7-m\libgcc.a(_arm_truncdfsf2.o)
 .debug_frame   0x0000000000003728       0x4c c:/st/stm32cubeide_1.4.0/stm32cubeide/plugins/com.st.stm32cube.ide.mcu.externaltools.gnu-tools-for-stm32.7-2018-q2-update.win32_1.4.0.202007081208/tools/bin/../lib/gcc/arm-none-eabi/7.3.1/thumb/v7-m\libgcc.a(_arm_addsubsf3.o)
 .debug_frame   0x0000000000003774       0x38 c:/st/stm32cubeide_1.4.0/stm32cubeide/plugins/com.st.stm32cube.ide.mcu.externaltools.gnu-tools-for-stm32.7-2018-q2-update.win32_1.4.0.202007081208/tools/bin/../lib/gcc/arm-none-eabi/7.3.1/thumb/v7-m\libgcc.a(_arm_muldivsf3.o)
 .debug_frame   0x00000000000037ac       0x24 c:/st/stm32cubeide_1.4.0/stm32cubeide/plugins/com.st.stm32cube.ide.mcu.externaltools.gnu-tools-for-stm32.7-2018-q2-update.win32_1.4.0.202007081208/tools/bin/../lib/gcc/arm-none-eabi/7.3.1/thumb/v7-m\libgcc.a(_arm_fixsfsi.o)
