Adafruit_GFX.c:108:11:pgm_read_glyph_ptr	16	static
Adafruit_GFX.c:112:10:pgm_read_bitmap_ptr	16	static
Adafruit_GFX.c:124:6:gfx_setCursor	16	static
Adafruit_GFX.c:137:7:gfx_setTextColor	16	static
Adafruit_GFX.c:146:8:gfx_setTextColor1	16	static
Adafruit_GFX.c:158:8:gfx_setTextWrap	16	static
Adafruit_GFX.c:174:9:gfx_cp437	16	static
Adafruit_GFX.c:182:12:gfx_width	4	static
Adafruit_GFX.c:190:12:gfx_height	4	static
Adafruit_GFX.c:198:12:gfx_getRotation	4	static
Adafruit_GFX.c:208:12:gfx_getCursorX	4	static
Adafruit_GFX.c:216:12:gfx_getCursorY	4	static
Adafruit_GFX.c:224:11:gfx_btn_press	16	static
Adafruit_GFX.c:235:6:gfx_btn_isPressed	4	static
Adafruit_GFX.c:244:10:gfx_canvas1_getBuffer	4	static
Adafruit_GFX.c:252:10:gfx_canvas8_getBuffer	4	static
Adafruit_GFX.c:260:12:gfx_canvas16_getBuffer	4	static
Adafruit_GFX.c:272:6:gfx_init	16	static
Adafruit_GFX.c:294:6:gfx_writeLine	48	static
Adafruit_GFX.c:338:6:gfx_startWrite	4	static
Adafruit_GFX.c:348:6:gfx_writePixel	16	static
Adafruit_GFX.c:362:6:gfx_writeFastVLine	24	static
Adafruit_GFX.c:379:6:gfx_writeFastHLine	24	static
Adafruit_GFX.c:397:6:gfx_writeFillRect	32	static
Adafruit_GFX.c:409:6:gfx_endWrite	4	static
Adafruit_GFX.c:421:6:gfx_drawFastVLine	32	static
Adafruit_GFX.c:437:6:gfx_drawFastHLine	32	static
Adafruit_GFX.c:454:6:gfx_fillRect	32	static
Adafruit_GFX.c:469:6:gfx_fillScreen	24	static
Adafruit_GFX.c:483:6:gfx_drawLine	40	static
Adafruit_GFX.c:509:6:gfx_drawCircle	40	static
Adafruit_GFX.c:555:6:gfx_drawCircleHelper	40	static
Adafruit_GFX.c:599:6:gfx_fillCircle	32	static
Adafruit_GFX.c:617:6:gfx_fillCircleHelper	40	static
Adafruit_GFX.c:667:6:gfx_drawRect	24	static
Adafruit_GFX.c:687:6:gfx_drawRoundRect	40	static
Adafruit_GFX.c:716:6:gfx_fillRoundRect	40	static
Adafruit_GFX.c:741:6:gfx_drawTriangle	32	static
Adafruit_GFX.c:759:6:gfx_fillTriangle	72	static
Adafruit_GFX.c:855:5:gfx_fillArc	104	static
Adafruit_GFX.c:907:6:gfx_drawBitmap	32	static
Adafruit_GFX.c:940:6:gfx_drawBitmap1	32	static
Adafruit_GFX.c:970:6:gfx_drawBitmap2	32	static
Adafruit_GFX.c:1003:6:gfx_drawBitmap3	32	static
Adafruit_GFX.c:1036:6:gfx_drawXBitmap	32	static
Adafruit_GFX.c:1069:6:gfx_drawGrayscaleBitmap	32	static
Adafruit_GFX.c:1091:6:gfx_drawGrayscaleBitmap1	32	static
Adafruit_GFX.c:1116:6:gfx_drawGrayscaleBitmap2	32	static
Adafruit_GFX.c:1149:6:gfx_drawGrayscaleBitmap3	32	static
Adafruit_GFX.c:1178:6:gfx_drawRGBBitmap	32	static
Adafruit_GFX.c:1199:6:gfx_drawRGBBitmap1	32	static
Adafruit_GFX.c:1223:6:gfx_drawRGBBitmap2	32	static
Adafruit_GFX.c:1255:6:gfx_drawRGBBitmap4	32	static
Adafruit_GFX.c:1288:6:gfx_drawChar	40	static
Adafruit_GFX.c:1306:6:gfx_drawChar1	64	static
Adafruit_GFX.c:1412:6:gfx_write	64	static
Adafruit_GFX.c:1457:6:gfx_print	16	static
Adafruit_GFX.c:1471:6:gfx_setTextSize	16	static
Adafruit_GFX.c:1481:6:gfx_setTextSize1	16	static
Adafruit_GFX.c:1492:6:gfx_setRotation	16	static
Adafruit_GFX.c:1514:6:gfx_setFont	16	static
Adafruit_GFX.c:1547:6:gfx_charBounds	64	static
Adafruit_GFX.c:1624:6:gfx_getTextBounds	64	static
Adafruit_GFX.c:1665:6:gfx_getTextBounds1	40	static
Adafruit_GFX.c:1677:6:gfx_invertDisplay	16	static
Adafruit_GFX.c:1689:6:gfx_btn_init	4	static
Adafruit_GFX.c:1707:6:gfx_btn_initButton	48	static
Adafruit_GFX.c:1730:6:gfx_btn_initButton1	48	static
Adafruit_GFX.c:1756:6:gfx_btn_initButtonUL	48	static
Adafruit_GFX.c:1782:6:gfx_btn_initButtonUL1	24	static
Adafruit_GFX.c:1807:6:gfx_btn_drawButton	48	static
Adafruit_GFX.c:1840:6:gfx_btn_contains	16	static
Adafruit_GFX.c:1851:6:gfx_btn_justPressed	4	static
Adafruit_GFX.c:1859:6:gfx_btn_justReleased	4	static
Adafruit_GFX.c:1895:6:gfx_canvas1_init	24	static
Adafruit_GFX.c:1908:6:gfx_canvas1_deinit	8	static
Adafruit_GFX.c:1921:6:gfx_canvas1_drawPixel	24	static
Adafruit_GFX.c:1968:6:gfx_canvas1_getPixel	24	static
Adafruit_GFX.c:2000:6:gfx_canvas1_getRawPixel	24	static
Adafruit_GFX.c:2022:6:gfx_canvas1_fillScreen	24	static
Adafruit_GFX.c:2038:6:gfx_canvas1_drawFastVLine	32	static
Adafruit_GFX.c:2094:6:gfx_canvas1_drawFastHLine	32	static
Adafruit_GFX.c:2149:6:gfx_canvas1_drawFastRawVLine	48	static
Adafruit_GFX.c:2188:6:gfx_canvas1_drawFastRawHLine	64	static
Adafruit_GFX.c:2252:6:gfx_canvas8_init	24	static
Adafruit_GFX.c:2265:6:gfx_canvas8_deinit	8	static
Adafruit_GFX.c:2278:6:gfx_canvas8_drawPixel	24	static
Adafruit_GFX.c:2313:9:gfx_canvas8_getPixel	24	static
Adafruit_GFX.c:2344:9:gfx_canvas8_getRawPixel	16	static
Adafruit_GFX.c:2359:6:gfx_canvas8_fillScreen	16	static
Adafruit_GFX.c:2375:6:gfx_canvas8_drawFastVLine	32	static
Adafruit_GFX.c:2431:6:gfx_canvas8_drawFastHLine	32	static
Adafruit_GFX.c:2488:6:gfx_canvas8_drawFastRawVLine	24	static
Adafruit_GFX.c:2508:6:gfx_canvas8_drawFastRawHLine	24	static
Adafruit_GFX.c:2521:6:gfx_canvas16_init	24	static
Adafruit_GFX.c:2534:6:gfx_canvas16_GFXcanvas16_deinit	8	static
Adafruit_GFX.c:2547:6:gfx_canvas16_drawPixel	24	static
Adafruit_GFX.c:2582:10:gfx_canvas16_getPixel	24	static
Adafruit_GFX.c:2613:10:gfx_canvas16_getRawPixel	16	static
Adafruit_GFX.c:2628:6:gfx_canvas16_fillScreen	32	static
Adafruit_GFX.c:2654:6:gfx_canvas16_byteSwap	16	static
Adafruit_GFX.c:2671:6:gfx_canvas16_drawFastVLine	32	static
Adafruit_GFX.c:2725:6:gfx_canvas16_drawFastHLine	32	static
Adafruit_GFX.c:2780:6:gfx_canvas16_drawFastRawVLine	24	static
Adafruit_GFX.c:2799:6:gfx_canvas16_drawFastRawHLine	24	static
Adafruit_GFX.c:2813:6:gfx_drawEllipse	56	static
Adafruit_GFX.c:2860:6:gfx_fillEllipse	56	static
