gfx.c:108:11:pgm_read_glyph_ptr	16	static
gfx.c:112:10:pgm_read_bitmap_ptr	16	static
gfx.c:124:6:gfx_setCursor	16	static
gfx.c:137:7:gfx_setTextColor	16	static
gfx.c:146:8:gfx_setTextColor1	16	static
gfx.c:158:8:gfx_setTextWrap	16	static
gfx.c:174:9:gfx_cp437	16	static
gfx.c:182:12:gfx_width	4	static
gfx.c:190:12:gfx_height	4	static
gfx.c:198:12:gfx_getRotation	4	static
gfx.c:208:12:gfx_getCursorX	4	static
gfx.c:216:12:gfx_getCursorY	4	static
gfx.c:224:11:gfx_btn_press	16	static
gfx.c:235:6:gfx_btn_isPressed	4	static
gfx.c:244:10:gfx_canvas1_getBuffer	4	static
gfx.c:252:10:gfx_canvas8_getBuffer	4	static
gfx.c:260:12:gfx_canvas16_getBuffer	4	static
gfx.c:272:6:gfx_init	16	static
gfx.c:294:6:gfx_writeLine	48	static
gfx.c:338:6:gfx_startWrite	4	static
gfx.c:348:6:gfx_writePixel	16	static
gfx.c:362:6:gfx_writeFastVLine	24	static
gfx.c:379:6:gfx_writeFastHLine	24	static
gfx.c:397:6:gfx_writeFillRect	32	static
gfx.c:409:6:gfx_endWrite	4	static
gfx.c:421:6:gfx_drawFastVLine	32	static
gfx.c:437:6:gfx_drawFastHLine	32	static
gfx.c:454:6:gfx_fillRect	32	static
gfx.c:469:6:gfx_fillScreen	24	static
gfx.c:483:6:gfx_drawLine	40	static
gfx.c:509:6:gfx_drawCircle	40	static
gfx.c:555:6:gfx_drawCircleHelper	40	static
gfx.c:599:6:gfx_fillCircle	32	static
gfx.c:617:6:gfx_fillCircleHelper	40	static
gfx.c:667:6:gfx_drawRect	24	static
gfx.c:687:6:gfx_drawRoundRect	40	static
gfx.c:716:6:gfx_fillRoundRect	40	static
gfx.c:741:6:gfx_drawTriangle	32	static
gfx.c:759:6:gfx_fillTriangle	72	static
gfx.c:855:5:gfx_fillArc	104	static
gfx.c:896:6:gfx_drawEllipse	56	static
gfx.c:943:6:gfx_fillEllipse	56	static
gfx.c:978:6:gfx_drawRectWithAngle	24	static
gfx.c:982:6:gfx_FillRectWithAngle	80	static
gfx.c:1027:6:gfx_drawBitmap	32	static
gfx.c:1060:6:gfx_drawBitmap1	32	static
gfx.c:1090:6:gfx_drawBitmap2	32	static
gfx.c:1123:6:gfx_drawBitmap3	32	static
gfx.c:1156:6:gfx_drawXBitmap	32	static
gfx.c:1189:6:gfx_drawGrayscaleBitmap	32	static
gfx.c:1211:6:gfx_drawGrayscaleBitmap1	32	static
gfx.c:1236:6:gfx_drawGrayscaleBitmap2	32	static
gfx.c:1269:6:gfx_drawGrayscaleBitmap3	32	static
gfx.c:1298:6:gfx_drawRGBBitmap	32	static
gfx.c:1319:6:gfx_drawRGBBitmap1	32	static
gfx.c:1343:6:gfx_drawRGBBitmap2	32	static
gfx.c:1375:6:gfx_drawRGBBitmap4	32	static
gfx.c:1408:6:gfx_drawChar	40	static
gfx.c:1426:6:gfx_drawChar1	64	static
gfx.c:1532:6:gfx_write	64	static
gfx.c:1577:6:gfx_print	16	static
gfx.c:1591:6:gfx_setTextSize	16	static
gfx.c:1601:6:gfx_setTextSize1	16	static
gfx.c:1612:6:gfx_setRotation	16	static
gfx.c:1634:6:gfx_setFont	16	static
gfx.c:1667:6:gfx_charBounds	64	static
gfx.c:1744:6:gfx_getTextBounds	64	static
gfx.c:1785:6:gfx_getTextBounds1	40	static
gfx.c:1797:6:gfx_invertDisplay	16	static
gfx.c:1809:6:gfx_btn_init	4	static
gfx.c:1827:6:gfx_btn_initButton	48	static
gfx.c:1850:6:gfx_btn_initButton1	48	static
gfx.c:1876:6:gfx_btn_initButtonUL	48	static
gfx.c:1902:6:gfx_btn_initButtonUL1	24	static
gfx.c:1927:6:gfx_btn_drawButton	48	static
gfx.c:1960:6:gfx_btn_contains	16	static
gfx.c:1971:6:gfx_btn_justPressed	4	static
gfx.c:1979:6:gfx_btn_justReleased	4	static
gfx.c:2015:6:gfx_canvas1_init	24	static
gfx.c:2028:6:gfx_canvas1_deinit	8	static
gfx.c:2041:6:gfx_canvas1_drawPixel	24	static
gfx.c:2088:6:gfx_canvas1_getPixel	24	static
gfx.c:2120:6:gfx_canvas1_getRawPixel	24	static
gfx.c:2142:6:gfx_canvas1_fillScreen	24	static
gfx.c:2158:6:gfx_canvas1_drawFastVLine	32	static
gfx.c:2214:6:gfx_canvas1_drawFastHLine	32	static
gfx.c:2269:6:gfx_canvas1_drawFastRawVLine	48	static
gfx.c:2308:6:gfx_canvas1_drawFastRawHLine	64	static
gfx.c:2372:6:gfx_canvas8_init	24	static
gfx.c:2385:6:gfx_canvas8_deinit	8	static
gfx.c:2398:6:gfx_canvas8_drawPixel	24	static
gfx.c:2433:9:gfx_canvas8_getPixel	24	static
gfx.c:2464:9:gfx_canvas8_getRawPixel	16	static
gfx.c:2479:6:gfx_canvas8_fillScreen	16	static
gfx.c:2495:6:gfx_canvas8_drawFastVLine	32	static
gfx.c:2551:6:gfx_canvas8_drawFastHLine	32	static
gfx.c:2608:6:gfx_canvas8_drawFastRawVLine	24	static
gfx.c:2628:6:gfx_canvas8_drawFastRawHLine	24	static
gfx.c:2641:6:gfx_canvas16_init	24	static
gfx.c:2654:6:gfx_canvas16_GFXcanvas16_deinit	8	static
gfx.c:2667:6:gfx_canvas16_drawPixel	24	static
gfx.c:2702:10:gfx_canvas16_getPixel	24	static
gfx.c:2733:10:gfx_canvas16_getRawPixel	16	static
gfx.c:2748:6:gfx_canvas16_fillScreen	32	static
gfx.c:2774:6:gfx_canvas16_byteSwap	16	static
gfx.c:2791:6:gfx_canvas16_drawFastVLine	32	static
gfx.c:2845:6:gfx_canvas16_drawFastHLine	32	static
gfx.c:2900:6:gfx_canvas16_drawFastRawVLine	24	static
gfx.c:2919:6:gfx_canvas16_drawFastRawHLine	24	static
