GUI.c:73:6:GUI_DrawPoint	16	static
GUI.c:90:6:LCD_Fill	32	static
GUI.c:114:6:LCD_DrawLine	64	static
GUI.c:160:6:LCD_DrawRectangle	24	static
GUI.c:178:6:LCD_DrawFillRectangle	32	static
GUI.c:194:6:LCD_DrawFillRectangleColor	32	static
GUI.c:210:6:_draw_circle_8	24	static
GUI.c:239:6:gui_circle	48	static
GUI.c:289:6:Draw_Triangel	24	static
GUI.c:296:13:_swap	24	static
GUI.c:316:6:Fill_Triangel	72	static
GUI.c:415:6:LCD_ShowChar	32	static
GUI.c:467:6:LCD_ShowString	48	static
GUI.c:487:5:mypow	24	static
GUI.c:505:6:LCD_ShowNum	56	static
GUI.c:537:6:GUI_DrawFont16	32	static
GUI.c:596:6:GUI_DrawFont24	32	static
GUI.c:652:6:GUI_DrawFont32	32	static
GUI.c:708:6:Show_Str	48	static
GUI.c:774:6:Gui_StrCenter	48	static
GUI.c:790:6:Gui_Drawbmp16	24	static
GUI.c:809:9:Get_Width	4	static
GUI.c:815:9:Get_Height	4	static
GUI.c:822:6:Draw_Pixe	16	static
GUI.c:833:6:Fill_Rect	32	static
GUI.c:886:6:Set_Draw_color	16	static
GUI.c:892:6:Draw_Pixel	16	static
GUI.c:898:6:Draw_Round_Rectangle	32	static
GUI.c:922:6:Fill_Round_Rectangle	40	static
GUI.c:942:6:Draw_Circle	32	static
GUI.c:979:6:Draw_Circle_Helper	40	static
GUI.c:1021:6:Fill_Circle	24	static
GUI.c:1028:6:Fill_Circle_Helper	40	static
GUI.c:1062:6:Draw_Fast_VLine	24	static
GUI.c:1068:6:Draw_Fast_HLine	24	static
GUI.c:1074:6:Set_Text_Cousur	16	static
GUI.c:1082:9:Get_Text_X_Cousur	4	static
GUI.c:1088:9:Get_Text_Y_Cousur	4	static
GUI.c:1094:6:Set_Text_colour	16	static
GUI.c:1101:10:Get_Text_colour	4	static
GUI.c:1107:6:Set_Text_Back_colour	16	static
GUI.c:1113:10:Get_Text_Back_colour	4	static
GUI.c:1119:6:Set_Text_Size	16	static
GUI.c:1125:9:Get_Text_Size	4	static
GUI.c:1131:6:Set_Text_Mode	16	static
GUI.c:1137:6:Get_Text_Mode	4	static
GUI.c:1143:6:Draw_Char	40	static
GUI.c:1197:8:lcd_Print	32	static
GUI.c:1237:6:lcd_Print_String	16	static
GUI.c:1243:6:lcd_Print_Number_Int	72	static
GUI.c:1309:6:Print_Number_Float	72	static
GUI.c:1370:8:lcd_write	48	static
GUI.c:1389:9:Get_Display_Width	8	static
GUI.c:1395:9:Get_Display_Height	8	static
